======================================================================
Processing province: TH.SG
Started: 2026-08-01T11:37:27+07:00
======================================================================
--> [TH.SG] Step 1: 1_fabdem_province.py
[1/5] Read GADM and select HASC_1=TH.SG
[2/5] Save province and clip FABDEM
[3/5] Generate contours every 100 m with GDAL 3.10.3
[4/5] Calculate statistics and write PDF
[5/5] Write DataFrame summaries

Completed successfully.
HASC_1   NAME_1  contours                                                                                    PDF
 TH.SG Songkhla      2936 /mnt/nvme1/Project/2026-EIT_LDP_Province/OUTPUT_FABDEM/TH_SG/TH_SG_fabdem_contours.pdf
--> [TH.SG] Step 2: 2_popu2025_grid.py
[1/4] Select GADM province HASC_1=TH.SG
[2/4] Save boundary and cut population grid
[3/4] Calculate population-grid statistics
[4/4] Write population-grid PDF and summaries

Completed successfully.
HASC_1   NAME_1  population_sum                                                                                         grid
 TH.SG Songkhla    1.629032e+06 /mnt/nvme1/Project/2026-EIT_LDP_Province/OUTPUT_POP2025/TH_SG/TH_SG_population_2025_100m.tif
--> [TH.SG] Step 3: 3_generate_sample.py
[1/4] Select GADM province HASC_1=TH.SG
 -> [READ] Loading Vector Dataset: OUTPUT_PROV/gadm41_THA.gpkg (Layer: 'ADM_ADM_1')
[2/4] Generate 1000.0m grid points
 -> Auto-detected EPSG:32647 for province.
 -> Generated 21,896 bounding box points.
 -> Clipping points to province boundary...
 -> Computing 7-digit Geohashes...
[3/4] Extracting Raster Values (FABDEM MSL & POP2025)...
 -> [READ] Opening Raster File: OUTPUT_FABDEM/TH_SG/TH_SG_fabdem.tif
 -> [READ] Opening Raster File for Area Sum: OUTPUT_POP2025/TH_SG/TH_SG_population_2025_100m.tif
 -> Converting geometries to Lng/Lat (EPSG:4326)...
[4/4] Save GeoPackage Data...
 -> [WRITE] Saving Vector File: /mnt/nvme1/Project/2026-EIT_LDP_Province/OUTPUT_SAMPL/TH_SG/TH_SG_SAMPL.gpkg (Layer: 'samples')

[5/5] Comparing POP2025 with DOPA Registration Population...

Completed successfully.
HASC_1  Grid (m)       CRS  Samples           Output   POP2025  DOPA_Pop    Diff
 TH.SG    1000.0 EPSG:4326     7608 TH_SG_SAMPL.gpkg 1,606,274 1,429,125 177,149
--> [TH.SG] Step 4: 4_analyse_ldp.py
LDP                                            [TM, 100:33]
FALSE_EN                                   [250000, -30000]
PP_MSL                                                  -40
GPKG         [OUTPUT_SAMPL/TH_SG/TH_SG_SAMPL.gpkg, samples]
OFFSET_PP      [0.0, default hPP from average topo or pnts]
dtype: object
 -> OUTLIER FILTER: Dropped 153 points.
 -> Dropped MSL values: [130, 144, 130, 130, 153, 107, 103, 92, 136, 75, 271, 175, 88, 73, 60, 149, 55, 128, 200, 283, 216, 54, 42, 45, 38, 33, 36, 31, 26, 47, 65, 49, 59, 72, 113, 131, 613, 590, 595, 602, 782, 797, 765, 777, 847, 754, 836, 809, 189, 621, 583, 378, 121, 98, 83, 118, 70, 247, 216, 248, 144, 92, 33, 68, 25, 27, 134, 42, 95, 100, 119, 113, 164, 129, 105, 91, 235, 115, 165, 160, 212, 254, 38, 59, 56, 67, 54, 52, 53, 40, 40, 37, 26, 23, 17, 42, 42, 18, 56, 47, 14, 13, 36, 31, 65, 42, 12, 47, 0, 6, 508, 515, 517, 355, 333, 728, 608, 155, 684, 736, 596, 626, 670, 602, 603, 616, 655, 662, 737, 230, 691, 664, 90, 330, 96, 57, 85, 151, 67, 63, 147, 142, 63, 20, 37, 152, 180, 412, 440, 21, 67, 101, 74]
 -> THINNING: Snapping points to 2 decimal grid...
 -> THINNING: Points reduced from 7455 to 6159.
 -> Using user-defined PP_MSL: -40.000m
==================================== LDP TM ====================================
@ Centroid @     <lng=100°33′>    <lat=06°56′>
Offset Projection Plane = +0.0 m. <default hPP from average topo or pnts>
Designed Project Plane : hPP=-54.20 m. / MSL=-40.00 m. tied to k0 = 0.999991
Points CSF min/mean/max [ppm] : -103.7 / -9.8 / +32.4
Points MSL min/mean/max [m.]  : +0.0 / +79.5 / +745.0
|      |       LDP_E |       LDP_N |
|:-----|------------:|------------:|
| min  | 195,806.137 | 665,918.334 |
| max  | 310,632.992 | 847,120.526 |
| diff | 114,826.855 | 181,202.192 |
{"meta": "LDP_Definition", "PROJ_String_Decimal": "+proj=tmerc +lat_0=0.0 +lon_0=100.55000000 +k_0=0.999991 +x_0=250000 +y_0=-30000 +ellps=WGS84 +units=m +no_defs +type=crs", "PROJ_String_DMS": "+proj=tmerc +lat_0=0.0 +lon_0=100°33′ +k_0=0.999991 +x_0=250000 +y_0=-30000 +ellps=WGS84 +units=m +no_defs +type=crs"}
Writing definition GPKG : OUTPUT_LDP/TH_SG/TH_SG_LDP.gpkg ...
Writing definition plot : OUTPUT_LDP/TH_SG/TH_SG_LDP.svg...
{"meta": "Coverage_Analysis", "Province": "TH.SG", "Total_Pts": 7608, "Valid_Pts": 4839, "Pt_Coverage(%)": 63.6, "Total_POP": 1606274.4501999998, "Valid_POP": 1280950.4162, "POP_Coverage(%)": 79.75, "CSF_Min_ppm": -20.0, "CSF_Mean_ppm": -3.9, "CSF_Max_ppm": 20.0}
--> [TH.SG] Step 5: 5_plot_PP_PctPopu.py
[TH.SG] Starting ProcessPoolExecutor with 16 offsets to compute (Mean MSL: 79.46 m)...
[TH.SG] OFFSET_PP [-200.00] computed successfully.
[TH.SG] OFFSET_PP [-180.00] computed successfully.
[TH.SG] OFFSET_PP [-160.00] computed successfully.
[TH.SG] OFFSET_PP [-140.00] computed successfully.
[TH.SG] OFFSET_PP [-120.00] computed successfully.
[TH.SG] OFFSET_PP [-100.00] computed successfully.
[TH.SG] OFFSET_PP [-80.00] computed successfully.
[TH.SG] OFFSET_PP [-60.00] computed successfully.
[TH.SG] OFFSET_PP [-40.00] computed successfully.
[TH.SG] OFFSET_PP [-20.00] computed successfully.
[TH.SG] OFFSET_PP [0.00] computed successfully.
[TH.SG] OFFSET_PP [20.00] computed successfully.
[TH.SG] OFFSET_PP [40.00] computed successfully.
[TH.SG] OFFSET_PP [60.00] computed successfully.
[TH.SG] OFFSET_PP [80.00] computed successfully.
[TH.SG] OFFSET_PP [100.00] computed successfully.

==================================== LDP Population Coverage Analysis: TH.SG ====================================
|   MSL_PP |   HAE_PP | Province   |   Total_Pts |   Valid_Pts |   Pt_Coverage(%) |   Total_POP |   Valid_POP |   POP_Coverage(%) |   CSF_Min_ppm |   CSF_Mean_ppm |   CSF_Max_ppm |
|---------:|---------:|:-----------|------------:|------------:|-----------------:|------------:|------------:|------------------:|--------------:|---------------:|--------------:|
|  -120.54 |  -134.74 | TH.SG      |        7608 |        3382 |            44.45 |   1,606,274 |     982,754 |             61.18 |         -20.0 |          -10.4 |         +19.0 |
|  -100.54 |  -114.74 | TH.SG      |        7608 |        3932 |            51.68 |   1,606,274 |   1,170,286 |             72.86 |         -20.0 |           -9.0 |         +19.7 |
|   -80.54 |   -94.74 | TH.SG      |        7608 |        4314 |            56.70 |   1,606,274 |   1,242,016 |             77.32 |         -20.0 |           -7.2 |         +19.9 |
|   -60.54 |   -74.74 | TH.SG      |        7608 |        4647 |            61.08 |   1,606,274 |   1,268,703 |             78.98 |         -20.0 |           -5.6 |         +20.0 |
|   -40.54 |   -54.74 | TH.SG      |        7608 |        4839 |            63.60 |   1,606,274 |   1,280,950 |             79.75 |         -20.0 |           -3.9 |         +20.0 |
|   -20.54 |   -34.74 | TH.SG      |        7608 |        4940 |            64.93 |   1,606,274 |   1,267,741 |             78.92 |         -19.9 |           -1.4 |         +20.0 |
|    -0.54 |   -14.74 | TH.SG      |        7608 |        4967 |            65.29 |   1,606,274 |   1,252,419 |             77.97 |         -20.0 |           +0.4 |         +19.9 |
|   +19.46 |    +5.26 | TH.SG      |        7608 |        4964 |            65.25 |   1,606,274 |   1,244,811 |             77.50 |         -20.0 |           +2.5 |         +19.9 |
|   +39.46 |   +25.26 | TH.SG      |        7608 |        4814 |            63.28 |   1,606,274 |   1,232,019 |             76.70 |         -19.9 |           +4.3 |         +20.0 |
|   +59.46 |   +45.26 | TH.SG      |        7608 |        4570 |            60.07 |   1,606,274 |   1,209,908 |             75.32 |         -20.0 |           +5.7 |         +20.0 |
|   +79.46 |   +65.26 | TH.SG      |        7608 |        4293 |            56.43 |   1,606,274 |   1,162,979 |             72.40 |         -20.0 |           +7.2 |         +20.0 |
|   +99.46 |   +85.26 | TH.SG      |        7608 |        3953 |            51.96 |   1,606,274 |   1,105,907 |             68.85 |         -19.9 |           +8.7 |         +20.0 |
|  +119.46 |  +105.26 | TH.SG      |        7608 |        3075 |            40.42 |   1,606,274 |     902,042 |             56.16 |         -19.8 |           +9.5 |         +20.0 |
|  +139.46 |  +125.26 | TH.SG      |        7608 |        2309 |            30.35 |   1,606,274 |     236,969 |             14.75 |         -19.8 |           +8.7 |         +20.0 |
|  +159.46 |  +145.26 | TH.SG      |        7608 |        1838 |            24.16 |   1,606,274 |     114,254 |              7.11 |         -19.9 |           +8.6 |         +20.0 |
|  +179.46 |  +165.26 | TH.SG      |        7608 |        1490 |            19.58 |   1,606,274 |      63,450 |              3.95 |         -19.8 |           +8.5 |         +20.0 |
==========================================================================================================================

 -> Plot saved successfully to: OUTPUT_LDP/TH_SG/TH_SG_Plot_PP_Popu.svg

--> [TH.SG] Step 6: 6_LDP_OnePage.py
Processing province: TH_SG
[+] TH_SG: One-Page Report generated successfully.
======================================================================
Completed province: TH.SG
Finished: 2026-08-01T11:42:01+07:00
======================================================================
