======================================================================
Processing province: TH.SK
Started: 2026-08-01T11:38:09+07:00
======================================================================
--> [TH.SK] Step 1: 1_fabdem_province.py
[1/5] Read GADM and select HASC_1=TH.SK
[2/5] Save province and clip FABDEM
[3/5] Generate contours every 100 m with GDAL 3.10.3
[4/5] Calculate statistics and write PDF
[5/5] Write DataFrame summaries

Completed successfully.
HASC_1  NAME_1  contours                                                                                    PDF
 TH.SK Sa Kaeo      1095 /mnt/nvme1/Project/2026-EIT_LDP_Province/OUTPUT_FABDEM/TH_SK/TH_SK_fabdem_contours.pdf
--> [TH.SK] Step 2: 2_popu2025_grid.py
[1/4] Select GADM province HASC_1=TH.SK
[2/4] Save boundary and cut population grid
[3/4] Calculate population-grid statistics
[4/4] Write population-grid PDF and summaries

Completed successfully.
HASC_1  NAME_1  population_sum                                                                                         grid
 TH.SK Sa Kaeo   586108.892914 /mnt/nvme1/Project/2026-EIT_LDP_Province/OUTPUT_POP2025/TH_SK/TH_SK_population_2025_100m.tif
--> [TH.SK] Step 3: 3_generate_sample.py
[1/4] Select GADM province HASC_1=TH.SK
 -> [READ] Loading Vector Dataset: OUTPUT_PROV/gadm41_THA.gpkg (Layer: 'ADM_ADM_1')
[2/4] Generate 1000.0m grid points
 -> Auto-detected EPSG:32648 for province.
 -> Generated 12,852 bounding box points.
 -> Clipping points to province boundary...
 -> Computing 7-digit Geohashes...
[3/4] Extracting Raster Values (FABDEM MSL & POP2025)...
 -> [READ] Opening Raster File: OUTPUT_FABDEM/TH_SK/TH_SK_fabdem.tif
 -> [READ] Opening Raster File for Area Sum: OUTPUT_POP2025/TH_SK/TH_SK_population_2025_100m.tif
 -> Converting geometries to Lng/Lat (EPSG:4326)...
[4/4] Save GeoPackage Data...
 -> [WRITE] Saving Vector File: /mnt/nvme1/Project/2026-EIT_LDP_Province/OUTPUT_SAMPL/TH_SK/TH_SK_SAMPL.gpkg (Layer: 'samples')

[5/5] Comparing POP2025 with DOPA Registration Population...

Completed successfully.
HASC_1  Grid (m)       CRS  Samples           Output POP2025 DOPA_Pop   Diff
 TH.SK    1000.0 EPSG:4326     6872 TH_SK_SAMPL.gpkg 584,042  560,847 23,195
--> [TH.SK] Step 4: 4_analyse_ldp.py
LDP                                            [TM, 102:19]
FALSE_EN                                  [250000, -770000]
PP_MSL                                                   20
GPKG         [OUTPUT_SAMPL/TH_SK/TH_SK_SAMPL.gpkg, samples]
OFFSET_PP      [0.0, default hPP from average topo or pnts]
dtype: object
 -> OUTLIER FILTER: Dropped 141 points.
 -> Dropped MSL values: [-9999, -9999, -9999, 368, 292, 290, 288, 293, 491, 384, 289, 229, 190, 534, 420, 438, 288, 230, 213, 227, 562, 525, 210, 434, 269, 200, 302, 265, 152, 113, 120, 125, 331, 366, 298, 204, 214, 256, 276, 247, 297, 251, 328, 266, 376, 395, 342, 254, 239, 241, 228, 184, 157, 206, 194, 329, 231, 253, 197, 199, 183, 125, 118, 258, 248, 97, 110, 134, 100, 97, 79, 175, 198, 239, 273, 156, 169, 148, 207, 179, 120, 197, 225, 252, 151, 133, 169, 218, 204, 64, 71, 30, 46, 44, 619, 730, 97, 90, 85, 133, 654, 130, 428, 112, 745, 199, 736, 780, 770, 702, 642, 761, 607, 651, 689, 796, 33, 33, 120, 501, 612, 563, 103, 172, 120, 179, 135, 123, 150, 141, 128, 413, 160, 132, 176, 132, 181, 119, 166, 197, 156]
 -> THINNING: Snapping points to 2 decimal grid...
 -> THINNING: Points reduced from 6731 to 5649.
 -> Using user-defined PP_MSL: 20.000m
==================================== LDP TM ====================================
@ Centroid @     <lng=102°19′>    <lat=13°47′>
Offset Projection Plane = +0.0 m. <default hPP from average topo or pnts>
Designed Project Plane : hPP=-4.53 m. / MSL=+20.00 m. tied to k0 = 0.999999
Points CSF min/mean/max [ppm] : -111.2 / -6.9 / +44.4
Points MSL min/mean/max [m.]  : +18.0 / +117.2 / +727.0
|      |       LDP_E |       LDP_N |
|:-----|------------:|------------:|
| min  | 201,485.099 | 695,719.744 |
| max  | 316,660.309 | 797,821.827 |
| diff | 115,175.210 | 102,102.083 |
{"meta": "LDP_Definition", "PROJ_String_Decimal": "+proj=tmerc +lat_0=0.0 +lon_0=102.31666667 +k_0=0.999999 +x_0=250000 +y_0=-770000 +ellps=WGS84 +units=m +no_defs +type=crs", "PROJ_String_DMS": "+proj=tmerc +lat_0=0.0 +lon_0=102°19′ +k_0=0.999999 +x_0=250000 +y_0=-770000 +ellps=WGS84 +units=m +no_defs +type=crs"}
Writing definition GPKG : OUTPUT_LDP/TH_SK/TH_SK_LDP.gpkg ...
Writing definition plot : OUTPUT_LDP/TH_SK/TH_SK_LDP.svg...
{"meta": "Coverage_Analysis", "Province": "TH.SK", "Total_Pts": 6872, "Valid_Pts": 4550, "Pt_Coverage(%)": 66.21, "Total_POP": 584041.9344, "Valid_POP": 446553.83030000003, "POP_Coverage(%)": 76.46, "CSF_Min_ppm": -20.0, "CSF_Mean_ppm": -1.9, "CSF_Max_ppm": 20.0}
--> [TH.SK] Step 5: 5_plot_PP_PctPopu.py
[TH.SK] Starting ProcessPoolExecutor with 16 offsets to compute (Mean MSL: 117.16 m)...
[TH.SK] OFFSET_PP [-200.00] computed successfully.
[TH.SK] OFFSET_PP [-180.00] computed successfully.
[TH.SK] OFFSET_PP [-160.00] computed successfully.
[TH.SK] OFFSET_PP [-140.00] computed successfully.
[TH.SK] OFFSET_PP [-120.00] computed successfully.
[TH.SK] OFFSET_PP [-100.00] computed successfully.
[TH.SK] OFFSET_PP [-80.00] computed successfully.
[TH.SK] OFFSET_PP [-60.00] computed successfully.
[TH.SK] OFFSET_PP [-40.00] computed successfully.
[TH.SK] OFFSET_PP [-20.00] computed successfully.
[TH.SK] OFFSET_PP [0.00] computed successfully.
[TH.SK] OFFSET_PP [20.00] computed successfully.
[TH.SK] OFFSET_PP [40.00] computed successfully.
[TH.SK] OFFSET_PP [60.00] computed successfully.
[TH.SK] OFFSET_PP [80.00] computed successfully.
[TH.SK] OFFSET_PP [100.00] computed successfully.

==================================== LDP Population Coverage Analysis: TH.SK ====================================
|   MSL_PP |   HAE_PP | Province   |   Total_Pts |   Valid_Pts |   Pt_Coverage(%) |   Total_POP |   Valid_POP |   POP_Coverage(%) |   CSF_Min_ppm |   CSF_Mean_ppm |   CSF_Max_ppm |
|---------:|---------:|:-----------|------------:|------------:|-----------------:|------------:|------------:|------------------:|--------------:|---------------:|--------------:|
|   -82.84 |  -107.37 | TH.SK      |        6872 |        2612 |            38.01 |     584,042 |     300,284 |             51.41 |         -20.0 |           -9.1 |         +19.9 |
|   -62.84 |   -87.37 | TH.SK      |        6872 |        3240 |            47.15 |     584,042 |     345,713 |             59.19 |         -20.0 |           -8.9 |         +19.7 |
|   -42.84 |   -67.37 | TH.SK      |        6872 |        3826 |            55.68 |     584,042 |     401,748 |             68.79 |         -20.0 |           -8.1 |         +20.0 |
|   -22.84 |   -47.37 | TH.SK      |        6872 |        4274 |            62.19 |     584,042 |     434,422 |             74.38 |         -20.0 |           -5.9 |         +20.0 |
|    -2.84 |   -27.37 | TH.SK      |        6872 |        4454 |            64.81 |     584,042 |     441,803 |             75.65 |         -20.0 |           -3.9 |         +20.0 |
|   +17.16 |    -7.37 | TH.SK      |        6872 |        4550 |            66.21 |     584,042 |     446,554 |             76.46 |         -20.0 |           -1.9 |         +20.0 |
|   +37.16 |   +12.63 | TH.SK      |        6872 |        4532 |            65.95 |     584,042 |     440,970 |             75.50 |         -20.0 |           -0.1 |         +20.0 |
|   +57.16 |   +32.63 | TH.SK      |        6872 |        4435 |            64.54 |     584,042 |     427,893 |             73.26 |         -19.9 |           +1.9 |         +19.9 |
|   +77.16 |   +52.63 | TH.SK      |        6872 |        4280 |            62.28 |     584,042 |     409,819 |             70.17 |         -20.0 |           +3.7 |         +20.0 |
|   +97.16 |   +72.63 | TH.SK      |        6872 |        4084 |            59.43 |     584,042 |     385,416 |             65.99 |         -19.9 |           +5.4 |         +20.0 |
|  +117.16 |   +92.63 | TH.SK      |        6872 |        3717 |            54.09 |     584,042 |     327,266 |             56.03 |         -19.9 |           +7.7 |         +20.0 |
|  +137.16 |  +112.63 | TH.SK      |        6872 |        3360 |            48.89 |     584,042 |     266,513 |             45.63 |         -20.0 |           +9.2 |         +20.0 |
|  +157.16 |  +132.63 | TH.SK      |        6872 |        2926 |            42.58 |     584,042 |     206,062 |             35.28 |         -19.8 |          +10.4 |         +20.0 |
|  +177.16 |  +152.63 | TH.SK      |        6872 |        2390 |            34.78 |     584,042 |     162,145 |             27.76 |         -20.0 |          +11.1 |         +20.0 |
|  +197.16 |  +172.63 | TH.SK      |        6872 |        1721 |            25.04 |     584,042 |     110,504 |             18.92 |         -20.0 |          +10.6 |         +20.0 |
|  +217.16 |  +192.63 | TH.SK      |        6872 |        1239 |            18.03 |     584,042 |      59,838 |             10.25 |         -20.0 |           +9.4 |         +20.0 |
==========================================================================================================================

 -> Plot saved successfully to: OUTPUT_LDP/TH_SK/TH_SK_Plot_PP_Popu.svg

--> [TH.SK] Step 6: 6_LDP_OnePage.py
Processing province: TH_SK
[+] TH_SK: One-Page Report generated successfully.
======================================================================
Completed province: TH.SK
Finished: 2026-08-01T11:43:07+07:00
======================================================================
