======================================================================
Processing province: TH.YS
Started: 2026-08-07T14:53:34+07:00
======================================================================
--> [TH.YS] Step 1: 1_fabdem_province.py
[1/5] Read GADM and select HASC_1=TH.YS
[2/5] Save province and clip FABDEM
[3/5] Generate contours every 100 m with GDAL 3.10.3
[4/5] Calculate statistics and write PDF
[5/5] Write DataFrame summaries

Completed successfully.
HASC_1   NAME_1  contours                                                                                    PDF
 TH.YS Yasothon       359 /mnt/nvme1/Project/2026-EIT_LDP_Province/OUTPUT_FABDEM/TH_YS/TH_YS_fabdem_contours.pdf
--> [TH.YS] Step 2: 2_popu2025_grid.py
[1/4] Select GADM province HASC_1=TH.YS
[2/4] Save boundary and cut population grid
[3/4] Calculate population-grid statistics
[4/4] Write population-grid PDF and summaries

Completed successfully.
HASC_1   NAME_1  population_sum                                                                                         grid
 TH.YS Yasothon   400901.504554 /mnt/nvme1/Project/2026-EIT_LDP_Province/OUTPUT_POP2025/TH_YS/TH_YS_population_2025_100m.tif
--> [TH.YS] Step 3: 3_generate_sample.py
[1/4] Select GADM province HASC_1=TH.YS
 -> [READ] Loading Vector Dataset: OUTPUT_PROV/gadm41_THA.gpkg (Layer: 'ADM_ADM_1')
[2/4] Generate 1000.0m grid points
 -> Auto-detected EPSG:32648 for province.
 -> Generated 10,829 bounding box points.
 -> Clipping points to province boundary...
 -> Computing 7-digit Geohashes...
[3/4] Extracting Raster Values (FABDEM MSL & POP2025)...
 -> [READ] Opening Raster File: OUTPUT_FABDEM/TH_YS/TH_YS_fabdem.tif
 -> [READ] Opening Raster File for Area Sum: OUTPUT_POP2025/TH_YS/TH_YS_population_2025_100m.tif
 -> Converting geometries to Lng/Lat (EPSG:4326)...
[4/4] Save GeoPackage Data...
 -> [WRITE] Saving Vector File: /mnt/nvme1/Project/2026-EIT_LDP_Province/OUTPUT_SAMPL/TH_YS/TH_YS_SAMPL.gpkg (Layer: 'samples')

[5/5] Comparing POP2025 with DOPA Registration Population...

Completed successfully.
HASC_1  Grid (m)       CRS  Samples           Output POP2025 DOPA_Pop     Diff
 TH.YS    1000.0 EPSG:4326     4097 TH_YS_SAMPL.gpkg 399,504  522,819 -123,315
--> [TH.YS] Step 4: 4_analyse_ldp.py
LDP                                            [TM, 104:21]
FALSE_EN                                 [290000, -1000000]
PP_MSL                                                  110
GPKG         [OUTPUT_SAMPL/TH_YS/TH_YS_SAMPL.gpkg, samples]
OFFSET_PP      [0.0, default hPP from average topo or pnts]
dtype: object
 -> OUTLIER FILTER: Dropped 85 points.
 -> Dropped MSL values: [-9999, -9999, -9999, 138, 134, 133, 136, 133, 116, 133, 135, 128, 127, 129, 133, 131, 126, 135, 128, 138, 129, 115, 115, 127, 127, 115, 127, 115, 115, 128, 128, 132, 115, 128, 131, 132, 133, 116, 116, 131, 145, 132, 127, 127, 124, 142, 140, 137, 136, 124, 131, 131, 130, 171, 135, 134, 132, 156, 157, 162, 176, 351, 117, 203, 213, 212, 215, 194, 199, 194, 269, 208, 208, 229, 323, 285, 260, 280, 208, 274, 339, 273, 287, 265, 376]
 -> THINNING: Snapping points to 2 decimal grid...
 -> THINNING: Points reduced from 4012 to 3395.
 -> Using user-defined PP_MSL: 110.000m
==================================== LDP TM ====================================
@ Centroid @     <lng=104°20′>    <lat=15°54′>
Offset Projection Plane = +0.0 m. <default hPP from average topo or pnts>
Designed Project Plane : hPP=+85.43 m. / MSL=+110.00 m. tied to k0 = 1.000013
Points CSF min/mean/max [ppm] : -33.5 / -3.2 / +20.5
Points MSL min/mean/max [m.]  : +115.0 / +148.2 / +322.0
|      |       LDP_E |       LDP_N |
|:-----|------------:|------------:|
| min  | 253,599.684 | 691,608.525 |
| max  | 340,518.622 | 807,662.636 |
| diff |  86,918.937 | 116,054.111 |
{"meta": "LDP_Definition", "PROJ_String_Decimal": "+proj=tmerc +lat_0=0.0 +lon_0=104.35000000 +k_0=1.000013 +x_0=290000 +y_0=-1000000 +ellps=WGS84 +units=m +no_defs +type=crs", "PROJ_String_DMS": "+proj=tmerc +lat_0=0.0 +lon_0=104°21′ +k_0=1.000013 +x_0=290000 +y_0=-1000000 +ellps=WGS84 +units=m +no_defs +type=crs"}
Writing definition GPKG : OUTPUT_LDP/TH_YS/TH_YS_LDP.gpkg ...
Writing definition plot : OUTPUT_LDP/TH_YS/TH_YS_LDP.svg...
{"meta": "Coverage_Analysis", "Province": "TH.YS", "Total_Pts": 4097, "Valid_Pts": 3370, "Pt_Coverage(%)": 82.26, "Total_POP": 399504.02650000004, "Valid_POP": 331503.0181, "POP_Coverage(%)": 82.98, "CSF_Min_ppm": -19.9, "CSF_Mean_ppm": -3.0, "CSF_Max_ppm": 19.8}
--> [TH.YS] Step 5: 5_plot_PP_PctPopu.py
[TH.YS] Starting ProcessPoolExecutor with 16 offsets to compute (Mean MSL: 148.16 m)...
[TH.YS] OFFSET_PP [-200.00] computed successfully.
[TH.YS] OFFSET_PP [-180.00] computed successfully.
[TH.YS] OFFSET_PP [-160.00] computed successfully.
[TH.YS] OFFSET_PP [-140.00] computed successfully.
[TH.YS] OFFSET_PP [-120.00] computed successfully.
[TH.YS] OFFSET_PP [-100.00] computed successfully.
[TH.YS] OFFSET_PP [-80.00] computed successfully.
[TH.YS] OFFSET_PP [-60.00] computed successfully.
[TH.YS] OFFSET_PP [-40.00] computed successfully.
[TH.YS] OFFSET_PP [-20.00] computed successfully.
[TH.YS] OFFSET_PP [0.00] computed successfully.
[TH.YS] OFFSET_PP [20.00] computed successfully.
[TH.YS] OFFSET_PP [40.00] computed successfully.
[TH.YS] OFFSET_PP [60.00] computed successfully.
[TH.YS] OFFSET_PP [80.00] computed successfully.
[TH.YS] OFFSET_PP [100.00] computed successfully.

==================================== LDP Population Coverage Analysis: TH.YS ====================================
|   MSL_PP |   HAE_PP | Province   |   Total_Pts |   Valid_Pts |   Pt_Coverage(%) |   Total_POP |   Valid_POP |   POP_Coverage(%) |   CSF_Min_ppm |   CSF_Mean_ppm |   CSF_Max_ppm |
|---------:|---------:|:-----------|------------:|------------:|-----------------:|------------:|------------:|------------------:|--------------:|---------------:|--------------:|
|   -51.84 |   -76.40 | TH.YS      |        4097 |         194 |             4.74 |     399,504 |      15,873 |              3.97 |         -20.0 |          -15.5 |          -4.5 |
|   -31.84 |   -56.40 | TH.YS      |        4097 |         420 |            10.25 |     399,504 |      65,443 |             16.38 |         -20.0 |          -15.8 |          -1.5 |
|   -11.84 |   -36.40 | TH.YS      |        4097 |         897 |            21.89 |     399,504 |     114,951 |             28.77 |         -20.0 |          -15.9 |          +1.5 |
|    +8.16 |   -16.40 | TH.YS      |        4097 |        2079 |            50.74 |     399,504 |     228,362 |             57.16 |         -20.0 |          -16.0 |          +4.5 |
|   +28.16 |    +3.60 | TH.YS      |        4097 |        2857 |            69.73 |     399,504 |     292,896 |             73.31 |         -20.0 |          -13.6 |          +8.5 |
|   +48.16 |   +23.60 | TH.YS      |        4097 |        3174 |            77.47 |     399,504 |     320,563 |             80.24 |         -20.0 |          -11.4 |         +11.5 |
|   +68.16 |   +43.60 | TH.YS      |        4097 |        3321 |            81.06 |     399,504 |     328,854 |             82.32 |         -20.0 |           -8.8 |         +14.5 |
|   +88.16 |   +63.60 | TH.YS      |        4097 |        3359 |            81.99 |     399,504 |     330,722 |             82.78 |         -19.9 |           -6.0 |         +17.5 |
|  +108.16 |   +83.60 | TH.YS      |        4097 |        3370 |            82.26 |     399,504 |     331,503 |             82.98 |         -19.9 |           -3.0 |         +19.8 |
|  +128.16 |  +103.60 | TH.YS      |        4097 |        3364 |            82.11 |     399,504 |     330,653 |             82.77 |         -19.4 |           -0.1 |         +20.0 |
|  +148.16 |  +123.60 | TH.YS      |        4097 |        3359 |            81.99 |     399,504 |     330,596 |             82.75 |         -19.7 |           +2.8 |         +19.5 |
|  +168.16 |  +143.60 | TH.YS      |        4097 |        3318 |            80.99 |     399,504 |     328,472 |             82.22 |         -19.8 |           +6.5 |         +19.9 |
|  +188.16 |  +163.60 | TH.YS      |        4097 |        3251 |            79.35 |     399,504 |     320,822 |             80.31 |         -19.4 |           +9.2 |         +20.0 |
|  +208.16 |  +183.60 | TH.YS      |        4097 |        3135 |            76.52 |     399,504 |     309,554 |             77.48 |         -17.5 |          +11.9 |         +20.0 |
|  +228.16 |  +203.60 | TH.YS      |        4097 |        2859 |            69.78 |     399,504 |     253,759 |             63.52 |         -14.5 |          +14.2 |         +20.0 |
|  +248.16 |  +223.60 | TH.YS      |        4097 |        2120 |            51.75 |     399,504 |     185,713 |             46.49 |         -11.5 |          +15.9 |         +20.0 |
==========================================================================================================================

 -> Plot saved successfully to: OUTPUT_LDP/TH_YS/TH_YS_Plot_PP_Popu.svg

--> [TH.YS] Step 6: 6_LDP_OnePage.py
Processing province: TH_YS
[+] TH_YS: One-Page Report generated successfully.
======================================================================
Completed province: TH.YS
Finished: 2026-08-07T14:55:54+07:00
======================================================================
