======================================================================
Processing province: TH.LN
Started: 2026-08-01T11:24:18+07:00
======================================================================
--> [TH.LN] Step 1: 1_fabdem_province.py
[1/5] Read GADM and select HASC_1=TH.LN
[2/5] Save province and clip FABDEM
[3/5] Generate contours every 100 m with GDAL 3.10.3
[4/5] Calculate statistics and write PDF
[5/5] Write DataFrame summaries

Completed successfully.
HASC_1  NAME_1  contours                                                                                    PDF
 TH.LN Lamphun      2508 /mnt/nvme1/Project/2026-EIT_LDP_Province/OUTPUT_FABDEM/TH_LN/TH_LN_fabdem_contours.pdf
--> [TH.LN] Step 2: 2_popu2025_grid.py
[1/4] Select GADM province HASC_1=TH.LN
[2/4] Save boundary and cut population grid
[3/4] Calculate population-grid statistics
[4/4] Write population-grid PDF and summaries

Completed successfully.
HASC_1  NAME_1  population_sum                                                                                         grid
 TH.LN Lamphun   393059.552208 /mnt/nvme1/Project/2026-EIT_LDP_Province/OUTPUT_POP2025/TH_LN/TH_LN_population_2025_100m.tif
--> [TH.LN] Step 3: 3_generate_sample.py
[1/4] Select GADM province HASC_1=TH.LN
 -> [READ] Loading Vector Dataset: OUTPUT_PROV/gadm41_THA.gpkg (Layer: 'ADM_ADM_1')
[2/4] Generate 1000.0m grid points
 -> Auto-detected EPSG:32647 for province.
 -> Generated 10,368 bounding box points.
 -> Clipping points to province boundary...
 -> Computing 7-digit Geohashes...
[3/4] Extracting Raster Values (FABDEM MSL & POP2025)...
 -> [READ] Opening Raster File: OUTPUT_FABDEM/TH_LN/TH_LN_fabdem.tif
 -> [READ] Opening Raster File for Area Sum: OUTPUT_POP2025/TH_LN/TH_LN_population_2025_100m.tif
 -> Converting geometries to Lng/Lat (EPSG:4326)...
[4/4] Save GeoPackage Data...
 -> [WRITE] Saving Vector File: /mnt/nvme1/Project/2026-EIT_LDP_Province/OUTPUT_SAMPL/TH_LN/TH_LN_SAMPL.gpkg (Layer: 'samples')

[5/5] Comparing POP2025 with DOPA Registration Population...

Completed successfully.
HASC_1  Grid (m)       CRS  Samples           Output POP2025 DOPA_Pop   Diff
 TH.LN    1000.0 EPSG:4326     4493 TH_LN_SAMPL.gpkg 389,415  394,944 -5,529
--> [TH.LN] Step 4: 4_analyse_ldp.py
LDP                                             [TM, 98:57]
FALSE_EN                                               AUTO
PP_MSL                                                  370
GPKG         [OUTPUT_SAMPL/TH_LN/TH_LN_SAMPL.gpkg, samples]
OFFSET_PP      [0.0, default hPP from average topo or pnts]
dtype: object
 -> OUTLIER FILTER: Dropped 94 points.
 -> Dropped MSL values: [-9999, -9999, -9999, -9999, 721, 798, 691, 809, 806, 788, 995, 916, 889, 576, 898, 862, 571, 556, 560, 549, 1074, 946, 983, 992, 968, 995, 682, 894, 1056, 840, 300, 296, 286, 231, 282, 298, 305, 1207, 356, 304, 290, 245, 535, 352, 882, 909, 895, 1187, 864, 830, 872, 1213, 400, 399, 1002, 884, 913, 990, 891, 540, 1272, 342, 372, 513, 453, 1002, 1018, 962, 934, 975, 846, 863, 1176, 1165, 1165, 1135, 1036, 939, 1038, 1270, 915, 1103, 789, 411, 553, 550, 384, 550, 374, 397, 1000, 982, 861, 754]
 -> THINNING: Snapping points to 2 decimal grid...
 -> THINNING: Points reduced from 4399 to 3779.
 -> Using user-defined PP_MSL: 370.000m
 -> AUTO detected FALSE_EN: E: 50000, N: -1500000
==================================== LDP TM ====================================
@ Centroid @     <lng=98°57′>    <lat=18°07′>
Offset Projection Plane = +0.0 m. <default hPP from average topo or pnts>
Designed Project Plane : hPP=+331.94 m. / MSL=+370.00 m. tied to k0 = 1.000052
Points CSF min/mean/max [ppm] : -124.8 / -22.5 / +26.1
Points MSL min/mean/max [m.]  : +233.0 / +527.4 / +1180.0
|      |      LDP_E |       LDP_N |
|:-----|-----------:|------------:|
| min  | 21,270.470 | 428,864.127 |
| max  | 87,294.255 | 568,941.447 |
| diff | 66,023.785 | 140,077.320 |
{"meta": "LDP_Definition", "PROJ_String_Decimal": "+proj=tmerc +lat_0=0.0 +lon_0=98.95000000 +k_0=1.000052 +x_0=50000 +y_0=-1500000 +ellps=WGS84 +units=m +no_defs +type=crs", "PROJ_String_DMS": "+proj=tmerc +lat_0=0.0 +lon_0=98°57′ +k_0=1.000052 +x_0=50000 +y_0=-1500000 +ellps=WGS84 +units=m +no_defs +type=crs"}
Writing definition GPKG : OUTPUT_LDP/TH_LN/TH_LN_LDP.gpkg ...
Writing definition plot : OUTPUT_LDP/TH_LN/TH_LN_LDP.svg...
{"meta": "Coverage_Analysis", "Province": "TH.LN", "Total_Pts": 4493, "Valid_Pts": 1800, "Pt_Coverage(%)": 40.06, "Total_POP": 389414.6561, "Valid_POP": 303851.8368, "POP_Coverage(%)": 78.03, "CSF_Min_ppm": -20.0, "CSF_Mean_ppm": -0.0, "CSF_Max_ppm": 20.0}
--> [TH.LN] Step 5: 5_plot_PP_PctPopu.py
[TH.LN] Starting ProcessPoolExecutor with 16 offsets to compute (Mean MSL: 527.39 m)...
[TH.LN] OFFSET_PP [-200.00] computed successfully.
[TH.LN] OFFSET_PP [-180.00] computed successfully.
[TH.LN] OFFSET_PP [-160.00] computed successfully.
[TH.LN] OFFSET_PP [-140.00] computed successfully.
[TH.LN] OFFSET_PP [-120.00] computed successfully.
[TH.LN] OFFSET_PP [-100.00] computed successfully.
[TH.LN] OFFSET_PP [-80.00] computed successfully.
[TH.LN] OFFSET_PP [-60.00] computed successfully.
[TH.LN] OFFSET_PP [-40.00] computed successfully.
[TH.LN] OFFSET_PP [-20.00] computed successfully.
[TH.LN] OFFSET_PP [0.00] computed successfully.
[TH.LN] OFFSET_PP [20.00] computed successfully.
[TH.LN] OFFSET_PP [40.00] computed successfully.
[TH.LN] OFFSET_PP [60.00] computed successfully.
[TH.LN] OFFSET_PP [80.00] computed successfully.
[TH.LN] OFFSET_PP [100.00] computed successfully.

==================================== LDP Population Coverage Analysis: TH.LN ====================================
|   MSL_PP |   HAE_PP | Province   |   Total_Pts |   Valid_Pts |   Pt_Coverage(%) |   Total_POP |   Valid_POP |   POP_Coverage(%) |   CSF_Min_ppm |   CSF_Mean_ppm |   CSF_Max_ppm |
|---------:|---------:|:-----------|------------:|------------:|-----------------:|------------:|------------:|------------------:|--------------:|---------------:|--------------:|
|  +327.39 |  +289.33 | TH.LN      |        4493 |        1509 |            33.59 |     389,415 |     293,579 |             75.39 |         -20.0 |           -2.5 |         +19.1 |
|  +347.39 |  +309.33 | TH.LN      |        4493 |        1679 |            37.37 |     389,415 |     301,823 |             77.51 |         -20.0 |           -1.0 |         +19.9 |
|  +367.39 |  +329.33 | TH.LN      |        4493 |        1800 |            40.06 |     389,415 |     303,852 |             78.03 |         -20.0 |           -0.0 |         +20.0 |
|  +387.39 |  +349.33 | TH.LN      |        4493 |        1941 |            43.20 |     389,415 |     303,832 |             78.02 |         -20.0 |           +0.4 |         +20.0 |
|  +407.39 |  +369.33 | TH.LN      |        4493 |        2001 |            44.54 |     389,415 |     291,841 |             74.94 |         -19.9 |           +1.0 |         +19.9 |
|  +427.39 |  +389.33 | TH.LN      |        4493 |        1793 |            39.91 |     389,415 |     119,666 |             30.73 |         -20.0 |           -1.0 |         +20.0 |
|  +447.39 |  +409.33 | TH.LN      |        4493 |        1794 |            39.93 |     389,415 |      90,245 |             23.17 |         -19.9 |           -1.4 |         +19.9 |
|  +467.39 |  +429.33 | TH.LN      |        4493 |        1822 |            40.55 |     389,415 |      83,804 |             21.52 |         -20.0 |           -1.0 |         +20.0 |
|  +487.39 |  +449.33 | TH.LN      |        4493 |        1822 |            40.55 |     389,415 |      72,846 |             18.71 |         -20.0 |           -0.4 |         +20.0 |
|  +507.39 |  +469.33 | TH.LN      |        4493 |        1815 |            40.40 |     389,415 |      65,711 |             16.87 |         -20.0 |           +0.1 |         +20.0 |
|  +527.39 |  +489.33 | TH.LN      |        4493 |        1811 |            40.31 |     389,415 |      58,947 |             15.14 |         -20.0 |           +0.5 |         +20.0 |
|  +547.39 |  +509.33 | TH.LN      |        4493 |        1780 |            39.62 |     389,415 |      52,255 |             13.42 |         -20.0 |           +1.1 |         +20.0 |
|  +567.39 |  +529.33 | TH.LN      |        4493 |        1745 |            38.84 |     389,415 |      48,476 |             12.45 |         -19.9 |           +2.0 |         +20.0 |
|  +587.39 |  +549.33 | TH.LN      |        4493 |        1684 |            37.48 |     389,415 |      39,018 |             10.02 |         -20.0 |           +2.2 |         +20.0 |
|  +607.39 |  +569.33 | TH.LN      |        4493 |        1590 |            35.39 |     389,415 |      31,309 |              8.04 |         -20.0 |           +2.9 |         +20.0 |
|  +627.39 |  +589.33 | TH.LN      |        4493 |        1500 |            33.39 |     389,415 |      23,811 |              6.11 |         -19.8 |           +3.3 |         +20.0 |
==========================================================================================================================

 -> Plot saved successfully to: OUTPUT_LDP/TH_LN/TH_LN_Plot_PP_Popu.svg

--> [TH.LN] Step 6: 6_LDP_OnePage.py
Processing province: TH_LN
[+] TH_LN: One-Page Report generated successfully.
======================================================================
Completed province: TH.LN
Finished: 2026-08-01T11:29:04+07:00
======================================================================
