======================================================================
Processing province: TH.SM
Started: 2026-08-01T11:38:10+07:00
======================================================================
--> [TH.SM] Step 1: 1_fabdem_province.py
[1/5] Read GADM and select HASC_1=TH.SM
[2/5] Save province and clip FABDEM
[3/5] Generate contours every 100 m with GDAL 3.10.3
[4/5] Calculate statistics and write PDF
[5/5] Write DataFrame summaries

Completed successfully.
HASC_1          NAME_1  contours                                                                                    PDF
 TH.SM Samut Songkhram         2 /mnt/nvme1/Project/2026-EIT_LDP_Province/OUTPUT_FABDEM/TH_SM/TH_SM_fabdem_contours.pdf
--> [TH.SM] Step 2: 2_popu2025_grid.py
[1/4] Select GADM province HASC_1=TH.SM
[2/4] Save boundary and cut population grid
[3/4] Calculate population-grid statistics
[4/4] Write population-grid PDF and summaries

Completed successfully.
HASC_1          NAME_1  population_sum                                                                                         grid
 TH.SM Samut Songkhram   159895.721428 /mnt/nvme1/Project/2026-EIT_LDP_Province/OUTPUT_POP2025/TH_SM/TH_SM_population_2025_100m.tif
--> [TH.SM] Step 3: 3_generate_sample.py
[1/4] Select GADM province HASC_1=TH.SM
 -> [READ] Loading Vector Dataset: OUTPUT_PROV/gadm41_THA.gpkg (Layer: 'ADM_ADM_1')
[2/4] Generate 1000.0m grid points
 -> Auto-detected EPSG:32647 for province.
 -> Generated 832 bounding box points.
 -> Clipping points to province boundary...
 -> Computing 7-digit Geohashes...
[3/4] Extracting Raster Values (FABDEM MSL & POP2025)...
 -> [READ] Opening Raster File: OUTPUT_FABDEM/TH_SM/TH_SM_fabdem.tif
 -> [READ] Opening Raster File for Area Sum: OUTPUT_POP2025/TH_SM/TH_SM_population_2025_100m.tif
 -> Converting geometries to Lng/Lat (EPSG:4326)...
[4/4] Save GeoPackage Data...
 -> [WRITE] Saving Vector File: /mnt/nvme1/Project/2026-EIT_LDP_Province/OUTPUT_SAMPL/TH_SM/TH_SM_SAMPL.gpkg (Layer: 'samples')

[5/5] Comparing POP2025 with DOPA Registration Population...

Completed successfully.
HASC_1  Grid (m)       CRS  Samples           Output POP2025 DOPA_Pop    Diff
 TH.SM    1000.0 EPSG:4326      412 TH_SM_SAMPL.gpkg 157,945  185,281 -27,336
--> [TH.SM] Step 4: 4_analyse_ldp.py
LDP                                             [TM, 99:57]
FALSE_EN                                  [25000, -1405000]
PP_MSL                                                    0
GPKG         [OUTPUT_SAMPL/TH_SM/TH_SM_SAMPL.gpkg, samples]
OFFSET_PP      [0.0, default hPP from average topo or pnts]
dtype: object
 -> OUTLIER FILTER: Dropped 10 points.
 -> Dropped MSL values: [-9999, 6, 11, 11, 0, 7, 13, 0, 0, 10]
 -> THINNING: Snapping points to 2 decimal grid...
 -> THINNING: Points reduced from 402 to 328.
 -> Using user-defined PP_MSL: 0.000m
==================================== LDP TM ====================================
@ Centroid @     <lng=99°57′>    <lat=13°24′>
Offset Projection Plane = +0.0 m. <default hPP from average topo or pnts>
Designed Project Plane : hPP=-31.24 m. / MSL=+0.00 m. tied to k0 = 0.999995
Points CSF min/mean/max [ppm] : -1.5 / -0.1 / +1.9
Points MSL min/mean/max [m.]  : +0.0 / +3.0 / +9.0
|      |      LDP_E |      LDP_N |
|:-----|-----------:|-----------:|
| min  | 15,089.376 | 60,413.359 |
| max  | 38,171.883 | 88,401.745 |
| diff | 23,082.507 | 27,988.387 |
{"meta": "LDP_Definition", "PROJ_String_Decimal": "+proj=tmerc +lat_0=0.0 +lon_0=99.95000000 +k_0=0.999995 +x_0=25000 +y_0=-1405000 +ellps=WGS84 +units=m +no_defs +type=crs", "PROJ_String_DMS": "+proj=tmerc +lat_0=0.0 +lon_0=99°57′ +k_0=0.999995 +x_0=25000 +y_0=-1405000 +ellps=WGS84 +units=m +no_defs +type=crs"}
Writing definition GPKG : OUTPUT_LDP/TH_SM/TH_SM_LDP.gpkg ...
Writing definition plot : OUTPUT_LDP/TH_SM/TH_SM_LDP.svg...
{"meta": "Coverage_Analysis", "Province": "TH.SM", "Total_Pts": 412, "Valid_Pts": 328, "Pt_Coverage(%)": 79.61, "Total_POP": 157945.21269999997, "Valid_POP": 126505.688, "POP_Coverage(%)": 80.09, "CSF_Min_ppm": -1.5, "CSF_Mean_ppm": -0.1, "CSF_Max_ppm": 1.9}
--> [TH.SM] Step 5: 5_plot_PP_PctPopu.py
[TH.SM] Starting ProcessPoolExecutor with 16 offsets to compute (Mean MSL: 2.99 m)...
[TH.SM] OFFSET_PP [-200.00] computed successfully.
[TH.SM] OFFSET_PP [-180.00] computed successfully.
[TH.SM] OFFSET_PP [-160.00] computed successfully.
[TH.SM] OFFSET_PP [-140.00] computed successfully.
[TH.SM] OFFSET_PP [-120.00] computed successfully.
[TH.SM] OFFSET_PP [-100.00] computed successfully.
[TH.SM] OFFSET_PP [-80.00] computed successfully.
[TH.SM] OFFSET_PP [-60.00] computed successfully.
[TH.SM] OFFSET_PP [-40.00] computed successfully.
[TH.SM] OFFSET_PP [-20.00] computed successfully.
[TH.SM] OFFSET_PP [0.00] computed successfully.
[TH.SM] OFFSET_PP [20.00] computed successfully.
[TH.SM] OFFSET_PP [40.00] computed successfully.
[TH.SM] OFFSET_PP [60.00] computed successfully.
[TH.SM] OFFSET_PP [80.00] computed successfully.
[TH.SM] OFFSET_PP [100.00] computed successfully.

==================================== LDP Population Coverage Analysis: TH.SM ====================================
|   MSL_PP |   HAE_PP | Province   |   Total_Pts |   Valid_Pts |   Pt_Coverage(%) |   Total_POP |   Valid_POP |   POP_Coverage(%) |   CSF_Min_ppm |   CSF_Mean_ppm |   CSF_Max_ppm |
|---------:|---------:|:-----------|------------:|------------:|-----------------:|------------:|------------:|------------------:|--------------:|---------------:|--------------:|
|  -197.01 |  -228.25 | TH.SM      |         412 |           0 |             0.00 |     157,945 |           0 |              0.00 |          +0.0 |           +0.0 |          +0.0 |
|  -177.01 |  -208.25 | TH.SM      |         412 |           0 |             0.00 |     157,945 |           0 |              0.00 |          +0.0 |           +0.0 |          +0.0 |
|  -157.01 |  -188.25 | TH.SM      |         412 |           0 |             0.00 |     157,945 |           0 |              0.00 |          +0.0 |           +0.0 |          +0.0 |
|  -137.01 |  -168.25 | TH.SM      |         412 |          18 |             4.37 |     157,945 |       1,846 |              1.17 |         -20.0 |          -19.6 |         -19.1 |
|  -117.01 |  -148.25 | TH.SM      |         412 |         328 |            79.61 |     157,945 |     126,506 |             80.09 |         -19.5 |          -18.1 |         -16.1 |
|   -97.01 |  -128.25 | TH.SM      |         412 |         328 |            79.61 |     157,945 |     126,506 |             80.09 |         -16.5 |          -15.1 |         -13.1 |
|   -77.01 |  -108.25 | TH.SM      |         412 |         328 |            79.61 |     157,945 |     126,506 |             80.09 |         -13.5 |          -12.1 |         -10.1 |
|   -57.01 |   -88.25 | TH.SM      |         412 |         328 |            79.61 |     157,945 |     126,506 |             80.09 |         -10.5 |           -9.1 |          -7.1 |
|   -37.01 |   -68.25 | TH.SM      |         412 |         328 |            79.61 |     157,945 |     126,506 |             80.09 |          -7.5 |           -6.1 |          -4.1 |
|   -17.01 |   -48.25 | TH.SM      |         412 |         328 |            79.61 |     157,945 |     126,506 |             80.09 |          -4.5 |           -3.1 |          -1.1 |
|    +2.99 |   -28.25 | TH.SM      |         412 |         328 |            79.61 |     157,945 |     126,506 |             80.09 |          -0.5 |           +0.9 |          +2.9 |
|   +22.99 |    -8.25 | TH.SM      |         412 |         328 |            79.61 |     157,945 |     126,506 |             80.09 |          +2.5 |           +3.9 |          +5.9 |
|   +42.99 |   +11.75 | TH.SM      |         412 |         328 |            79.61 |     157,945 |     126,506 |             80.09 |          +5.5 |           +6.9 |          +8.9 |
|   +62.99 |   +31.75 | TH.SM      |         412 |         328 |            79.61 |     157,945 |     126,506 |             80.09 |          +8.5 |           +9.9 |         +11.9 |
|   +82.99 |   +51.75 | TH.SM      |         412 |         328 |            79.61 |     157,945 |     126,506 |             80.09 |         +11.5 |          +12.9 |         +14.9 |
|  +102.99 |   +71.75 | TH.SM      |         412 |         328 |            79.61 |     157,945 |     126,506 |             80.09 |         +14.5 |          +15.9 |         +17.9 |
==========================================================================================================================

 -> Plot saved successfully to: OUTPUT_LDP/TH_SM/TH_SM_Plot_PP_Popu.svg

--> [TH.SM] Step 6: 6_LDP_OnePage.py
Processing province: TH_SM
[+] TH_SM: One-Page Report generated successfully.
======================================================================
Completed province: TH.SM
Finished: 2026-08-01T11:39:30+07:00
======================================================================
