======================================================================
Processing province: TH.NF
Started: 2026-08-01T11:28:47+07:00
======================================================================
--> [TH.NF] Step 1: 1_fabdem_province.py
[1/5] Read GADM and select HASC_1=TH.NF
[2/5] Save province and clip FABDEM
[3/5] Generate contours every 100 m with GDAL 3.10.3
[4/5] Calculate statistics and write PDF
[5/5] Write DataFrame summaries

Completed successfully.
HASC_1        NAME_1  contours                                                                                    PDF
 TH.NF Nakhon Phanom       154 /mnt/nvme1/Project/2026-EIT_LDP_Province/OUTPUT_FABDEM/TH_NF/TH_NF_fabdem_contours.pdf
--> [TH.NF] Step 2: 2_popu2025_grid.py
[1/4] Select GADM province HASC_1=TH.NF
[2/4] Save boundary and cut population grid
[3/4] Calculate population-grid statistics
[4/4] Write population-grid PDF and summaries

Completed successfully.
HASC_1        NAME_1  population_sum                                                                                         grid
 TH.NF Nakhon Phanom   465532.671944 /mnt/nvme1/Project/2026-EIT_LDP_Province/OUTPUT_POP2025/TH_NF/TH_NF_population_2025_100m.tif
--> [TH.NF] Step 3: 3_generate_sample.py
[1/4] Select GADM province HASC_1=TH.NF
 -> [READ] Loading Vector Dataset: OUTPUT_PROV/gadm41_THA.gpkg (Layer: 'ADM_ADM_1')
[2/4] Generate 1000.0m grid points
 -> Auto-detected EPSG:32648 for province.
 -> Generated 12,460 bounding box points.
 -> Clipping points to province boundary...
 -> Computing 7-digit Geohashes...
[3/4] Extracting Raster Values (FABDEM MSL & POP2025)...
 -> [READ] Opening Raster File: OUTPUT_FABDEM/TH_NF/TH_NF_fabdem.tif
 -> [READ] Opening Raster File for Area Sum: OUTPUT_POP2025/TH_NF/TH_NF_population_2025_100m.tif
 -> Converting geometries to Lng/Lat (EPSG:4326)...
[4/4] Save GeoPackage Data...
 -> [WRITE] Saving Vector File: /mnt/nvme1/Project/2026-EIT_LDP_Province/OUTPUT_SAMPL/TH_NF/TH_NF_SAMPL.gpkg (Layer: 'samples')

[5/5] Comparing POP2025 with DOPA Registration Population...

Completed successfully.
HASC_1  Grid (m)       CRS  Samples           Output POP2025 DOPA_Pop     Diff
 TH.NF    1000.0 EPSG:4326     5461 TH_NF_SAMPL.gpkg 461,709  708,265 -246,556
--> [TH.NF] Step 4: 4_analyse_ldp.py
LDP                                            [TM, 104:26]
FALSE_EN                                               AUTO
PP_MSL                                                  100
GPKG         [OUTPUT_SAMPL/TH_NF/TH_NF_SAMPL.gpkg, samples]
OFFSET_PP      [0.0, default hPP from average topo or pnts]
dtype: object
 -> OUTLIER FILTER: Dropped 114 points.
 -> Dropped MSL values: [-9999, -9999, -9999, -9999, 544, 576, 219, 199, 542, 154, 186, 184, 152, 169, 169, 137, 177, 137, 137, 138, 395, 138, 138, 140, 164, 155, 152, 187, 233, 400, 300, 335, 463, 286, 204, 195, 215, 289, 212, 289, 224, 195, 208, 217, 421, 512, 177, 218, 339, 505, 183, 211, 265, 172, 204, 172, 545, 556, 532, 145, 131, 141, 131, 205, 194, 204, 206, 131, 132, 131, 153, 131, 131, 131, 131, 133, 131, 200, 199, 192, 131, 131, 131, 131, 131, 131, 131, 131, 131, 131, 131, 131, 131, 131, 131, 131, 163, 131, 131, 168, 131, 171, 181, 178, 131, 131, 131, 131, 139, 138, 137, 131, 131, 131]
 -> THINNING: Snapping points to 2 decimal grid...
 -> THINNING: Points reduced from 5347 to 4563.
 -> Using user-defined PP_MSL: 100.000m
 -> AUTO detected FALSE_EN: E: 50000, N: -1400000
==================================== LDP TM ====================================
@ Centroid @     <lng=104°26′>    <lat=17°23′>
Offset Projection Plane = +0.0 m. <default hPP from average topo or pnts>
Designed Project Plane : hPP=+73.55 m. / MSL=+100.00 m. tied to k0 = 1.000012
Points CSF min/mean/max [ppm] : -62.8 / -3.3 / +20.8
Points MSL min/mean/max [m.]  : +136.0 / +162.3 / +520.0
|      |      LDP_E |       LDP_N |
|:-----|-----------:|------------:|
| min  |  3,020.726 | 456,751.241 |
| max  | 89,260.241 | 593,649.970 |
| diff | 86,239.514 | 136,898.729 |
{"meta": "LDP_Definition", "PROJ_String_Decimal": "+proj=tmerc +lat_0=0.0 +lon_0=104.43333333 +k_0=1.000012 +x_0=50000 +y_0=-1400000 +ellps=WGS84 +units=m +no_defs +type=crs", "PROJ_String_DMS": "+proj=tmerc +lat_0=0.0 +lon_0=104°26′ +k_0=1.000012 +x_0=50000 +y_0=-1400000 +ellps=WGS84 +units=m +no_defs +type=crs"}
Writing definition GPKG : OUTPUT_LDP/TH_NF/TH_NF_LDP.gpkg ...
Writing definition plot : OUTPUT_LDP/TH_NF/TH_NF_LDP.svg...
{"meta": "Coverage_Analysis", "Province": "TH.NF", "Total_Pts": 5461, "Valid_Pts": 4458, "Pt_Coverage(%)": 81.63, "Total_POP": 461709.45230000006, "Valid_POP": 397450.4616, "POP_Coverage(%)": 86.08, "CSF_Min_ppm": -19.0, "CSF_Mean_ppm": -2.4, "CSF_Max_ppm": 19.8}
--> [TH.NF] Step 5: 5_plot_PP_PctPopu.py
[TH.NF] Starting ProcessPoolExecutor with 16 offsets to compute (Mean MSL: 162.30 m)...
[TH.NF] OFFSET_PP [-200.00] computed successfully.
[TH.NF] OFFSET_PP [-180.00] computed successfully.
[TH.NF] OFFSET_PP [-160.00] computed successfully.
[TH.NF] OFFSET_PP [-140.00] computed successfully.
[TH.NF] OFFSET_PP [-120.00] computed successfully.
[TH.NF] OFFSET_PP [-100.00] computed successfully.
[TH.NF] OFFSET_PP [-80.00] computed successfully.
[TH.NF] OFFSET_PP [-60.00] computed successfully.
[TH.NF] OFFSET_PP [-40.00] computed successfully.
[TH.NF] OFFSET_PP [-20.00] computed successfully.
[TH.NF] OFFSET_PP [0.00] computed successfully.
[TH.NF] OFFSET_PP [20.00] computed successfully.
[TH.NF] OFFSET_PP [40.00] computed successfully.
[TH.NF] OFFSET_PP [60.00] computed successfully.
[TH.NF] OFFSET_PP [80.00] computed successfully.
[TH.NF] OFFSET_PP [100.00] computed successfully.

==================================== LDP Population Coverage Analysis: TH.NF ====================================
|   MSL_PP |   HAE_PP | Province   |   Total_Pts |   Valid_Pts |   Pt_Coverage(%) |   Total_POP |   Valid_POP |   POP_Coverage(%) |   CSF_Min_ppm |   CSF_Mean_ppm |   CSF_Max_ppm |
|---------:|---------:|:-----------|------------:|------------:|-----------------:|------------:|------------:|------------------:|--------------:|---------------:|--------------:|
|   -37.70 |   -64.14 | TH.NF      |        5461 |        1175 |            21.52 |     461,709 |     145,312 |             31.47 |         -20.0 |          -15.1 |          -1.2 |
|   -17.70 |   -44.14 | TH.NF      |        5461 |        1696 |            31.06 |     461,709 |     192,104 |             41.61 |         -20.0 |          -14.1 |          +1.8 |
|    +2.30 |   -24.14 | TH.NF      |        5461 |        2296 |            42.04 |     461,709 |     246,659 |             53.42 |         -20.0 |          -13.0 |          +4.8 |
|   +22.30 |    -4.14 | TH.NF      |        5461 |        3049 |            55.83 |     461,709 |     309,630 |             67.06 |         -20.0 |          -12.1 |          +7.8 |
|   +42.30 |   +15.86 | TH.NF      |        5461 |        3949 |            72.31 |     461,709 |     377,091 |             81.67 |         -20.0 |          -11.2 |         +10.8 |
|   +62.30 |   +35.86 | TH.NF      |        5461 |        4443 |            81.36 |     461,709 |     397,089 |             86.00 |         -20.0 |           -8.4 |         +14.8 |
|   +82.30 |   +55.86 | TH.NF      |        5461 |        4454 |            81.56 |     461,709 |     397,437 |             86.08 |         -19.5 |           -5.4 |         +17.8 |
|  +102.30 |   +75.86 | TH.NF      |        5461 |        4458 |            81.63 |     461,709 |     397,450 |             86.08 |         -19.0 |           -2.4 |         +19.8 |
|  +122.30 |   +95.86 | TH.NF      |        5461 |        4456 |            81.60 |     461,709 |     397,290 |             86.05 |         -19.9 |           +0.5 |         +20.0 |
|  +142.30 |  +115.86 | TH.NF      |        5461 |        4415 |            80.85 |     461,709 |     395,327 |             85.62 |         -19.6 |           +3.2 |         +19.8 |
|  +162.30 |  +135.86 | TH.NF      |        5461 |        4289 |            78.54 |     461,709 |     380,400 |             82.39 |         -19.3 |           +5.7 |         +20.0 |
|  +182.30 |  +155.86 | TH.NF      |        5461 |        4006 |            73.36 |     461,709 |     328,700 |             71.19 |         -19.7 |           +8.8 |         +20.0 |
|  +202.30 |  +175.86 | TH.NF      |        5461 |        3647 |            66.78 |     461,709 |     277,697 |             60.15 |         -20.0 |          +10.7 |         +20.0 |
|  +222.30 |  +195.86 | TH.NF      |        5461 |        3173 |            58.10 |     461,709 |     237,378 |             51.41 |         -19.5 |          +12.5 |         +20.0 |
|  +242.30 |  +215.86 | TH.NF      |        5461 |        2619 |            47.96 |     461,709 |     189,361 |             41.01 |         -20.0 |          +14.1 |         +20.0 |
|  +262.30 |  +235.86 | TH.NF      |        5461 |        2001 |            36.64 |     461,709 |     133,033 |             28.81 |         -19.4 |          +15.7 |         +20.0 |
==========================================================================================================================

 -> Plot saved successfully to: OUTPUT_LDP/TH_NF/TH_NF_Plot_PP_Popu.svg

--> [TH.NF] Step 6: 6_LDP_OnePage.py
Processing province: TH_NF
[+] TH_NF: One-Page Report generated successfully.
======================================================================
Completed province: TH.NF
Finished: 2026-08-01T11:33:14+07:00
======================================================================
