======================================================================
Processing province: TH.KN_N
Started: 2026-08-01T11:22:19+07:00
======================================================================
--> [TH.KN_N] Step 1: 1_fabdem_province.py
[1/5] Read GADM and select HASC_1=TH.KN_N
[2/5] Save province and clip FABDEM
[3/5] Generate contours every 100 m with GDAL 3.10.3
[4/5] Calculate statistics and write PDF
[5/5] Write DataFrame summaries

Completed successfully.
 HASC_1             NAME_1  contours                                                                                        PDF
TH.KN_N Kanchanaburi North     10455 /mnt/nvme1/Project/2026-EIT_LDP_Province/OUTPUT_FABDEM/TH_KN_N/TH_KN_N_fabdem_contours.pdf
--> [TH.KN_N] Step 2: 2_popu2025_grid.py
[1/4] Select GADM province HASC_1=TH.KN_N
[2/4] Save boundary and cut population grid
[3/4] Calculate population-grid statistics
[4/4] Write population-grid PDF and summaries

Completed successfully.
 HASC_1             NAME_1  population_sum                                                                                             grid
TH.KN_N Kanchanaburi North   106883.498314 /mnt/nvme1/Project/2026-EIT_LDP_Province/OUTPUT_POP2025/TH_KN_N/TH_KN_N_population_2025_100m.tif
--> [TH.KN_N] Step 3: 3_generate_sample.py
[1/4] Select GADM province HASC_1=TH.KN_N
 -> [READ] Loading Vector Dataset: OUTPUT_PROV/gadm41_THA.gpkg (Layer: 'ADM_ADM_1')
[2/4] Generate 1000.0m grid points
 -> Auto-detected EPSG:32647 for province.
 -> Generated 21,888 bounding box points.
 -> Clipping points to province boundary...
 -> Computing 7-digit Geohashes...
[3/4] Extracting Raster Values (FABDEM MSL & POP2025)...
 -> [READ] Opening Raster File: OUTPUT_FABDEM/TH_KN_N/TH_KN_N_fabdem.tif
 -> [READ] Opening Raster File for Area Sum: OUTPUT_POP2025/TH_KN_N/TH_KN_N_population_2025_100m.tif
 -> Converting geometries to Lng/Lat (EPSG:4326)...
[4/4] Save GeoPackage Data...
 -> [WRITE] Saving Vector File: /mnt/nvme1/Project/2026-EIT_LDP_Province/OUTPUT_SAMPL/TH_KN_N/TH_KN_N_SAMPL.gpkg (Layer: 'samples')

[5/5] Comparing POP2025 with DOPA Registration Population...

Completed successfully.
 HASC_1  Grid (m)       CRS  Samples             Output POP2025 DOPA_Pop     Diff
TH.KN_N    1000.0 EPSG:4326    11517 TH_KN_N_SAMPL.gpkg 106,445  896,673 -790,228
--> [TH.KN_N] Step 4: 4_analyse_ldp.py
LDP                                                [TM, 98:46]
FALSE_EN                                     [250000, -890000]
PP_MSL                                                     120
POPU_PLOT                                         [550, 0, 20]
GPKG         [OUTPUT_SAMPL/TH_KN_N/TH_KN_N_SAMPL.gpkg, samp...
OFFSET_PP         [0.0, default hPP from average topo or pnts]
dtype: object
 -> OUTLIER FILTER: Dropped 234 points.
 -> Dropped MSL values: [-9999, -9999, -9999, 954, 942, 999, 922, 938, 554, 1031, 952, 552, 545, 626, 702, 792, 1176, 1211, 839, 896, 309, 803, 991, 819, 870, 197, 490, 97, 1068, 1105, 1092, 171, 592, 582, 639, 917, 832, 342, 873, 852, 676, 682, 806, 718, 761, 759, 913, 776, 985, 792, 919, 909, 785, 896, 856, 923, 516, 523, 924, 894, 901, 886, 989, 1021, 315, 436, 533, 864, 814, 503, 842, 913, 787, 712, 519, 603, 962, 928, 899, 277, 568, 581, 582, 1245, 1566, 1567, 1635, 634, 1671, 184, 357, 493, 362, 399, 320, 192, 198, 192, 257, 181, 191, 362, 203, 201, 197, 191, 374, 356, 215, 483, 1240, 214, 225, 1509, 640, 597, 556, 860, 868, 117, 262, 480, 480, 256, 503, 217, 690, 545, 145, 638, 165, 140, 171, 161, 165, 71, 675, 980, 659, 668, 712, 785, 890, 887, 883, 227, 211, 218, 899, 922, 889, 957, 818, 210, 220, 204, 216, 172, 191, 298, 172, 785, 791, 1145, 1135, 1039, 1053, 949, 213, 995, 1028, 1007, 1019, 1019, 1078, 1078, 222, 182, 230, 172, 1058, 858, 944, 1063, 1074, 866, 916, 886, 172, 825, 217, 274, 1757, 934, 698, 1150, 890, 770, 926, 1097, 993, 1059, 951, 1008, 948, 1012, 1095, 1087, 1073, 1090, 951, 802, 933, 779, 917, 808, 787, 744, 888, 839, 841, 463, 792, 809, 852, 690, 594, 571, 508, 559, 136, 520, 128, 387]
 -> THINNING: Snapping points to 2 decimal grid...
 -> THINNING: Points reduced from 11283 to 9524.
 -> Using user-defined PP_MSL: 120.000m
==================================== LDP TM ====================================
@ Centroid @     <lng=98°46′>    <lat=14°49′>
Offset Projection Plane = +0.0 m. <default hPP from average topo or pnts>
Designed Project Plane : hPP=+84.52 m. / MSL=+120.00 m. tied to k0 = 1.000013
Points CSF min/mean/max [ppm] : -235.8 / -48.8 / +36.3
Points MSL min/mean/max [m.]  : +52.0 / +496.7 / +1620.0
|      |       LDP_E |       LDP_N |
|:-----|------------:|------------:|
| min  | 188,046.799 | 673,645.371 |
| max  | 312,188.143 | 840,679.067 |
| diff | 124,141.344 | 167,033.696 |
{"meta": "LDP_Definition", "PROJ_String_Decimal": "+proj=tmerc +lat_0=0.0 +lon_0=98.76666667 +k_0=1.000013 +x_0=250000 +y_0=-890000 +ellps=WGS84 +units=m +no_defs +type=crs", "PROJ_String_DMS": "+proj=tmerc +lat_0=0.0 +lon_0=98°46′ +k_0=1.000013 +x_0=250000 +y_0=-890000 +ellps=WGS84 +units=m +no_defs +type=crs"}
Writing definition GPKG : OUTPUT_LDP/TH_KN_N/TH_KN_N_LDP.gpkg ...
Writing definition plot : OUTPUT_LDP/TH_KN_N/TH_KN_N_LDP.svg...
{"meta": "Coverage_Analysis", "Province": "TH.KN_N", "Total_Pts": 11517, "Valid_Pts": 3315, "Pt_Coverage(%)": 28.78, "Total_POP": 106444.582, "Valid_POP": 77493.57129999998, "POP_Coverage(%)": 72.8, "CSF_Min_ppm": -20.0, "CSF_Mean_ppm": -2.7, "CSF_Max_ppm": 19.5}
--> [TH.KN_N] Step 5: 5_plot_PP_PctPopu.py
[TH.KN_N] POPU_PLOT found in TOML. Overriding MSL bounds: Upper=550.0, Lower=0.0, Step=20.0
[TH.KN_N] Starting ProcessPoolExecutor with 28 offsets to compute (Mean MSL: 496.68 m)...
[TH.KN_N] OFFSET_PP [-496.68] computed successfully.
[TH.KN_N] OFFSET_PP [-476.68] computed successfully.
[TH.KN_N] OFFSET_PP [-456.68] computed successfully.
[TH.KN_N] OFFSET_PP [-436.68] computed successfully.
[TH.KN_N] OFFSET_PP [-416.68] computed successfully.
[TH.KN_N] OFFSET_PP [-396.68] computed successfully.
[TH.KN_N] OFFSET_PP [-376.68] computed successfully.
[TH.KN_N] OFFSET_PP [-356.68] computed successfully.
[TH.KN_N] OFFSET_PP [-336.68] computed successfully.
[TH.KN_N] OFFSET_PP [-316.68] computed successfully.
[TH.KN_N] OFFSET_PP [-296.68] computed successfully.
[TH.KN_N] OFFSET_PP [-276.68] computed successfully.
[TH.KN_N] OFFSET_PP [-256.68] computed successfully.
[TH.KN_N] OFFSET_PP [-236.68] computed successfully.
[TH.KN_N] OFFSET_PP [-216.68] computed successfully.
[TH.KN_N] OFFSET_PP [-196.68] computed successfully.
[TH.KN_N] OFFSET_PP [-176.68] computed successfully.
[TH.KN_N] OFFSET_PP [-156.68] computed successfully.
[TH.KN_N] OFFSET_PP [-136.68] computed successfully.
[TH.KN_N] OFFSET_PP [-116.68] computed successfully.
[TH.KN_N] OFFSET_PP [-96.68] computed successfully.
[TH.KN_N] OFFSET_PP [-76.68] computed successfully.
[TH.KN_N] OFFSET_PP [-56.68] computed successfully.
[TH.KN_N] OFFSET_PP [-36.68] computed successfully.
[TH.KN_N] OFFSET_PP [-16.68] computed successfully.
[TH.KN_N] OFFSET_PP [3.32] computed successfully.
[TH.KN_N] OFFSET_PP [23.32] computed successfully.
[TH.KN_N] OFFSET_PP [43.32] computed successfully.

==================================== LDP Population Coverage Analysis: TH.KN_N ====================================
|   MSL_PP |   HAE_PP | Province   |   Total_Pts |   Valid_Pts |   Pt_Coverage(%) |   Total_POP |   Valid_POP |   POP_Coverage(%) |   CSF_Min_ppm |   CSF_Mean_ppm |   CSF_Max_ppm |
|---------:|---------:|:-----------|------------:|------------:|-----------------:|------------:|------------:|------------------:|--------------:|---------------:|--------------:|
|    +0.00 |   -35.48 | TH.KN_N    |       11517 |        1652 |            14.34 |     106,445 |      50,328 |             47.28 |         -20.0 |          -13.4 |         +17.3 |
|   +20.00 |   -15.48 | TH.KN_N    |       11517 |        2094 |            18.18 |     106,445 |      60,767 |             57.09 |         -20.0 |          -11.3 |         +19.0 |
|   +40.00 |    +4.52 | TH.KN_N    |       11517 |        2358 |            20.47 |     106,445 |      66,737 |             62.70 |         -20.0 |           -9.4 |         +19.6 |
|   +60.00 |   +24.52 | TH.KN_N    |       11517 |        2613 |            22.69 |     106,445 |      71,124 |             66.82 |         -20.0 |           -7.8 |         +19.8 |
|   +80.00 |   +44.52 | TH.KN_N    |       11517 |        2846 |            24.71 |     106,445 |      73,565 |             69.11 |         -20.0 |           -6.1 |         +19.9 |
|  +100.00 |   +64.52 | TH.KN_N    |       11517 |        3084 |            26.78 |     106,445 |      75,694 |             71.11 |         -20.0 |           -4.4 |         +19.8 |
|  +120.00 |   +84.52 | TH.KN_N    |       11517 |        3315 |            28.78 |     106,445 |      77,494 |             72.80 |         -20.0 |           -2.7 |         +19.5 |
|  +140.00 |  +104.52 | TH.KN_N    |       11517 |        3546 |            30.79 |     106,445 |      76,921 |             72.26 |         -20.0 |           -1.1 |         +20.0 |
|  +160.00 |  +124.52 | TH.KN_N    |       11517 |        3775 |            32.78 |     106,445 |      75,771 |             71.18 |         -20.0 |           +0.8 |         +19.9 |
|  +180.00 |  +144.52 | TH.KN_N    |       11517 |        3865 |            33.56 |     106,445 |      74,501 |             69.99 |         -20.0 |           +2.2 |         +20.0 |
|  +200.00 |  +164.52 | TH.KN_N    |       11517 |        3865 |            33.56 |     106,445 |      63,229 |             59.40 |         -19.9 |           +3.1 |         +20.0 |
|  +220.00 |  +184.52 | TH.KN_N    |       11517 |        3650 |            31.69 |     106,445 |      49,191 |             46.21 |         -20.0 |           +2.9 |         +20.0 |
|  +240.00 |  +204.52 | TH.KN_N    |       11517 |        3322 |            28.84 |     106,445 |      37,414 |             35.15 |         -20.0 |           +1.9 |         +20.0 |
|  +260.00 |  +224.52 | TH.KN_N    |       11517 |        3162 |            27.46 |     106,445 |      29,661 |             27.86 |         -20.0 |           +1.7 |         +20.0 |
|  +280.00 |  +244.52 | TH.KN_N    |       11517 |        3010 |            26.14 |     106,445 |      22,137 |             20.80 |         -20.0 |           +1.3 |         +20.0 |
|  +300.00 |  +264.52 | TH.KN_N    |       11517 |        2874 |            24.95 |     106,445 |      14,782 |             13.89 |         -19.9 |           +1.5 |         +20.0 |
|  +320.00 |  +284.52 | TH.KN_N    |       11517 |        2788 |            24.21 |     106,445 |      10,709 |             10.06 |         -19.9 |           +1.3 |         +20.0 |
|  +340.00 |  +304.52 | TH.KN_N    |       11517 |        2739 |            23.78 |     106,445 |       8,610 |              8.09 |         -20.0 |           +1.3 |         +20.0 |
|  +360.00 |  +324.52 | TH.KN_N    |       11517 |        2660 |            23.10 |     106,445 |       6,669 |              6.26 |         -20.0 |           +1.3 |         +20.0 |
|  +380.00 |  +344.52 | TH.KN_N    |       11517 |        2609 |            22.65 |     106,445 |       5,066 |              4.76 |         -20.0 |           +1.0 |         +20.0 |
|  +400.00 |  +364.52 | TH.KN_N    |       11517 |        2513 |            21.82 |     106,445 |       4,427 |              4.16 |         -20.0 |           +1.0 |         +20.0 |
|  +420.00 |  +384.52 | TH.KN_N    |       11517 |        2415 |            20.97 |     106,445 |       4,101 |              3.85 |         -20.0 |           +1.1 |         +20.0 |
|  +440.00 |  +404.52 | TH.KN_N    |       11517 |        2397 |            20.81 |     106,445 |       3,665 |              3.44 |         -20.0 |           +1.1 |         +20.0 |
|  +460.00 |  +424.52 | TH.KN_N    |       11517 |        2335 |            20.27 |     106,445 |       3,153 |              2.96 |         -20.0 |           +1.0 |         +20.0 |
|  +480.00 |  +444.52 | TH.KN_N    |       11517 |        2268 |            19.69 |     106,445 |       2,538 |              2.38 |         -20.0 |           +0.9 |         +20.0 |
|  +500.00 |  +464.52 | TH.KN_N    |       11517 |        2239 |            19.44 |     106,445 |       2,463 |              2.31 |         -20.0 |           +0.6 |         +20.0 |
|  +520.00 |  +484.52 | TH.KN_N    |       11517 |        2219 |            19.27 |     106,445 |       2,625 |              2.47 |         -20.0 |           +0.4 |         +19.9 |
|  +540.00 |  +504.52 | TH.KN_N    |       11517 |        2235 |            19.41 |     106,445 |       3,006 |              2.82 |         -20.0 |           +0.2 |         +20.0 |
==========================================================================================================================

 -> Plot saved successfully to: OUTPUT_LDP/TH_KN_N/TH_KN_N_Plot_PP_Popu.svg

--> [TH.KN_N] Step 6: 6_LDP_OnePage.py
Processing province: TH_KN_N
[+] TH_KN_N: One-Page Report generated successfully.
======================================================================
Completed province: TH.KN_N
Finished: 2026-08-01T11:32:39+07:00
======================================================================
