======================================================================
Processing province: TH.SR
Started: 2026-08-01T11:38:56+07:00
======================================================================
--> [TH.SR] Step 1: 1_fabdem_province.py
[1/5] Read GADM and select HASC_1=TH.SR
[2/5] Save province and clip FABDEM
[3/5] Generate contours every 100 m with GDAL 3.10.3
[4/5] Calculate statistics and write PDF
[5/5] Write DataFrame summaries

Completed successfully.
HASC_1   NAME_1  contours                                                                                    PDF
 TH.SR Saraburi      1596 /mnt/nvme1/Project/2026-EIT_LDP_Province/OUTPUT_FABDEM/TH_SR/TH_SR_fabdem_contours.pdf
--> [TH.SR] Step 2: 2_popu2025_grid.py
[1/4] Select GADM province HASC_1=TH.SR
[2/4] Save boundary and cut population grid
[3/4] Calculate population-grid statistics
[4/4] Write population-grid PDF and summaries

Completed successfully.
HASC_1   NAME_1  population_sum                                                                                         grid
 TH.SR Saraburi   831862.417662 /mnt/nvme1/Project/2026-EIT_LDP_Province/OUTPUT_POP2025/TH_SR/TH_SR_population_2025_100m.tif
--> [TH.SR] Step 3: 3_generate_sample.py
[1/4] Select GADM province HASC_1=TH.SR
 -> [READ] Loading Vector Dataset: OUTPUT_PROV/gadm41_THA.gpkg (Layer: 'ADM_ADM_1')
[2/4] Generate 1000.0m grid points
 -> Auto-detected EPSG:32647 for province.
 -> Generated 8,827 bounding box points.
 -> Clipping points to province boundary...
 -> Computing 7-digit Geohashes...
[3/4] Extracting Raster Values (FABDEM MSL & POP2025)...
 -> [READ] Opening Raster File: OUTPUT_FABDEM/TH_SR/TH_SR_fabdem.tif
 -> [READ] Opening Raster File for Area Sum: OUTPUT_POP2025/TH_SR/TH_SR_population_2025_100m.tif
 -> Converting geometries to Lng/Lat (EPSG:4326)...
[4/4] Save GeoPackage Data...
 -> [WRITE] Saving Vector File: /mnt/nvme1/Project/2026-EIT_LDP_Province/OUTPUT_SAMPL/TH_SR/TH_SR_SAMPL.gpkg (Layer: 'samples')

[5/5] Comparing POP2025 with DOPA Registration Population...

Completed successfully.
HASC_1  Grid (m)       CRS  Samples           Output POP2025 DOPA_Pop    Diff
 TH.SR    1000.0 EPSG:4326     3576 TH_SR_SAMPL.gpkg 823,499  638,477 185,022
--> [TH.SR] Step 4: 4_analyse_ldp.py
LDP                                            [TM, 101:01]
FALSE_EN                                  [50000, -1470000]
PP_MSL                                                   10
GPKG         [OUTPUT_SAMPL/TH_SR/TH_SR_SAMPL.gpkg, samples]
OFFSET_PP      [0.0, default hPP from average topo or pnts]
dtype: object
 -> OUTLIER FILTER: Dropped 73 points.
 -> Dropped MSL values: [-9999, 4, 65, 973, 958, 960, 925, 535, 451, 339, 233, 71, 286, 45, 304, 62, 81, 91, 73, 280, 240, 257, 172, 431, 419, 6, 137, 294, 135, 51, 153, 125, 170, 177, 6, 251, 576, 82, 185, 492, 466, 530, 297, 118, 97, 407, 381, 383, 367, 165, 175, 103, 557, 385, 385, 384, 563, 586, 564, 525, 635, 624, 606, 606, 647, 606, 619, 324, 275, 173, 335, 316, 183]
 -> THINNING: Snapping points to 2 decimal grid...
 -> THINNING: Points reduced from 3503 to 2972.
 -> Using user-defined PP_MSL: 10.000m
==================================== LDP TM ====================================
@ Centroid @     <lng=101°01′>    <lat=14°38′>
Offset Projection Plane = +0.0 m. <default hPP from average topo or pnts>
Designed Project Plane : hPP=-19.87 m. / MSL=+10.00 m. tied to k0 = 0.999997
Points CSF min/mean/max [ppm] : -132.5 / -12.7 / +28.9
Points MSL min/mean/max [m.]  : -2.0 / +127.0 / +892.0
|      |      LDP_E |       LDP_N |
|:-----|-----------:|------------:|
| min  |  2,751.454 | 105,791.920 |
| max  | 97,016.800 | 193,330.119 |
| diff | 94,265.346 |  87,538.199 |
{"meta": "LDP_Definition", "PROJ_String_Decimal": "+proj=tmerc +lat_0=0.0 +lon_0=101.01666667 +k_0=0.999997 +x_0=50000 +y_0=-1470000 +ellps=WGS84 +units=m +no_defs +type=crs", "PROJ_String_DMS": "+proj=tmerc +lat_0=0.0 +lon_0=101°01′ +k_0=0.999997 +x_0=50000 +y_0=-1470000 +ellps=WGS84 +units=m +no_defs +type=crs"}
Writing definition GPKG : OUTPUT_LDP/TH_SR/TH_SR_LDP.gpkg ...
Writing definition plot : OUTPUT_LDP/TH_SR/TH_SR_LDP.svg...
{"meta": "Coverage_Analysis", "Province": "TH.SR", "Total_Pts": 3576, "Valid_Pts": 2030, "Pt_Coverage(%)": 56.77, "Total_POP": 823499.3342, "Valid_POP": 636596.1686, "POP_Coverage(%)": 77.3, "CSF_Min_ppm": -19.9, "CSF_Mean_ppm": -1.2, "CSF_Max_ppm": 20.0}
--> [TH.SR] Step 5: 5_plot_PP_PctPopu.py
[TH.SR] Starting ProcessPoolExecutor with 16 offsets to compute (Mean MSL: 127.00 m)...
[TH.SR] OFFSET_PP [-200.00] computed successfully.
[TH.SR] OFFSET_PP [-180.00] computed successfully.
[TH.SR] OFFSET_PP [-160.00] computed successfully.
[TH.SR] OFFSET_PP [-140.00] computed successfully.
[TH.SR] OFFSET_PP [-120.00] computed successfully.
[TH.SR] OFFSET_PP [-100.00] computed successfully.
[TH.SR] OFFSET_PP [-80.00] computed successfully.
[TH.SR] OFFSET_PP [-60.00] computed successfully.
[TH.SR] OFFSET_PP [-40.00] computed successfully.
[TH.SR] OFFSET_PP [-20.00] computed successfully.
[TH.SR] OFFSET_PP [0.00] computed successfully.
[TH.SR] OFFSET_PP [20.00] computed successfully.
[TH.SR] OFFSET_PP [40.00] computed successfully.
[TH.SR] OFFSET_PP [60.00] computed successfully.
[TH.SR] OFFSET_PP [80.00] computed successfully.
[TH.SR] OFFSET_PP [100.00] computed successfully.

==================================== LDP Population Coverage Analysis: TH.SR ====================================
|   MSL_PP |   HAE_PP | Province   |   Total_Pts |   Valid_Pts |   Pt_Coverage(%) |   Total_POP |   Valid_POP |   POP_Coverage(%) |   CSF_Min_ppm |   CSF_Mean_ppm |   CSF_Max_ppm |
|---------:|---------:|:-----------|------------:|------------:|-----------------:|------------:|------------:|------------------:|--------------:|---------------:|--------------:|
|   -73.00 |  -102.86 | TH.SR      |        3576 |        1594 |            44.57 |     823,499 |     579,666 |             70.39 |         -20.0 |           -9.5 |         +15.9 |
|   -53.00 |   -82.86 | TH.SR      |        3576 |        1771 |            49.52 |     823,499 |     608,592 |             73.90 |         -20.0 |           -7.7 |         +18.9 |
|   -33.00 |   -62.86 | TH.SR      |        3576 |        1896 |            53.02 |     823,499 |     625,526 |             75.96 |         -20.0 |           -5.7 |         +19.5 |
|   -13.00 |   -42.86 | TH.SR      |        3576 |        1969 |            55.06 |     823,499 |     631,172 |             76.65 |         -20.0 |           -3.8 |         +20.0 |
|    +7.00 |   -22.86 | TH.SR      |        3576 |        2011 |            56.24 |     823,499 |     635,588 |             77.18 |         -20.0 |           -1.8 |         +20.0 |
|   +27.00 |    -2.86 | TH.SR      |        3576 |        2048 |            57.27 |     823,499 |     634,621 |             77.06 |         -20.0 |           +0.5 |         +19.9 |
|   +47.00 |   +17.14 | TH.SR      |        3576 |        2086 |            58.33 |     823,499 |     634,536 |             77.05 |         -20.0 |           +2.1 |         +19.9 |
|   +67.00 |   +37.14 | TH.SR      |        3576 |        2115 |            59.14 |     823,499 |     630,205 |             76.53 |         -19.8 |           +3.8 |         +19.8 |
|   +87.00 |   +57.14 | TH.SR      |        3576 |        2086 |            58.33 |     823,499 |     607,064 |             73.72 |         -20.0 |           +5.3 |         +20.0 |
|  +107.00 |   +77.14 | TH.SR      |        3576 |        1932 |            54.03 |     823,499 |     552,789 |             67.13 |         -19.9 |           +6.1 |         +20.0 |
|  +127.00 |   +97.14 | TH.SR      |        3576 |        1716 |            47.99 |     823,499 |     441,273 |             53.59 |         -20.0 |           +6.4 |         +20.0 |
|  +147.00 |  +117.14 | TH.SR      |        3576 |        1496 |            41.83 |     823,499 |     240,198 |             29.17 |         -20.0 |           +6.3 |         +20.0 |
|  +167.00 |  +137.14 | TH.SR      |        3576 |        1199 |            33.53 |     823,499 |     136,182 |             16.54 |         -20.0 |           +4.9 |         +20.0 |
|  +187.00 |  +157.14 | TH.SR      |        3576 |        1045 |            29.22 |     823,499 |      99,863 |             12.13 |         -19.9 |           +3.8 |         +20.0 |
|  +207.00 |  +177.14 | TH.SR      |        3576 |         915 |            25.59 |     823,499 |      75,651 |              9.19 |         -19.8 |           +3.3 |         +20.0 |
|  +227.00 |  +197.14 | TH.SR      |        3576 |         839 |            23.46 |     823,499 |      62,227 |              7.56 |         -20.0 |           +2.8 |         +20.0 |
==========================================================================================================================

 -> Plot saved successfully to: OUTPUT_LDP/TH_SR/TH_SR_Plot_PP_Popu.svg

--> [TH.SR] Step 6: 6_LDP_OnePage.py
Processing province: TH_SR
[+] TH_SR: One-Page Report generated successfully.
======================================================================
Completed province: TH.SR
Finished: 2026-08-01T11:41:30+07:00
======================================================================
