======================================================================
Processing province: TH.LE
Started: 2026-08-05T18:37:03+07:00
======================================================================
--> [TH.LE] Step 1: 1_fabdem_province.py
[1/5] Read GADM and select HASC_1=TH.LE
[2/5] Save province and clip FABDEM
[3/5] Generate contours every 100 m with GDAL 3.10.3
[4/5] Calculate statistics and write PDF
[5/5] Write DataFrame summaries

Completed successfully.
HASC_1 NAME_1  contours                                                                                    PDF
 TH.LE   Loei      6475 /mnt/nvme1/Project/2026-EIT_LDP_Province/OUTPUT_FABDEM/TH_LE/TH_LE_fabdem_contours.pdf
--> [TH.LE] Step 2: 2_popu2025_grid.py
[1/4] Select GADM province HASC_1=TH.LE
[2/4] Save boundary and cut population grid
[3/4] Calculate population-grid statistics
[4/4] Write population-grid PDF and summaries

Completed successfully.
HASC_1 NAME_1  population_sum                                                                                         grid
 TH.LE   Loei   455703.432971 /mnt/nvme1/Project/2026-EIT_LDP_Province/OUTPUT_POP2025/TH_LE/TH_LE_population_2025_100m.tif
--> [TH.LE] Step 3: 3_generate_sample.py
[1/4] Select GADM province HASC_1=TH.LE
 -> [READ] Loading Vector Dataset: OUTPUT_PROV/gadm41_THA.gpkg (Layer: 'ADM_ADM_1')
[2/4] Generate 1000.0m grid points
 -> Auto-detected EPSG:32647 for province.
 -> Generated 23,904 bounding box points.
 -> Clipping points to province boundary...
 -> Computing 7-digit Geohashes...
[3/4] Extracting Raster Values (FABDEM MSL & POP2025)...
 -> [READ] Opening Raster File: OUTPUT_FABDEM/TH_LE/TH_LE_fabdem.tif
 -> [READ] Opening Raster File for Area Sum: OUTPUT_POP2025/TH_LE/TH_LE_population_2025_100m.tif
 -> Converting geometries to Lng/Lat (EPSG:4326)...
[4/4] Save GeoPackage Data...
 -> [WRITE] Saving Vector File: /mnt/nvme1/Project/2026-EIT_LDP_Province/OUTPUT_SAMPL/TH_LE/TH_LE_SAMPL.gpkg (Layer: 'samples')

[5/5] Comparing POP2025 with DOPA Registration Population...

Completed successfully.
HASC_1  Grid (m)       CRS  Samples           Output POP2025 DOPA_Pop     Diff
 TH.LE    1000.0 EPSG:4326    10548 TH_LE_SAMPL.gpkg 450,062  629,377 -179,315
--> [TH.LE] Step 4: 4_analyse_ldp.py
LDP                                            [TM, 101:38]
FALSE_EN                                 [250000, -1170000]
PP_MSL                                                  240
POPU_PLOT                                    [550, 100, 20]
GPKG         [OUTPUT_SAMPL/TH_LE/TH_LE_SAMPL.gpkg, samples]
OFFSET_PP      [0.0, default hPP from average topo or pnts]
dtype: object
 -> OUTLIER FILTER: Dropped 215 points.
 -> Dropped MSL values: [-9999, -9999, -9999, -9999, 1696, 809, 807, 801, 407, 320, 359, 349, 425, 368, 715, 362, 413, 398, 408, 794, 768, 700, 775, 797, 786, 655, 706, 782, 746, 1223, 1199, 1146, 1521, 774, 722, 1519, 1524, 1541, 1574, 1565, 373, 1189, 1163, 1230, 1182, 1407, 1411, 728, 665, 466, 968, 1074, 1040, 1320, 1280, 1341, 1280, 594, 1155, 948, 702, 696, 422, 423, 486, 1170, 1211, 575, 1292, 1249, 1214, 1372, 1181, 1170, 296, 324, 342, 296, 1177, 1164, 1176, 1186, 1107, 1165, 1161, 786, 246, 241, 305, 363, 213, 471, 470, 507, 375, 592, 344, 461, 571, 552, 672, 585, 439, 409, 394, 557, 911, 382, 397, 393, 768, 689, 327, 428, 370, 392, 346, 357, 469, 376, 313, 316, 368, 386, 402, 449, 438, 400, 400, 752, 509, 497, 481, 445, 378, 344, 436, 416, 411, 503, 461, 546, 346, 356, 394, 383, 532, 494, 476, 443, 462, 375, 319, 341, 406, 395, 376, 365, 418, 323, 389, 734, 436, 455, 440, 488, 433, 433, 463, 399, 478, 453, 474, 499, 466, 489, 666, 734, 640, 658, 661, 573, 523, 439, 357, 613, 699, 370, 705, 538, 560, 313, 685, 639, 546, 481, 505, 537, 228, 385, 401, 465, 287, 560, 723, 822, 600, 677, 658, 635, 191, 289, 180, 349, 177]
 -> THINNING: Snapping points to 2 decimal grid...
 -> THINNING: Points reduced from 10333 to 8812.
 -> Using user-defined PP_MSL: 240.000m
==================================== LDP TM ====================================
@ Centroid @     <lng=101°38′>    <lat=17°24′>
Offset Projection Plane = +0.0 m. <default hPP from average topo or pnts>
Designed Project Plane : hPP=+208.78 m. / MSL=+240.00 m. tied to k0 = 1.000033
Points CSF min/mean/max [ppm] : -197.2 / -25.1 / +40.3
Points MSL min/mean/max [m.]  : +189.0 / +483.6 / +1661.0
|      |       LDP_E |       LDP_N |
|:-----|------------:|------------:|
| min  | 165,348.125 | 682,805.975 |
| max  | 304,620.254 | 844,202.927 |
| diff | 139,272.129 | 161,396.952 |
{"meta": "LDP_Definition", "PROJ_String_Decimal": "+proj=tmerc +lat_0=0.0 +lon_0=101.63333333 +k_0=1.000033 +x_0=250000 +y_0=-1170000 +ellps=WGS84 +units=m +no_defs +type=crs", "PROJ_String_DMS": "+proj=tmerc +lat_0=0.0 +lon_0=101°38′ +k_0=1.000033 +x_0=250000 +y_0=-1170000 +ellps=WGS84 +units=m +no_defs +type=crs"}
Writing definition GPKG : OUTPUT_LDP/TH_LE/TH_LE_LDP.gpkg ...
Writing definition plot : OUTPUT_LDP/TH_LE/TH_LE_LDP.svg...
{"meta": "Coverage_Analysis", "Province": "TH.LE", "Total_Pts": 10548, "Valid_Pts": 5197, "Pt_Coverage(%)": 49.27, "Total_POP": 450061.5474, "Valid_POP": 335501.0014, "POP_Coverage(%)": 74.55, "CSF_Min_ppm": -20.0, "CSF_Mean_ppm": -3.4, "CSF_Max_ppm": 19.9}
--> [TH.LE] Step 5: 5_plot_PP_PctPopu.py
[TH.LE] POPU_PLOT found in TOML. Overriding MSL bounds: Upper=550.0, Lower=100.0, Step=20.0
[TH.LE] Starting ProcessPoolExecutor with 23 offsets to compute (Mean MSL: 483.58 m)...
[TH.LE] OFFSET_PP [-383.58] computed successfully.
[TH.LE] OFFSET_PP [-363.58] computed successfully.
[TH.LE] OFFSET_PP [-343.58] computed successfully.
[TH.LE] OFFSET_PP [-323.58] computed successfully.
[TH.LE] OFFSET_PP [-303.58] computed successfully.
[TH.LE] OFFSET_PP [-283.58] computed successfully.
[TH.LE] OFFSET_PP [-263.58] computed successfully.
[TH.LE] OFFSET_PP [-243.58] computed successfully.
[TH.LE] OFFSET_PP [-223.58] computed successfully.
[TH.LE] OFFSET_PP [-203.58] computed successfully.
[TH.LE] OFFSET_PP [-183.58] computed successfully.
[TH.LE] OFFSET_PP [-163.58] computed successfully.
[TH.LE] OFFSET_PP [-143.58] computed successfully.
[TH.LE] OFFSET_PP [-123.58] computed successfully.
[TH.LE] OFFSET_PP [-103.58] computed successfully.
[TH.LE] OFFSET_PP [-83.58] computed successfully.
[TH.LE] OFFSET_PP [-63.58] computed successfully.
[TH.LE] OFFSET_PP [-43.58] computed successfully.
[TH.LE] OFFSET_PP [-23.58] computed successfully.
[TH.LE] OFFSET_PP [-3.58] computed successfully.
[TH.LE] OFFSET_PP [16.42] computed successfully.
[TH.LE] OFFSET_PP [36.42] computed successfully.
[TH.LE] OFFSET_PP [56.42] computed successfully.

==================================== LDP Population Coverage Analysis: TH.LE ====================================
|   MSL_PP |   HAE_PP | Province   |   Total_Pts |   Valid_Pts |   Pt_Coverage(%) |   Total_POP |   Valid_POP |   POP_Coverage(%) |   CSF_Min_ppm |   CSF_Mean_ppm |   CSF_Max_ppm |
|---------:|---------:|:-----------|------------:|------------:|-----------------:|------------:|------------:|------------------:|--------------:|---------------:|--------------:|
|  +100.00 |   +68.78 | TH.LE      |       10548 |        1451 |            13.76 |     450,062 |     108,954 |             24.21 |         -20.0 |          -12.2 |         +18.3 |
|  +120.00 |   +88.78 | TH.LE      |       10548 |        2161 |            20.49 |     450,062 |     218,391 |             48.52 |         -20.0 |          -12.3 |         +19.3 |
|  +140.00 |  +108.78 | TH.LE      |       10548 |        2882 |            27.32 |     450,062 |     270,110 |             60.02 |         -20.0 |          -11.6 |         +19.9 |
|  +160.00 |  +128.78 | TH.LE      |       10548 |        3596 |            34.09 |     450,062 |     308,739 |             68.60 |         -20.0 |          -10.7 |         +19.9 |
|  +180.00 |  +148.78 | TH.LE      |       10548 |        4143 |            39.28 |     450,062 |     323,927 |             71.97 |         -20.0 |           -9.3 |         +19.8 |
|  +200.00 |  +168.78 | TH.LE      |       10548 |        4659 |            44.17 |     450,062 |     331,468 |             73.65 |         -20.0 |           -7.1 |         +19.9 |
|  +220.00 |  +188.78 | TH.LE      |       10548 |        4977 |            47.18 |     450,062 |     334,470 |             74.32 |         -20.0 |           -5.3 |         +19.9 |
|  +240.00 |  +208.78 | TH.LE      |       10548 |        5197 |            49.27 |     450,062 |     335,501 |             74.55 |         -20.0 |           -3.4 |         +19.9 |
|  +260.00 |  +228.78 | TH.LE      |       10548 |        5358 |            50.80 |     450,062 |     335,324 |             74.51 |         -20.0 |           -1.5 |         +19.9 |
|  +280.00 |  +248.78 | TH.LE      |       10548 |        5473 |            51.89 |     450,062 |     328,219 |             72.93 |         -20.0 |           +0.4 |         +20.0 |
|  +300.00 |  +268.78 | TH.LE      |       10548 |        5494 |            52.09 |     450,062 |     319,671 |             71.03 |         -20.0 |           +2.2 |         +20.0 |
|  +320.00 |  +288.78 | TH.LE      |       10548 |        5527 |            52.40 |     450,062 |     314,730 |             69.93 |         -20.0 |           +3.9 |         +20.0 |
|  +340.00 |  +308.78 | TH.LE      |       10548 |        5342 |            50.64 |     450,062 |     287,976 |             63.99 |         -20.0 |           +5.7 |         +20.0 |
|  +360.00 |  +328.78 | TH.LE      |       10548 |        4901 |            46.46 |     450,062 |     211,373 |             46.97 |         -20.0 |           +6.1 |         +20.0 |
|  +380.00 |  +348.78 | TH.LE      |       10548 |        4370 |            41.43 |     450,062 |     129,762 |             28.83 |         -20.0 |           +5.9 |         +20.0 |
|  +400.00 |  +368.78 | TH.LE      |       10548 |        3783 |            35.86 |     450,062 |      80,948 |             17.99 |         -20.0 |           +5.3 |         +20.0 |
|  +420.00 |  +388.78 | TH.LE      |       10548 |        3279 |            31.09 |     450,062 |      57,792 |             12.84 |         -20.0 |           +4.3 |         +20.0 |
|  +440.00 |  +408.78 | TH.LE      |       10548 |        2858 |            27.10 |     450,062 |      47,863 |             10.63 |         -20.0 |           +3.6 |         +20.0 |
|  +460.00 |  +428.78 | TH.LE      |       10548 |        2575 |            24.41 |     450,062 |      41,878 |              9.30 |         -20.0 |           +3.3 |         +20.0 |
|  +480.00 |  +448.78 | TH.LE      |       10548 |        2238 |            21.22 |     450,062 |      35,626 |              7.92 |         -20.0 |           +2.9 |         +20.0 |
|  +500.00 |  +468.78 | TH.LE      |       10548 |        2092 |            19.83 |     450,062 |      33,778 |              7.51 |         -20.0 |           +2.9 |         +20.0 |
|  +520.00 |  +488.78 | TH.LE      |       10548 |        1936 |            18.35 |     450,062 |      31,281 |              6.95 |         -20.0 |           +3.2 |         +20.0 |
|  +540.00 |  +508.78 | TH.LE      |       10548 |        1834 |            17.39 |     450,062 |      30,603 |              6.80 |         -20.0 |           +3.4 |         +20.0 |
==========================================================================================================================

 -> Plot saved successfully to: OUTPUT_LDP/TH_LE/TH_LE_Plot_PP_Popu.svg

--> [TH.LE] Step 6: 6_LDP_OnePage.py
Processing province: TH_LE
[+] TH_LE: One-Page Report generated successfully.
======================================================================
Completed province: TH.LE
Finished: 2026-08-05T18:46:56+07:00
======================================================================
