======================================================================
Processing province: TH.PC
Started: 2026-08-07T14:43:08+07:00
======================================================================
--> [TH.PC] Step 1: 1_fabdem_province.py
[1/5] Read GADM and select HASC_1=TH.PC
[2/5] Save province and clip FABDEM
[3/5] Generate contours every 100 m with GDAL 3.10.3
[4/5] Calculate statistics and write PDF
[5/5] Write DataFrame summaries

Completed successfully.
HASC_1  NAME_1  contours                                                                                    PDF
 TH.PC Phichit        37 /mnt/nvme1/Project/2026-EIT_LDP_Province/OUTPUT_FABDEM/TH_PC/TH_PC_fabdem_contours.pdf
--> [TH.PC] Step 2: 2_popu2025_grid.py
[1/4] Select GADM province HASC_1=TH.PC
[2/4] Save boundary and cut population grid
[3/4] Calculate population-grid statistics
[4/4] Write population-grid PDF and summaries

Completed successfully.
HASC_1  NAME_1  population_sum                                                                                         grid
 TH.PC Phichit   496467.054911 /mnt/nvme1/Project/2026-EIT_LDP_Province/OUTPUT_POP2025/TH_PC/TH_PC_population_2025_100m.tif
--> [TH.PC] Step 3: 3_generate_sample.py
[1/4] Select GADM province HASC_1=TH.PC
 -> [READ] Loading Vector Dataset: OUTPUT_PROV/gadm41_THA.gpkg (Layer: 'ADM_ADM_1')
[2/4] Generate 1000.0m grid points
 -> Auto-detected EPSG:32647 for province.
 -> Generated 7,138 bounding box points.
 -> Clipping points to province boundary...
 -> Computing 7-digit Geohashes...
[3/4] Extracting Raster Values (FABDEM MSL & POP2025)...
 -> [READ] Opening Raster File: OUTPUT_FABDEM/TH_PC/TH_PC_fabdem.tif
 -> [READ] Opening Raster File for Area Sum: OUTPUT_POP2025/TH_PC/TH_PC_population_2025_100m.tif
 -> Converting geometries to Lng/Lat (EPSG:4326)...
[4/4] Save GeoPackage Data...
 -> [WRITE] Saving Vector File: /mnt/nvme1/Project/2026-EIT_LDP_Province/OUTPUT_SAMPL/TH_PC/TH_PC_SAMPL.gpkg (Layer: 'samples')

[5/5] Comparing POP2025 with DOPA Registration Population...

Completed successfully.
HASC_1  Grid (m)       CRS  Samples           Output POP2025 DOPA_Pop    Diff
 TH.PC    1000.0 EPSG:4326     4308 TH_PC_SAMPL.gpkg 492,286  513,150 -20,864
--> [TH.PC] Step 4: 4_analyse_ldp.py
LDP                                            [TM, 100:21]
FALSE_EN                                  [50000, -1650000]
PP_MSL                                                  -20
GPKG         [OUTPUT_SAMPL/TH_PC/TH_PC_SAMPL.gpkg, samples]
OFFSET_PP      [0.0, default hPP from average topo or pnts]
dtype: object
 -> OUTLIER FILTER: Dropped 87 points.
 -> Dropped MSL values: [30, 25, 43, 35, 47, 32, 30, 31, 23, 32, 23, 31, 32, 35, 31, 32, 32, 32, 33, 25, 26, 34, 34, 36, 40, 28, 28, 51, 68, 79, 65, 111, 67, 80, 141, 111, 40, 38, 35, 46, 46, 48, 48, 47, 48, 49, 47, 45, 51, 29, 29, 40, 37, 27, 30, 29, 38, 58, 47, 42, 40, 42, 38, 39, 42, 33, 34, 34, 43, 62, 79, 100, 78, 113, 82, 69, 64, 59, 70, 40, 40, 47, 46, 41, 40, 36, 34]
 -> THINNING: Snapping points to 2 decimal grid...
 -> THINNING: Points reduced from 4221 to 3594.
 -> Using user-defined PP_MSL: -20.000m
==================================== LDP TM ====================================
@ Centroid @     <lng=100°21′>    <lat=16°15′>
Offset Projection Plane = +0.0 m. <default hPP from average topo or pnts>
Designed Project Plane : hPP=-53.81 m. / MSL=-20.00 m. tied to k0 = 0.999992
Points CSF min/mean/max [ppm] : -8.9 / -4.1 / +9.8
Points MSL min/mean/max [m.]  : +25.0 / +37.8 / +77.0
|      |      LDP_E |       LDP_N |
|:-----|-----------:|------------:|
| min  | 11,809.697 | 110,103.623 |
| max  | 94,555.318 | 190,336.745 |
| diff | 82,745.620 |  80,233.122 |
{"meta": "LDP_Definition", "PROJ_String_Decimal": "+proj=tmerc +lat_0=0.0 +lon_0=100.35000000 +k_0=0.999992 +x_0=50000 +y_0=-1650000 +ellps=WGS84 +units=m +no_defs +type=crs", "PROJ_String_DMS": "+proj=tmerc +lat_0=0.0 +lon_0=100°21′ +k_0=0.999992 +x_0=50000 +y_0=-1650000 +ellps=WGS84 +units=m +no_defs +type=crs"}
Writing definition GPKG : OUTPUT_LDP/TH_PC/TH_PC_LDP.gpkg ...
Writing definition plot : OUTPUT_LDP/TH_PC/TH_PC_LDP.svg...
{"meta": "Coverage_Analysis", "Province": "TH.PC", "Total_Pts": 4308, "Valid_Pts": 3594, "Pt_Coverage(%)": 83.43, "Total_POP": 492286.0695, "Valid_POP": 403338.1074, "POP_Coverage(%)": 81.93, "CSF_Min_ppm": -8.9, "CSF_Mean_ppm": -4.1, "CSF_Max_ppm": 9.8}
--> [TH.PC] Step 5: 5_plot_PP_PctPopu.py
[TH.PC] Starting ProcessPoolExecutor with 16 offsets to compute (Mean MSL: 37.85 m)...
[TH.PC] OFFSET_PP [-200.00] computed successfully.
[TH.PC] OFFSET_PP [-180.00] computed successfully.
[TH.PC] OFFSET_PP [-160.00] computed successfully.
[TH.PC] OFFSET_PP [-140.00] computed successfully.
[TH.PC] OFFSET_PP [-120.00] computed successfully.
[TH.PC] OFFSET_PP [-100.00] computed successfully.
[TH.PC] OFFSET_PP [-80.00] computed successfully.
[TH.PC] OFFSET_PP [-60.00] computed successfully.
[TH.PC] OFFSET_PP [-40.00] computed successfully.
[TH.PC] OFFSET_PP [-20.00] computed successfully.
[TH.PC] OFFSET_PP [0.00] computed successfully.
[TH.PC] OFFSET_PP [20.00] computed successfully.
[TH.PC] OFFSET_PP [40.00] computed successfully.
[TH.PC] OFFSET_PP [60.00] computed successfully.
[TH.PC] OFFSET_PP [80.00] computed successfully.
[TH.PC] OFFSET_PP [100.00] computed successfully.

==================================== LDP Population Coverage Analysis: TH.PC ====================================
|   MSL_PP |   HAE_PP | Province   |   Total_Pts |   Valid_Pts |   Pt_Coverage(%) |   Total_POP |   Valid_POP |   POP_Coverage(%) |   CSF_Min_ppm |   CSF_Mean_ppm |   CSF_Max_ppm |
|---------:|---------:|:-----------|------------:|------------:|-----------------:|------------:|------------:|------------------:|--------------:|---------------:|--------------:|
|  -162.15 |  -195.97 | TH.PC      |        4308 |         199 |             4.62 |     492,286 |      15,140 |              3.08 |         -20.0 |          -18.1 |         -13.2 |
|  -142.15 |  -175.97 | TH.PC      |        4308 |         476 |            11.05 |     492,286 |      38,397 |              7.80 |         -20.0 |          -17.1 |         -10.2 |
|  -122.15 |  -155.97 | TH.PC      |        4308 |        1098 |            25.49 |     492,286 |     107,966 |             21.93 |         -20.0 |          -16.7 |          -7.2 |
|  -102.15 |  -135.97 | TH.PC      |        4308 |        2822 |            65.51 |     492,286 |     257,009 |             52.21 |         -20.0 |          -16.1 |          -3.2 |
|   -82.15 |  -115.97 | TH.PC      |        4308 |        3594 |            83.43 |     492,286 |     403,338 |             81.93 |         -18.9 |          -14.1 |          -0.2 |
|   -62.15 |   -95.97 | TH.PC      |        4308 |        3594 |            83.43 |     492,286 |     403,338 |             81.93 |         -15.9 |          -11.1 |          +2.8 |
|   -42.15 |   -75.97 | TH.PC      |        4308 |        3594 |            83.43 |     492,286 |     403,338 |             81.93 |         -12.9 |           -8.1 |          +5.8 |
|   -22.15 |   -55.97 | TH.PC      |        4308 |        3594 |            83.43 |     492,286 |     403,338 |             81.93 |          -9.9 |           -5.1 |          +8.8 |
|    -2.15 |   -35.97 | TH.PC      |        4308 |        3594 |            83.43 |     492,286 |     403,338 |             81.93 |          -6.9 |           -2.1 |         +11.8 |
|   +17.85 |   -15.97 | TH.PC      |        4308 |        3594 |            83.43 |     492,286 |     403,338 |             81.93 |          -3.9 |           +0.9 |         +14.8 |
|   +37.85 |    +4.03 | TH.PC      |        4308 |        3594 |            83.43 |     492,286 |     403,338 |             81.93 |          +0.1 |           +4.9 |         +18.8 |
|   +57.85 |   +24.03 | TH.PC      |        4308 |        3587 |            83.26 |     492,286 |     403,052 |             81.87 |          +3.1 |           +7.9 |         +19.8 |
|   +77.85 |   +44.03 | TH.PC      |        4308 |        3511 |            81.50 |     492,286 |     396,501 |             80.54 |          +6.1 |          +10.7 |         +20.0 |
|   +97.85 |   +64.03 | TH.PC      |        4308 |        3320 |            77.07 |     492,286 |     381,557 |             77.51 |          +9.1 |          +13.2 |         +20.0 |
|  +117.85 |   +84.03 | TH.PC      |        4308 |        2965 |            68.83 |     492,286 |     349,179 |             70.93 |         +12.1 |          +15.6 |         +20.0 |
|  +137.85 |  +104.03 | TH.PC      |        4308 |        2183 |            50.67 |     492,286 |     267,461 |             54.33 |         +15.1 |          +17.6 |         +20.0 |
==========================================================================================================================

 -> Plot saved successfully to: OUTPUT_LDP/TH_PC/TH_PC_Plot_PP_Popu.svg

--> [TH.PC] Step 6: 6_LDP_OnePage.py
Processing province: TH_PC
[+] TH_PC: One-Page Report generated successfully.
======================================================================
Completed province: TH.PC
Finished: 2026-08-07T14:46:27+07:00
======================================================================
