======================================================================
Processing province: TH.LB
Started: 2026-08-05T18:36:56+07:00
======================================================================
--> [TH.LB] Step 1: 1_fabdem_province.py
[1/5] Read GADM and select HASC_1=TH.LB
[2/5] Save province and clip FABDEM
[3/5] Generate contours every 100 m with GDAL 3.10.3
[4/5] Calculate statistics and write PDF
[5/5] Write DataFrame summaries

Completed successfully.
HASC_1   NAME_1  contours                                                                                    PDF
 TH.LB Lop Buri      1504 /mnt/nvme1/Project/2026-EIT_LDP_Province/OUTPUT_FABDEM/TH_LB/TH_LB_fabdem_contours.pdf
--> [TH.LB] Step 2: 2_popu2025_grid.py
[1/4] Select GADM province HASC_1=TH.LB
[2/4] Save boundary and cut population grid
[3/4] Calculate population-grid statistics
[4/4] Write population-grid PDF and summaries

Completed successfully.
HASC_1   NAME_1  population_sum                                                                                         grid
 TH.LB Lop Buri   749059.151627 /mnt/nvme1/Project/2026-EIT_LDP_Province/OUTPUT_POP2025/TH_LB/TH_LB_population_2025_100m.tif
--> [TH.LB] Step 3: 3_generate_sample.py
[1/4] Select GADM province HASC_1=TH.LB
 -> [READ] Loading Vector Dataset: OUTPUT_PROV/gadm41_THA.gpkg (Layer: 'ADM_ADM_1')
[2/4] Generate 1000.0m grid points
 -> Auto-detected EPSG:32647 for province.
 -> Generated 11,445 bounding box points.
 -> Clipping points to province boundary...
 -> Computing 7-digit Geohashes...
[3/4] Extracting Raster Values (FABDEM MSL & POP2025)...
 -> [READ] Opening Raster File: OUTPUT_FABDEM/TH_LB/TH_LB_fabdem.tif
 -> [READ] Opening Raster File for Area Sum: OUTPUT_POP2025/TH_LB/TH_LB_population_2025_100m.tif
 -> Converting geometries to Lng/Lat (EPSG:4326)...
[4/4] Save GeoPackage Data...
 -> [WRITE] Saving Vector File: /mnt/nvme1/Project/2026-EIT_LDP_Province/OUTPUT_SAMPL/TH_LB/TH_LB_SAMPL.gpkg (Layer: 'samples')

[5/5] Comparing POP2025 with DOPA Registration Population...

Completed successfully.
HASC_1  Grid (m)       CRS  Samples           Output POP2025 DOPA_Pop   Diff
 TH.LB    1000.0 EPSG:4326     6246 TH_LB_SAMPL.gpkg 743,314  721,560 21,754
--> [TH.LB] Step 4: 4_analyse_ldp.py
LDP                                            [TM, 100:54]
FALSE_EN                                  [250000, -930000]
PP_MSL                                                  -30
GPKG         [OUTPUT_SAMPL/TH_LB/TH_LB_SAMPL.gpkg, samples]
OFFSET_PP      [0.0, default hPP from average topo or pnts]
dtype: object
 -> OUTLIER FILTER: Dropped 125 points.
 -> Dropped MSL values: [61, 67, 91, 118, 402, 234, 191, 198, 150, 89, 142, 161, 143, 100, 191, 138, 139, 185, 192, 146, 86, 392, 439, 427, 608, 82, 89, 158, 143, 391, 113, 111, 101, 90, 122, 87, 126, 229, 127, 211, 242, 94, 399, 122, 127, 111, 107, 147, 120, 206, 134, 139, 129, 247, 214, 307, 527, 232, 139, 168, 189, 272, 135, 218, 144, 254, 237, 177, 279, 31, 32, 76, 127, 78, 104, 19, 124, 77, 103, 203, 196, 124, 122, 200, 193, 257, 258, 271, 250, 275, 183, 64, 77, 80, 489, 544, 487, 514, 145, 181, 157, 269, 111, 574, 582, 215, 648, 689, 541, 268, 133, 195, 243, 224, 196, 287, 131, 194, 144, 92, 475, 502, 648, 453, 501]
 -> THINNING: Snapping points to 2 decimal grid...
 -> THINNING: Points reduced from 6121 to 5163.
 -> Using user-defined PP_MSL: -30.000m
==================================== LDP TM ====================================
@ Centroid @     <lng=100°54′>    <lat=15°06′>
Offset Projection Plane = +0.0 m. <default hPP from average topo or pnts>
Designed Project Plane : hPP=-60.98 m. / MSL=-30.00 m. tied to k0 = 0.999990
Points CSF min/mean/max [ppm] : -77.4 / -9.4 / +26.1
Points MSL min/mean/max [m.]  : +5.0 / +86.4 / +494.0
|      |       LDP_E |       LDP_N |
|:-----|------------:|------------:|
| min  | 198,754.743 | 691,038.900 |
| max  | 304,736.520 | 792,361.458 |
| diff | 105,981.777 | 101,322.558 |
{"meta": "LDP_Definition", "PROJ_String_Decimal": "+proj=tmerc +lat_0=0.0 +lon_0=100.90000000 +k_0=0.999990 +x_0=250000 +y_0=-930000 +ellps=WGS84 +units=m +no_defs +type=crs", "PROJ_String_DMS": "+proj=tmerc +lat_0=0.0 +lon_0=100°54′ +k_0=0.999990 +x_0=250000 +y_0=-930000 +ellps=WGS84 +units=m +no_defs +type=crs"}
Writing definition GPKG : OUTPUT_LDP/TH_LB/TH_LB_LDP.gpkg ...
Writing definition plot : OUTPUT_LDP/TH_LB/TH_LB_LDP.svg...
{"meta": "Coverage_Analysis", "Province": "TH.LB", "Total_Pts": 6246, "Valid_Pts": 4322, "Pt_Coverage(%)": 69.2, "Total_POP": 743313.9505, "Valid_POP": 589367.8212, "POP_Coverage(%)": 79.29, "CSF_Min_ppm": -20.0, "CSF_Mean_ppm": -6.0, "CSF_Max_ppm": 19.9}
--> [TH.LB] Step 5: 5_plot_PP_PctPopu.py
[TH.LB] Starting ProcessPoolExecutor with 16 offsets to compute (Mean MSL: 86.42 m)...
[TH.LB] OFFSET_PP [-200.00] computed successfully.
[TH.LB] OFFSET_PP [-180.00] computed successfully.
[TH.LB] OFFSET_PP [-160.00] computed successfully.
[TH.LB] OFFSET_PP [-140.00] computed successfully.
[TH.LB] OFFSET_PP [-120.00] computed successfully.
[TH.LB] OFFSET_PP [-100.00] computed successfully.
[TH.LB] OFFSET_PP [-80.00] computed successfully.
[TH.LB] OFFSET_PP [-60.00] computed successfully.
[TH.LB] OFFSET_PP [-40.00] computed successfully.
[TH.LB] OFFSET_PP [-20.00] computed successfully.
[TH.LB] OFFSET_PP [0.00] computed successfully.
[TH.LB] OFFSET_PP [20.00] computed successfully.
[TH.LB] OFFSET_PP [40.00] computed successfully.
[TH.LB] OFFSET_PP [60.00] computed successfully.
[TH.LB] OFFSET_PP [80.00] computed successfully.
[TH.LB] OFFSET_PP [100.00] computed successfully.

==================================== LDP Population Coverage Analysis: TH.LB ====================================
|   MSL_PP |   HAE_PP | Province   |   Total_Pts |   Valid_Pts |   Pt_Coverage(%) |   Total_POP |   Valid_POP |   POP_Coverage(%) |   CSF_Min_ppm |   CSF_Mean_ppm |   CSF_Max_ppm |
|---------:|---------:|:-----------|------------:|------------:|-----------------:|------------:|------------:|------------------:|--------------:|---------------:|--------------:|
|  -113.58 |  -144.56 | TH.LB      |        6246 |        1878 |            30.07 |     743,314 |     373,447 |             50.24 |         -20.0 |           -8.0 |         +13.1 |
|   -93.58 |  -124.56 | TH.LB      |        6246 |        2351 |            37.64 |     743,314 |     411,222 |             55.32 |         -20.0 |           -7.7 |         +16.1 |
|   -73.58 |  -104.56 | TH.LB      |        6246 |        3293 |            52.72 |     743,314 |     511,940 |             68.87 |         -20.0 |           -7.9 |         +19.2 |
|   -53.58 |   -84.56 | TH.LB      |        6246 |        3973 |            63.61 |     743,314 |     573,402 |             77.14 |         -20.0 |           -7.3 |         +19.9 |
|   -33.58 |   -64.56 | TH.LB      |        6246 |        4322 |            69.20 |     743,314 |     589,368 |             79.29 |         -20.0 |           -6.0 |         +19.9 |
|   -13.58 |   -44.56 | TH.LB      |        6246 |        4474 |            71.63 |     743,314 |     587,644 |             79.06 |         -20.0 |           -4.4 |         +20.0 |
|    +6.42 |   -24.56 | TH.LB      |        6246 |        4460 |            71.41 |     743,314 |     571,840 |             76.93 |         -20.0 |           -2.4 |         +20.0 |
|   +26.42 |    -4.56 | TH.LB      |        6246 |        4371 |            69.98 |     743,314 |     555,225 |             74.70 |         -19.9 |           -0.4 |         +19.9 |
|   +46.42 |   +15.44 | TH.LB      |        6246 |        4214 |            67.47 |     743,314 |     528,180 |             71.06 |         -19.9 |           +1.4 |         +20.0 |
|   +66.42 |   +35.44 | TH.LB      |        6246 |        3972 |            63.59 |     743,314 |     452,569 |             60.89 |         -19.8 |           +3.7 |         +20.0 |
|   +86.42 |   +55.44 | TH.LB      |        6246 |        3759 |            60.18 |     743,314 |     381,101 |             51.27 |         -20.0 |           +5.5 |         +20.0 |
|  +106.42 |   +75.44 | TH.LB      |        6246 |        3570 |            57.16 |     743,314 |     333,509 |             44.87 |         -20.0 |           +7.3 |         +20.0 |
|  +126.42 |   +95.44 | TH.LB      |        6246 |        3371 |            53.97 |     743,314 |     287,639 |             38.70 |         -19.9 |           +9.3 |         +20.0 |
|  +146.42 |  +115.44 | TH.LB      |        6246 |        3080 |            49.31 |     743,314 |     239,831 |             32.27 |         -19.6 |          +11.1 |         +20.0 |
|  +166.42 |  +135.44 | TH.LB      |        6246 |        2540 |            40.67 |     743,314 |     187,208 |             25.19 |         -19.7 |          +12.2 |         +20.0 |
|  +186.42 |  +155.44 | TH.LB      |        6246 |        1812 |            29.01 |     743,314 |     110,438 |             14.86 |         -18.8 |          +12.5 |         +20.0 |
==========================================================================================================================

 -> Plot saved successfully to: OUTPUT_LDP/TH_LB/TH_LB_Plot_PP_Popu.svg

--> [TH.LB] Step 6: 6_LDP_OnePage.py
Processing province: TH_LB
[+] TH_LB: One-Page Report generated successfully.
======================================================================
Completed province: TH.LB
Finished: 2026-08-05T18:42:16+07:00
======================================================================
