======================================================================
Processing province: TH.CR
Started: 2026-08-07T14:32:23+07:00
======================================================================
--> [TH.CR] Step 1: 1_fabdem_province.py
[1/5] Read GADM and select HASC_1=TH.CR
[2/5] Save province and clip FABDEM
[3/5] Generate contours every 100 m with GDAL 3.10.3
[4/5] Calculate statistics and write PDF
[5/5] Write DataFrame summaries

Completed successfully.
HASC_1     NAME_1  contours                                                                                    PDF
 TH.CR Chiang Rai      7777 /mnt/nvme1/Project/2026-EIT_LDP_Province/OUTPUT_FABDEM/TH_CR/TH_CR_fabdem_contours.pdf
--> [TH.CR] Step 2: 2_popu2025_grid.py
[1/4] Select GADM province HASC_1=TH.CR
[2/4] Save boundary and cut population grid
[3/4] Calculate population-grid statistics
[4/4] Write population-grid PDF and summaries

Completed successfully.
HASC_1     NAME_1  population_sum                                                                                         grid
 TH.CR Chiang Rai    1.129897e+06 /mnt/nvme1/Project/2026-EIT_LDP_Province/OUTPUT_POP2025/TH_CR/TH_CR_population_2025_100m.tif
--> [TH.CR] Step 3: 3_generate_sample.py
[1/4] Select GADM province HASC_1=TH.CR
 -> [READ] Loading Vector Dataset: OUTPUT_PROV/gadm41_THA.gpkg (Layer: 'ADM_ADM_1')
[2/4] Generate 1000.0m grid points
 -> Auto-detected EPSG:32647 for province.
 -> Generated 23,100 bounding box points.
 -> Clipping points to province boundary...
 -> Computing 7-digit Geohashes...
[3/4] Extracting Raster Values (FABDEM MSL & POP2025)...
 -> [READ] Opening Raster File: OUTPUT_FABDEM/TH_CR/TH_CR_fabdem.tif
 -> [READ] Opening Raster File for Area Sum: OUTPUT_POP2025/TH_CR/TH_CR_population_2025_100m.tif
 -> Converting geometries to Lng/Lat (EPSG:4326)...
[4/4] Save GeoPackage Data...
 -> [WRITE] Saving Vector File: /mnt/nvme1/Project/2026-EIT_LDP_Province/OUTPUT_SAMPL/TH_CR/TH_CR_SAMPL.gpkg (Layer: 'samples')

[5/5] Comparing POP2025 with DOPA Registration Population...

Completed successfully.
HASC_1  Grid (m)       CRS  Samples           Output   POP2025  DOPA_Pop     Diff
 TH.CR    1000.0 EPSG:4326    11560 TH_CR_SAMPL.gpkg 1,123,648 1,295,922 -172,274
--> [TH.CR] Step 4: 4_analyse_ldp.py
LDP                                             [TM, 99:52]
FALSE_EN                                 [250000, -1450000]
PP_MSL                                                  400
POPU_PLOT                                    [650, 340, 20]
GPKG         [OUTPUT_SAMPL/TH_CR/TH_CR_SAMPL.gpkg, samples]
OFFSET_PP      [0.0, default hPP from average topo or pnts]
dtype: object
 -> OUTLIER FILTER: Dropped 235 points.
 -> Dropped MSL values: [-9999, -9999, -9999, 1650, 1816, 1628, 1608, 1843, 1593, 1701, 1725, 1793, 1529, 1310, 1505, 1618, 1501, 1568, 586, 581, 1264, 1314, 1384, 1118, 457, 988, 478, 474, 473, 1157, 1228, 1194, 1074, 1097, 1247, 1319, 1310, 1315, 1305, 1258, 1360, 1348, 1384, 1305, 433, 468, 468, 453, 457, 1573, 1665, 1489, 1611, 1246, 537, 1347, 1299, 1269, 733, 502, 516, 1648, 1667, 469, 443, 831, 744, 685, 739, 703, 782, 821, 806, 698, 774, 742, 751, 706, 892, 499, 881, 469, 436, 483, 441, 442, 494, 503, 545, 488, 482, 452, 491, 431, 487, 447, 478, 488, 609, 465, 601, 1225, 1613, 1497, 1493, 586, 501, 426, 431, 439, 408, 554, 714, 460, 409, 469, 439, 438, 780, 715, 756, 472, 476, 463, 505, 497, 611, 740, 767, 561, 631, 489, 535, 542, 545, 550, 472, 437, 917, 912, 601, 835, 841, 660, 534, 730, 636, 655, 446, 439, 407, 396, 439, 405, 441, 454, 402, 442, 433, 403, 445, 416, 432, 1624, 436, 388, 425, 381, 403, 383, 394, 393, 387, 393, 393, 380, 341, 382, 383, 886, 907, 697, 437, 410, 434, 430, 467, 871, 788, 1266, 1270, 408, 498, 476, 450, 461, 410, 642, 574, 433, 432, 451, 657, 633, 591, 435, 536, 440, 516, 829, 516, 648, 486, 424, 430, 1076, 1491, 1602, 1297, 1048, 1430, 1110, 432, 1251, 1298, 1390, 1372, 1341, 488, 520, 555, 479, 505, 452, 501]
 -> THINNING: Snapping points to 2 decimal grid...
 -> THINNING: Points reduced from 11325 to 9831.
 -> Using user-defined PP_MSL: 400.000m
==================================== LDP TM ====================================
@ Centroid @     <lng=99°52′>    <lat=19°51′>
Offset Projection Plane = +0.0 m. <default hPP from average topo or pnts>
Designed Project Plane : hPP=+362.67 m. / MSL=+400.00 m. tied to k0 = 1.000057
Points CSF min/mean/max [ppm] : -179.1 / -17.1 / +65.8
Points MSL min/mean/max [m.]  : +341.0 / +599.0 / +1614.0
|      |       LDP_E |       LDP_N |
|:-----|------------:|------------:|
| min  | 187,104.719 | 653,959.500 |
| max  | 323,453.528 | 812,749.613 |
| diff | 136,348.809 | 158,790.113 |
{"meta": "LDP_Definition", "PROJ_String_Decimal": "+proj=tmerc +lat_0=0.0 +lon_0=99.86666667 +k_0=1.000057 +x_0=250000 +y_0=-1450000 +ellps=WGS84 +units=m +no_defs +type=crs", "PROJ_String_DMS": "+proj=tmerc +lat_0=0.0 +lon_0=99°52′ +k_0=1.000057 +x_0=250000 +y_0=-1450000 +ellps=WGS84 +units=m +no_defs +type=crs"}
Writing definition GPKG : OUTPUT_LDP/TH_CR/TH_CR_LDP.gpkg ...
Writing definition plot : OUTPUT_LDP/TH_CR/TH_CR_LDP.svg...
{"meta": "Coverage_Analysis", "Province": "TH.CR", "Total_Pts": 11560, "Valid_Pts": 5470, "Pt_Coverage(%)": 47.32, "Total_POP": 1123647.7594, "Valid_POP": 778370.6581, "POP_Coverage(%)": 69.27, "CSF_Min_ppm": -19.9, "CSF_Mean_ppm": 0.4, "CSF_Max_ppm": 20.0}
--> [TH.CR] Step 5: 5_plot_PP_PctPopu.py
[TH.CR] POPU_PLOT found in TOML. Overriding MSL bounds: Upper=650.0, Lower=340.0, Step=20.0
[TH.CR] Starting ProcessPoolExecutor with 16 offsets to compute (Mean MSL: 598.97 m)...
[TH.CR] OFFSET_PP [-258.97] computed successfully.
[TH.CR] OFFSET_PP [-238.97] computed successfully.
[TH.CR] OFFSET_PP [-218.97] computed successfully.
[TH.CR] OFFSET_PP [-198.97] computed successfully.
[TH.CR] OFFSET_PP [-178.97] computed successfully.
[TH.CR] OFFSET_PP [-158.97] computed successfully.
[TH.CR] OFFSET_PP [-138.97] computed successfully.
[TH.CR] OFFSET_PP [-118.97] computed successfully.
[TH.CR] OFFSET_PP [-98.97] computed successfully.
[TH.CR] OFFSET_PP [-78.97] computed successfully.
[TH.CR] OFFSET_PP [-58.97] computed successfully.
[TH.CR] OFFSET_PP [-38.97] computed successfully.
[TH.CR] OFFSET_PP [-18.97] computed successfully.
[TH.CR] OFFSET_PP [1.03] computed successfully.
[TH.CR] OFFSET_PP [21.03] computed successfully.
[TH.CR] OFFSET_PP [41.03] computed successfully.

==================================== LDP Population Coverage Analysis: TH.CR ====================================
|   MSL_PP |   HAE_PP | Province   |   Total_Pts |   Valid_Pts |   Pt_Coverage(%) |   Total_POP |   Valid_POP |   POP_Coverage(%) |   CSF_Min_ppm |   CSF_Mean_ppm |   CSF_Max_ppm |
|---------:|---------:|:-----------|------------:|------------:|-----------------:|------------:|------------:|------------------:|--------------:|---------------:|--------------:|
|  +340.00 |  +302.67 | TH.CR      |       11560 |        5193 |            44.92 |   1,123,648 |     789,515 |             70.26 |         -20.0 |           -4.8 |         +20.0 |
|  +360.00 |  +322.67 | TH.CR      |       11560 |        5345 |            46.24 |   1,123,648 |     797,825 |             71.00 |         -20.0 |           -2.9 |         +20.0 |
|  +380.00 |  +342.67 | TH.CR      |       11560 |        5418 |            46.87 |   1,123,648 |     791,093 |             70.40 |         -20.0 |           -1.2 |         +20.0 |
|  +400.00 |  +362.67 | TH.CR      |       11560 |        5470 |            47.32 |   1,123,648 |     778,371 |             69.27 |         -19.9 |           +0.4 |         +20.0 |
|  +420.00 |  +382.67 | TH.CR      |       11560 |        5494 |            47.53 |   1,123,648 |     767,288 |             68.29 |         -20.0 |           +1.9 |         +20.0 |
|  +440.00 |  +402.67 | TH.CR      |       11560 |        5510 |            47.66 |   1,123,648 |     756,016 |             67.28 |         -20.0 |           +3.6 |         +20.0 |
|  +460.00 |  +422.67 | TH.CR      |       11560 |        5418 |            46.87 |   1,123,648 |     723,904 |             64.42 |         -20.0 |           +5.2 |         +20.0 |
|  +480.00 |  +442.67 | TH.CR      |       11560 |        5142 |            44.48 |   1,123,648 |     665,563 |             59.23 |         -20.0 |           +6.7 |         +20.0 |
|  +500.00 |  +462.67 | TH.CR      |       11560 |        4628 |            40.03 |   1,123,648 |     589,726 |             52.48 |         -20.0 |           +7.2 |         +20.0 |
|  +520.00 |  +482.67 | TH.CR      |       11560 |        3934 |            34.03 |   1,123,648 |     401,547 |             35.74 |         -20.0 |           +6.6 |         +20.0 |
|  +540.00 |  +502.67 | TH.CR      |       11560 |        3058 |            26.45 |   1,123,648 |     158,919 |             14.14 |         -20.0 |           +4.1 |         +20.0 |
|  +560.00 |  +522.67 | TH.CR      |       11560 |        2681 |            23.19 |   1,123,648 |     107,860 |              9.60 |         -20.0 |           +3.0 |         +20.0 |
|  +580.00 |  +542.67 | TH.CR      |       11560 |        2482 |            21.47 |   1,123,648 |      83,118 |              7.40 |         -20.0 |           +2.3 |         +20.0 |
|  +600.00 |  +562.67 | TH.CR      |       11560 |        2349 |            20.32 |   1,123,648 |      72,555 |              6.46 |         -20.0 |           +2.0 |         +20.0 |
|  +620.00 |  +582.67 | TH.CR      |       11560 |        2217 |            19.18 |   1,123,648 |      54,022 |              4.81 |         -20.0 |           +1.6 |         +20.0 |
|  +640.00 |  +602.67 | TH.CR      |       11560 |        2145 |            18.56 |   1,123,648 |      41,526 |              3.70 |         -20.0 |           +1.7 |         +20.0 |
==========================================================================================================================

 -> Plot saved successfully to: OUTPUT_LDP/TH_CR/TH_CR_Plot_PP_Popu.svg

--> [TH.CR] Step 6: 6_LDP_OnePage.py
Processing province: TH_CR
[+] TH_CR: One-Page Report generated successfully.
======================================================================
Completed province: TH.CR
Finished: 2026-08-07T14:39:17+07:00
======================================================================
