======================================================================
Processing province: TH.NW
Started: 2026-08-05T18:45:13+07:00
======================================================================
--> [TH.NW] Step 1: 1_fabdem_province.py
[1/5] Read GADM and select HASC_1=TH.NW
[2/5] Save province and clip FABDEM
[3/5] Generate contours every 100 m with GDAL 3.10.3
[4/5] Calculate statistics and write PDF
[5/5] Write DataFrame summaries

Completed successfully.
HASC_1     NAME_1  contours                                                                                    PDF
 TH.NW Narathiwat      1909 /mnt/nvme1/Project/2026-EIT_LDP_Province/OUTPUT_FABDEM/TH_NW/TH_NW_fabdem_contours.pdf
--> [TH.NW] Step 2: 2_popu2025_grid.py
[1/4] Select GADM province HASC_1=TH.NW
[2/4] Save boundary and cut population grid
[3/4] Calculate population-grid statistics
[4/4] Write population-grid PDF and summaries

Completed successfully.
HASC_1     NAME_1  population_sum                                                                                         grid
 TH.NW Narathiwat   633387.734921 /mnt/nvme1/Project/2026-EIT_LDP_Province/OUTPUT_POP2025/TH_NW/TH_NW_population_2025_100m.tif
--> [TH.NW] Step 3: 3_generate_sample.py
[1/4] Select GADM province HASC_1=TH.NW
 -> [READ] Loading Vector Dataset: OUTPUT_PROV/gadm41_THA.gpkg (Layer: 'ADM_ADM_1')
[2/4] Generate 1000.0m grid points
 -> Auto-detected EPSG:32647 for province.
 -> Generated 8,364 bounding box points.
 -> Clipping points to province boundary...
 -> Computing 7-digit Geohashes...
[3/4] Extracting Raster Values (FABDEM MSL & POP2025)...
 -> [READ] Opening Raster File: OUTPUT_FABDEM/TH_NW/TH_NW_fabdem.tif
 -> [READ] Opening Raster File for Area Sum: OUTPUT_POP2025/TH_NW/TH_NW_population_2025_100m.tif
 -> Converting geometries to Lng/Lat (EPSG:4326)...
[4/4] Save GeoPackage Data...
 -> [WRITE] Saving Vector File: /mnt/nvme1/Project/2026-EIT_LDP_Province/OUTPUT_SAMPL/TH_NW/TH_NW_SAMPL.gpkg (Layer: 'samples')

[5/5] Comparing POP2025 with DOPA Registration Population...

Completed successfully.
HASC_1  Grid (m)       CRS  Samples           Output POP2025 DOPA_Pop     Diff
 TH.NW    1000.0 EPSG:4326     4458 TH_NW_SAMPL.gpkg 623,642  828,346 -204,704
--> [TH.NW] Step 4: 4_analyse_ldp.py
LDP                                            [TM, 101:43]
FALSE_EN                                   [50000, -530000]
PP_MSL                                                    0
GPKG         [OUTPUT_SAMPL/TH_NW/TH_NW_SAMPL.gpkg, samples]
OFFSET_PP      [0.0, default hPP from average topo or pnts]
dtype: object
 -> OUTLIER FILTER: Dropped 92 points.
 -> Dropped MSL values: [-9999, -9999, 569, 63, 219, 61, 43, 732, 855, 741, 663, 653, 645, 833, 763, 114, 84, 694, 120, 137, 705, 95, 91, 40, 85, 79, 111, 77, 106, 89, 82, 114, 119, 1166, 806, 81, 674, 628, 95, 98, 721, 802, 729, 83, 82, 63, 109, 478, 1059, 1087, 94, 81, 77, 99, 67, 97, 64, 97, 111, 107, 118, 81, 88, 82, 89, 103, 108, 72, 65, 125, 165, 215, 99, 740, 661, 26, 48, 183, 87, 225, 39, 70, 95, 82, 700, 47, 85, 107, 99, 115, 88, 151]
 -> THINNING: Snapping points to 2 decimal grid...
 -> THINNING: Points reduced from 4366 to 3612.
 -> Using user-defined PP_MSL: 0.000m
==================================== LDP TM ====================================
@ Centroid @     <lng=101°43′>    <lat=06°11′>
Offset Projection Plane = +0.0 m. <default hPP from average topo or pnts>
Designed Project Plane : hPP=-8.16 m. / MSL=+0.00 m. tied to k0 = 0.999999
Points CSF min/mean/max [ppm] : -199.9 / -18.2 / +20.7
Points MSL min/mean/max [m.]  : +0.0 / +142.8 / +1309.0
|      |      LDP_E |       LDP_N |
|:-----|-----------:|------------:|
| min  | 12,375.655 | 105,486.088 |
| max  | 91,286.071 | 203,521.047 |
| diff | 78,910.416 |  98,034.959 |
{"meta": "LDP_Definition", "PROJ_String_Decimal": "+proj=tmerc +lat_0=0.0 +lon_0=101.71666667 +k_0=0.999999 +x_0=50000 +y_0=-530000 +ellps=WGS84 +units=m +no_defs +type=crs", "PROJ_String_DMS": "+proj=tmerc +lat_0=0.0 +lon_0=101°43′ +k_0=0.999999 +x_0=50000 +y_0=-530000 +ellps=WGS84 +units=m +no_defs +type=crs"}
Writing definition GPKG : OUTPUT_LDP/TH_NW/TH_NW_LDP.gpkg ...
Writing definition plot : OUTPUT_LDP/TH_NW/TH_NW_LDP.svg...
{"meta": "Coverage_Analysis", "Province": "TH.NW", "Total_Pts": 4458, "Valid_Pts": 2465, "Pt_Coverage(%)": 55.29, "Total_POP": 623641.5348, "Valid_POP": 509075.35179999995, "POP_Coverage(%)": 81.63, "CSF_Min_ppm": -20.0, "CSF_Mean_ppm": -0.9, "CSF_Max_ppm": 19.9}
--> [TH.NW] Step 5: 5_plot_PP_PctPopu.py
[TH.NW] Starting ProcessPoolExecutor with 16 offsets to compute (Mean MSL: 142.77 m)...
[TH.NW] OFFSET_PP [-200.00] computed successfully.
[TH.NW] OFFSET_PP [-180.00] computed successfully.
[TH.NW] OFFSET_PP [-160.00] computed successfully.
[TH.NW] OFFSET_PP [-140.00] computed successfully.
[TH.NW] OFFSET_PP [-120.00] computed successfully.
[TH.NW] OFFSET_PP [-100.00] computed successfully.
[TH.NW] OFFSET_PP [-80.00] computed successfully.
[TH.NW] OFFSET_PP [-60.00] computed successfully.
[TH.NW] OFFSET_PP [-40.00] computed successfully.
[TH.NW] OFFSET_PP [-20.00] computed successfully.
[TH.NW] OFFSET_PP [0.00] computed successfully.
[TH.NW] OFFSET_PP [20.00] computed successfully.
[TH.NW] OFFSET_PP [40.00] computed successfully.
[TH.NW] OFFSET_PP [60.00] computed successfully.
[TH.NW] OFFSET_PP [80.00] computed successfully.
[TH.NW] OFFSET_PP [100.00] computed successfully.

==================================== LDP Population Coverage Analysis: TH.NW ====================================
|   MSL_PP |   HAE_PP | Province   |   Total_Pts |   Valid_Pts |   Pt_Coverage(%) |   Total_POP |   Valid_POP |   POP_Coverage(%) |   CSF_Min_ppm |   CSF_Mean_ppm |   CSF_Max_ppm |
|---------:|---------:|:-----------|------------:|------------:|-----------------:|------------:|------------:|------------------:|--------------:|---------------:|--------------:|
|   -57.23 |   -65.39 | TH.NW      |        4458 |        2153 |            48.30 |     623,642 |     488,060 |             78.26 |         -20.0 |           -7.7 |         +11.7 |
|   -37.23 |   -45.39 | TH.NW      |        4458 |        2245 |            50.36 |     623,642 |     494,436 |             79.28 |         -20.0 |           -5.3 |         +14.7 |
|   -17.23 |   -25.39 | TH.NW      |        4458 |        2368 |            53.12 |     623,642 |     504,309 |             80.87 |         -20.0 |           -3.1 |         +17.7 |
|    +2.77 |    -5.39 | TH.NW      |        4458 |        2465 |            55.29 |     623,642 |     509,075 |             81.63 |         -20.0 |           -0.9 |         +19.9 |
|   +22.77 |   +14.61 | TH.NW      |        4458 |        2536 |            56.89 |     623,642 |     499,565 |             80.10 |         -20.0 |           +0.9 |         +20.0 |
|   +42.77 |   +34.61 | TH.NW      |        4458 |        2570 |            57.65 |     623,642 |     492,367 |             78.95 |         -19.9 |           +2.8 |         +20.0 |
|   +62.77 |   +54.61 | TH.NW      |        4458 |        2566 |            57.56 |     623,642 |     478,956 |             76.80 |         -20.0 |           +5.1 |         +20.0 |
|   +82.77 |   +74.61 | TH.NW      |        4458 |        2502 |            56.12 |     623,642 |     445,633 |             71.46 |         -19.8 |           +6.7 |         +20.0 |
|  +102.77 |   +94.61 | TH.NW      |        4458 |        2316 |            51.95 |     623,642 |     413,181 |             66.25 |         -19.8 |           +7.9 |         +20.0 |
|  +122.77 |  +114.61 | TH.NW      |        4458 |        2013 |            45.15 |     623,642 |     318,310 |             51.04 |         -20.0 |           +8.4 |         +20.0 |
|  +142.77 |  +134.61 | TH.NW      |        4458 |        1478 |            33.15 |     623,642 |     161,737 |             25.93 |         -19.9 |           +6.2 |         +20.0 |
|  +162.77 |  +154.61 | TH.NW      |        4458 |        1114 |            24.99 |     623,642 |      65,388 |             10.48 |         -19.9 |           +3.9 |         +20.0 |
|  +182.77 |  +174.61 | TH.NW      |        4458 |         988 |            22.16 |     623,642 |      37,963 |              6.09 |         -19.9 |           +3.5 |         +20.0 |
|  +202.77 |  +194.61 | TH.NW      |        4458 |         939 |            21.06 |     623,642 |      32,584 |              5.22 |         -19.9 |           +4.3 |         +20.0 |
|  +222.77 |  +214.61 | TH.NW      |        4458 |         875 |            19.63 |     623,642 |      23,592 |              3.78 |         -20.0 |           +4.6 |         +20.0 |
|  +242.77 |  +234.61 | TH.NW      |        4458 |         794 |            17.81 |     623,642 |      15,356 |              2.46 |         -20.0 |           +4.3 |         +20.0 |
==========================================================================================================================

 -> Plot saved successfully to: OUTPUT_LDP/TH_NW/TH_NW_Plot_PP_Popu.svg

--> [TH.NW] Step 6: 6_LDP_OnePage.py
Processing province: TH_NW
[+] TH_NW: One-Page Report generated successfully.
======================================================================
Completed province: TH.NW
Finished: 2026-08-05T18:48:33+07:00
======================================================================
