======================================================================
Processing province: TH.CP
Started: 2026-08-01T11:21:50+07:00
======================================================================
--> [TH.CP] Step 1: 1_fabdem_province.py
[1/5] Read GADM and select HASC_1=TH.CP
[2/5] Save province and clip FABDEM
[3/5] Generate contours every 100 m with GDAL 3.10.3
[4/5] Calculate statistics and write PDF
[5/5] Write DataFrame summaries

Completed successfully.
HASC_1   NAME_1  contours                                                                                    PDF
 TH.CP Chumphon      3884 /mnt/nvme1/Project/2026-EIT_LDP_Province/OUTPUT_FABDEM/TH_CP/TH_CP_fabdem_contours.pdf
--> [TH.CP] Step 2: 2_popu2025_grid.py
[1/4] Select GADM province HASC_1=TH.CP
[2/4] Save boundary and cut population grid
[3/4] Calculate population-grid statistics
[4/4] Write population-grid PDF and summaries

Completed successfully.
HASC_1   NAME_1  population_sum                                                                                         grid
 TH.CP Chumphon   458590.587382 /mnt/nvme1/Project/2026-EIT_LDP_Province/OUTPUT_POP2025/TH_CP/TH_CP_population_2025_100m.tif
--> [TH.CP] Step 3: 3_generate_sample.py
[1/4] Select GADM province HASC_1=TH.CP
 -> [READ] Loading Vector Dataset: OUTPUT_PROV/gadm41_THA.gpkg (Layer: 'ADM_ADM_1')
[2/4] Generate 1000.0m grid points
 -> Auto-detected EPSG:32647 for province.
 -> Generated 15,840 bounding box points.
 -> Clipping points to province boundary...
 -> Computing 7-digit Geohashes...
[3/4] Extracting Raster Values (FABDEM MSL & POP2025)...
 -> [READ] Opening Raster File: OUTPUT_FABDEM/TH_CP/TH_CP_fabdem.tif
 -> [READ] Opening Raster File for Area Sum: OUTPUT_POP2025/TH_CP/TH_CP_population_2025_100m.tif
 -> Converting geometries to Lng/Lat (EPSG:4326)...
[4/4] Save GeoPackage Data...
 -> [WRITE] Saving Vector File: /mnt/nvme1/Project/2026-EIT_LDP_Province/OUTPUT_SAMPL/TH_CP/TH_CP_SAMPL.gpkg (Layer: 'samples')

[5/5] Comparing POP2025 with DOPA Registration Population...

Completed successfully.
HASC_1  Grid (m)       CRS  Samples           Output POP2025 DOPA_Pop    Diff
 TH.CP    1000.0 EPSG:4326     5992 TH_CP_SAMPL.gpkg 454,423  506,856 -52,433
--> [TH.CP] Step 4: 4_analyse_ldp.py
LDP                                             [TM, 99:04]
FALSE_EN                                               AUTO
PP_MSL                                                   50
GPKG         [OUTPUT_SAMPL/TH_CP/TH_CP_SAMPL.gpkg, samples]
OFFSET_PP      [0.0, default hPP from average topo or pnts]
dtype: object
 -> OUTLIER FILTER: Dropped 124 points.
 -> Dropped MSL values: [-9999, -9999, -9999, -9999, 215, 150, 407, 426, 464, 351, 133, 175, 152, 85, 16, 113, 106, 66, 348, 947, 819, 829, 884, 899, 552, 612, 697, 706, 604, 573, 554, 87, 77, 79, 96, 151, 81, 111, 64, 63, 640, 49, 54, 34, 0, 38, 37, 43, 50, 60, 372, 106, 82, 24, 41, 169, 27, 61, 77, 29, 62, 153, 25, 49, 203, 49, 163, 27, 51, 78, 37, 111, 149, 83, 23, 43, 45, 63, 88, 44, 154, 123, 55, 31, 62, 133, 141, 89, 155, 643, 28, 101, 40, 67, 180, 90, 106, 208, 116, 125, 252, 187, 91, 150, 124, 172, 208, 193, 224, 137, 182, 134, 173, 125, 124, 164, 136, 87, 112, 132, 107, 143, 123, 146]
 -> THINNING: Snapping points to 2 decimal grid...
 -> THINNING: Points reduced from 5868 to 4878.
 -> Using user-defined PP_MSL: 50.000m
 -> AUTO detected FALSE_EN: E: 50000, N: -600000
==================================== LDP TM ====================================
@ Centroid @     <lng=99°04′>    <lat=10°21′>
Offset Projection Plane = +0.0 m. <default hPP from average topo or pnts>
Designed Project Plane : hPP=+22.24 m. / MSL=+50.00 m. tied to k0 = 1.000003
Points CSF min/mean/max [ppm] : -101.2 / -6.6 / +35.5
Points MSL min/mean/max [m.]  : +0.0 / +115.1 / +778.0
|      |      LDP_E |       LDP_N |
|:-----|-----------:|------------:|
| min  |  2,668.915 | 462,434.307 |
| max  | 98,733.821 | 619,489.147 |
| diff | 96,064.906 | 157,054.840 |
{"meta": "LDP_Definition", "PROJ_String_Decimal": "+proj=tmerc +lat_0=0.0 +lon_0=99.06666667 +k_0=1.000003 +x_0=50000 +y_0=-600000 +ellps=WGS84 +units=m +no_defs +type=crs", "PROJ_String_DMS": "+proj=tmerc +lat_0=0.0 +lon_0=99°04′ +k_0=1.000003 +x_0=50000 +y_0=-600000 +ellps=WGS84 +units=m +no_defs +type=crs"}
Writing definition GPKG : OUTPUT_LDP/TH_CP/TH_CP_LDP.gpkg ...
Writing definition plot : OUTPUT_LDP/TH_CP/TH_CP_LDP.svg...
{"meta": "Coverage_Analysis", "Province": "TH.CP", "Total_Pts": 5992, "Valid_Pts": 3854, "Pt_Coverage(%)": 64.32, "Total_POP": 454422.7162, "Valid_POP": 364983.88210000005, "POP_Coverage(%)": 80.32, "CSF_Min_ppm": -20.0, "CSF_Mean_ppm": 0.4, "CSF_Max_ppm": 20.0}
--> [TH.CP] Step 5: 5_plot_PP_PctPopu.py
[TH.CP] Starting ProcessPoolExecutor with 16 offsets to compute (Mean MSL: 115.08 m)...
[TH.CP] OFFSET_PP [-200.00] computed successfully.
[TH.CP] OFFSET_PP [-180.00] computed successfully.
[TH.CP] OFFSET_PP [-160.00] computed successfully.
[TH.CP] OFFSET_PP [-140.00] computed successfully.
[TH.CP] OFFSET_PP [-120.00] computed successfully.
[TH.CP] OFFSET_PP [-100.00] computed successfully.
[TH.CP] OFFSET_PP [-80.00] computed successfully.
[TH.CP] OFFSET_PP [-60.00] computed successfully.
[TH.CP] OFFSET_PP [-40.00] computed successfully.
[TH.CP] OFFSET_PP [-20.00] computed successfully.
[TH.CP] OFFSET_PP [0.00] computed successfully.
[TH.CP] OFFSET_PP [20.00] computed successfully.
[TH.CP] OFFSET_PP [40.00] computed successfully.
[TH.CP] OFFSET_PP [60.00] computed successfully.
[TH.CP] OFFSET_PP [80.00] computed successfully.
[TH.CP] OFFSET_PP [100.00] computed successfully.

==================================== LDP Population Coverage Analysis: TH.CP ====================================
|   MSL_PP |   HAE_PP | Province   |   Total_Pts |   Valid_Pts |   Pt_Coverage(%) |   Total_POP |   Valid_POP |   POP_Coverage(%) |   CSF_Min_ppm |   CSF_Mean_ppm |   CSF_Max_ppm |
|---------:|---------:|:-----------|------------:|------------:|-----------------:|------------:|------------:|------------------:|--------------:|---------------:|--------------:|
|   -84.92 |  -112.68 | TH.CP      |        5992 |        2239 |            37.37 |     454,423 |     290,706 |             63.97 |         -20.0 |          -13.5 |         +14.5 |
|   -64.92 |   -92.68 | TH.CP      |        5992 |        2638 |            44.03 |     454,423 |     316,867 |             69.73 |         -20.0 |          -11.7 |         +17.5 |
|   -44.92 |   -72.68 | TH.CP      |        5992 |        3072 |            51.27 |     454,423 |     339,568 |             74.73 |         -20.0 |           -9.3 |         +19.9 |
|   -24.92 |   -52.68 | TH.CP      |        5992 |        3331 |            55.59 |     454,423 |     351,309 |             77.31 |         -20.0 |           -7.4 |         +19.7 |
|    -4.92 |   -32.68 | TH.CP      |        5992 |        3534 |            58.98 |     454,423 |     359,947 |             79.21 |         -20.0 |           -5.4 |         +19.6 |
|   +15.08 |   -12.68 | TH.CP      |        5992 |        3699 |            61.73 |     454,423 |     364,974 |             80.32 |         -20.0 |           -3.3 |         +20.0 |
|   +35.08 |    +7.32 | TH.CP      |        5992 |        3814 |            63.65 |     454,423 |     365,914 |             80.52 |         -20.0 |           -1.2 |         +19.8 |
|   +55.08 |   +27.32 | TH.CP      |        5992 |        3882 |            64.79 |     454,423 |     364,278 |             80.16 |         -20.0 |           +1.1 |         +19.9 |
|   +75.08 |   +47.32 | TH.CP      |        5992 |        3920 |            65.42 |     454,423 |     361,641 |             79.58 |         -20.0 |           +3.3 |         +19.9 |
|   +95.08 |   +67.32 | TH.CP      |        5992 |        3931 |            65.60 |     454,423 |     353,578 |             77.81 |         -20.0 |           +6.2 |         +20.0 |
|  +115.08 |   +87.32 | TH.CP      |        5992 |        3779 |            63.07 |     454,423 |     317,973 |             69.97 |         -20.0 |           +8.0 |         +20.0 |
|  +135.08 |  +107.32 | TH.CP      |        5992 |        3175 |            52.99 |     454,423 |     208,630 |             45.91 |         -19.9 |           +8.1 |         +20.0 |
|  +155.08 |  +127.32 | TH.CP      |        5992 |        2528 |            42.19 |     454,423 |     116,998 |             25.75 |         -20.0 |           +7.5 |         +20.0 |
|  +175.08 |  +147.32 | TH.CP      |        5992 |        2076 |            34.65 |     454,423 |      76,046 |             16.73 |         -19.9 |           +6.9 |         +20.0 |
|  +195.08 |  +167.32 | TH.CP      |        5992 |        1789 |            29.86 |     454,423 |      55,714 |             12.26 |         -20.0 |           +6.6 |         +20.0 |
|  +215.08 |  +187.32 | TH.CP      |        5992 |        1510 |            25.20 |     454,423 |      39,340 |              8.66 |         -20.0 |           +6.1 |         +20.0 |
==========================================================================================================================

 -> Plot saved successfully to: OUTPUT_LDP/TH_CP/TH_CP_Plot_PP_Popu.svg

--> [TH.CP] Step 6: 6_LDP_OnePage.py
Processing province: TH_CP
[+] TH_CP: One-Page Report generated successfully.
======================================================================
Completed province: TH.CP
Finished: 2026-08-01T11:24:18+07:00
======================================================================
