======================================================================
Processing province: TH.UN
Started: 2026-08-01T11:41:30+07:00
======================================================================
--> [TH.UN] Step 1: 1_fabdem_province.py
[1/5] Read GADM and select HASC_1=TH.UN
[2/5] Save province and clip FABDEM
[3/5] Generate contours every 100 m with GDAL 3.10.3
[4/5] Calculate statistics and write PDF
[5/5] Write DataFrame summaries

Completed successfully.
HASC_1     NAME_1  contours                                                                                    PDF
 TH.UN Udon Thani      3555 /mnt/nvme1/Project/2026-EIT_LDP_Province/OUTPUT_FABDEM/TH_UN/TH_UN_fabdem_contours.pdf
--> [TH.UN] Step 2: 2_popu2025_grid.py
[1/4] Select GADM province HASC_1=TH.UN
[2/4] Save boundary and cut population grid
[3/4] Calculate population-grid statistics
[4/4] Write population-grid PDF and summaries

Completed successfully.
HASC_1     NAME_1  population_sum                                                                                         grid
 TH.UN Udon Thani    1.059703e+06 /mnt/nvme1/Project/2026-EIT_LDP_Province/OUTPUT_POP2025/TH_UN/TH_UN_population_2025_100m.tif
--> [TH.UN] Step 3: 3_generate_sample.py
[1/4] Select GADM province HASC_1=TH.UN
 -> [READ] Loading Vector Dataset: OUTPUT_PROV/gadm41_THA.gpkg (Layer: 'ADM_ADM_1')
[2/4] Generate 1000.0m grid points
 -> Auto-detected EPSG:32648 for province.
 -> Generated 25,665 bounding box points.
 -> Clipping points to province boundary...
 -> Computing 7-digit Geohashes...
[3/4] Extracting Raster Values (FABDEM MSL & POP2025)...
 -> [READ] Opening Raster File: OUTPUT_FABDEM/TH_UN/TH_UN_fabdem.tif
 -> [READ] Opening Raster File for Area Sum: OUTPUT_POP2025/TH_UN/TH_UN_population_2025_100m.tif
 -> Converting geometries to Lng/Lat (EPSG:4326)...
[4/4] Save GeoPackage Data...
 -> [WRITE] Saving Vector File: /mnt/nvme1/Project/2026-EIT_LDP_Province/OUTPUT_SAMPL/TH_UN/TH_UN_SAMPL.gpkg (Layer: 'samples')

[5/5] Comparing POP2025 with DOPA Registration Population...

Completed successfully.
HASC_1  Grid (m)       CRS  Samples           Output   POP2025  DOPA_Pop     Diff
 TH.UN    1000.0 EPSG:4326    11069 TH_UN_SAMPL.gpkg 1,056,799 1,546,737 -489,938
--> [TH.UN] Step 4: 4_analyse_ldp.py
LDP                                            [LCC, 17:25]
FALSE_EN                                   [750000, 250000]
PP_MSL                                                   90
GPKG         [OUTPUT_SAMPL/TH_UN/TH_UN_SAMPL.gpkg, samples]
OFFSET_PP      [0.0, default hPP from average topo or pnts]
dtype: object
 -> OUTLIER FILTER: Dropped 225 points.
 -> Dropped MSL values: [-9999, -9999, -9999, 178, 177, 179, 511, 479, 240, 270, 249, 259, 247, 264, 243, 244, 240, 224, 225, 598, 600, 641, 595, 591, 250, 252, 246, 208, 468, 272, 459, 468, 562, 461, 454, 434, 488, 439, 442, 426, 250, 262, 247, 187, 182, 198, 192, 197, 259, 258, 239, 256, 374, 263, 304, 278, 377, 304, 309, 210, 227, 206, 197, 250, 259, 209, 222, 226, 247, 247, 246, 201, 198, 219, 204, 319, 179, 192, 167, 200, 199, 196, 200, 238, 392, 367, 402, 421, 389, 363, 253, 254, 241, 248, 255, 238, 250, 256, 220, 206, 233, 214, 204, 244, 223, 245, 170, 172, 209, 238, 277, 173, 271, 280, 283, 269, 178, 195, 185, 193, 193, 619, 361, 302, 265, 279, 257, 258, 270, 265, 356, 290, 307, 296, 316, 301, 289, 293, 303, 295, 310, 204, 201, 210, 267, 244, 251, 223, 326, 343, 235, 317, 226, 227, 177, 222, 182, 190, 171, 213, 198, 203, 208, 202, 203, 196, 326, 193, 195, 184, 196, 199, 207, 204, 196, 188, 198, 192, 198, 198, 191, 186, 191, 192, 202, 196, 182, 188, 191, 203, 188, 185, 194, 176, 254, 283, 257, 332, 536, 641, 252, 256, 225, 229, 231, 229, 230, 233, 214, 212, 544, 485, 745, 732, 755, 774, 200, 195, 192, 200, 192, 188, 199, 184, 171]
 -> THINNING: Snapping points to 2 decimal grid...
 -> THINNING: Points reduced from 10844 to 9294.
 -> Using user-defined PP_MSL: 90.000m
=================================== LDP LCC ====================================
@ Centroid @     <lng=102°52′>    <lat=17°25′>
Offset Projection Plane = +0.0 m. <default hPP from average topo or pnts>
Designed Project Plane : hPP=+60.11 m. / MSL=+90.00 m. tied to k0 = 1.000009
Points CSF min/mean/max [ppm] : -67.7 / -6.5 / +44.3
Points MSL min/mean/max [m.]  : +150.0 / +211.6 / +718.0
|      |       LDP_E |       LDP_N |
|:-----|------------:|------------:|
| min  | 660,235.571 | 182,728.438 |
| max  | 835,005.781 | 323,085.222 |
| diff | 174,770.210 | 140,356.783 |
{"meta": "LDP_Definition", "PROJ_String_Decimal": "+proj=lcc +lat_1=17.41666667 +lat_0=17.41666667 +lon_0=102.86666667 +k_0=1.000009 +x_0=750000 +y_0=250000 +ellps=WGS84 +units=m +no_defs +type=crs", "PROJ_String_DMS": "+proj=lcc +lat_1=17°25′ +lat_0=17°25′ +lon_0=102°52′ +k_0=1.000009 +x_0=750000 +y_0=250000 +ellps=WGS84 +units=m +no_defs +type=crs"}
Writing definition GPKG : OUTPUT_LDP/TH_UN/TH_UN_LDP.gpkg ...
Writing definition plot : OUTPUT_LDP/TH_UN/TH_UN_LDP.svg...
{"meta": "Coverage_Analysis", "Province": "TH.UN", "Total_Pts": 11069, "Valid_Pts": 8257, "Pt_Coverage(%)": 74.6, "Total_POP": 1056798.9352, "Valid_POP": 864639.7919, "POP_Coverage(%)": 81.82, "CSF_Min_ppm": -20.0, "CSF_Mean_ppm": -5.4, "CSF_Max_ppm": 19.9}
--> [TH.UN] Step 5: 5_plot_PP_PctPopu.py
[TH.UN] Starting ProcessPoolExecutor with 16 offsets to compute (Mean MSL: 211.55 m)...
[TH.UN] OFFSET_PP [-200.00] computed successfully.
[TH.UN] OFFSET_PP [-180.00] computed successfully.
[TH.UN] OFFSET_PP [-160.00] computed successfully.
[TH.UN] OFFSET_PP [-140.00] computed successfully.
[TH.UN] OFFSET_PP [-120.00] computed successfully.
[TH.UN] OFFSET_PP [-100.00] computed successfully.
[TH.UN] OFFSET_PP [-80.00] computed successfully.
[TH.UN] OFFSET_PP [-60.00] computed successfully.
[TH.UN] OFFSET_PP [-40.00] computed successfully.
[TH.UN] OFFSET_PP [-20.00] computed successfully.
[TH.UN] OFFSET_PP [0.00] computed successfully.
[TH.UN] OFFSET_PP [20.00] computed successfully.
[TH.UN] OFFSET_PP [40.00] computed successfully.
[TH.UN] OFFSET_PP [60.00] computed successfully.
[TH.UN] OFFSET_PP [80.00] computed successfully.
[TH.UN] OFFSET_PP [100.00] computed successfully.

==================================== LDP Population Coverage Analysis: TH.UN ====================================
|   MSL_PP |   HAE_PP | Province   |   Total_Pts |   Valid_Pts |   Pt_Coverage(%) |   Total_POP |   Valid_POP |   POP_Coverage(%) |   CSF_Min_ppm |   CSF_Mean_ppm |   CSF_Max_ppm |
|---------:|---------:|:-----------|------------:|------------:|-----------------:|------------:|------------:|------------------:|--------------:|---------------:|--------------:|
|   +11.55 |   -18.33 | TH.UN      |       11069 |        4298 |            38.83 |   1,056,799 |     365,108 |             34.55 |         -20.0 |           -7.8 |         +20.0 |
|   +31.55 |    +1.67 | TH.UN      |       11069 |        5155 |            46.57 |   1,056,799 |     435,054 |             41.17 |         -20.0 |           -7.3 |         +20.0 |
|   +51.55 |   +21.67 | TH.UN      |       11069 |        6728 |            60.78 |   1,056,799 |     649,736 |             61.48 |         -20.0 |           -7.9 |         +20.0 |
|   +71.55 |   +41.67 | TH.UN      |       11069 |        8035 |            72.59 |   1,056,799 |     851,864 |             80.61 |         -20.0 |           -6.7 |         +20.0 |
|   +91.55 |   +61.67 | TH.UN      |       11069 |        8286 |            74.86 |   1,056,799 |     866,791 |             82.02 |         -20.0 |           -4.8 |         +20.0 |
|  +111.55 |   +81.67 | TH.UN      |       11069 |        8223 |            74.29 |   1,056,799 |     854,580 |             80.86 |         -20.0 |           -2.9 |         +20.0 |
|  +131.55 |  +101.67 | TH.UN      |       11069 |        7993 |            72.21 |   1,056,799 |     828,814 |             78.43 |         -19.9 |           -0.9 |         +20.0 |
|  +151.55 |  +121.67 | TH.UN      |       11069 |        7763 |            70.13 |   1,056,799 |     805,685 |             76.24 |         -20.0 |           +1.2 |         +20.0 |
|  +171.55 |  +141.67 | TH.UN      |       11069 |        7487 |            67.64 |   1,056,799 |     786,275 |             74.40 |         -20.0 |           +3.3 |         +20.0 |
|  +191.55 |  +161.67 | TH.UN      |       11069 |        7105 |            64.19 |   1,056,799 |     757,588 |             71.69 |         -19.9 |           +5.2 |         +20.0 |
|  +211.55 |  +181.67 | TH.UN      |       11069 |        6581 |            59.45 |   1,056,799 |     705,689 |             66.78 |         -19.9 |           +7.9 |         +20.0 |
|  +231.55 |  +201.67 | TH.UN      |       11069 |        6056 |            54.71 |   1,056,799 |     637,164 |             60.29 |         -20.0 |           +9.8 |         +20.0 |
|  +251.55 |  +221.67 | TH.UN      |       11069 |        5400 |            48.78 |   1,056,799 |     580,524 |             54.93 |         -19.9 |          +11.5 |         +20.0 |
|  +271.55 |  +241.67 | TH.UN      |       11069 |        4598 |            41.54 |   1,056,799 |     509,718 |             48.23 |         -19.8 |          +13.1 |         +20.0 |
|  +291.55 |  +261.67 | TH.UN      |       11069 |        3615 |            32.66 |   1,056,799 |     429,344 |             40.63 |         -19.8 |          +14.4 |         +20.0 |
|  +311.55 |  +281.67 | TH.UN      |       11069 |        1838 |            16.60 |   1,056,799 |     108,607 |             10.28 |         -19.8 |          +13.0 |         +20.0 |
==========================================================================================================================

 -> Plot saved successfully to: OUTPUT_LDP/TH_UN/TH_UN_Plot_PP_Popu.svg

--> [TH.UN] Step 6: 6_LDP_OnePage.py
Processing province: TH_UN
[+] TH_UN: One-Page Report generated successfully.
======================================================================
Completed province: TH.UN
Finished: 2026-08-01T11:47:01+07:00
======================================================================
