======================================================================
Processing province: TH.KP
Started: 2026-08-05T18:36:30+07:00
======================================================================
--> [TH.KP] Step 1: 1_fabdem_province.py
[1/5] Read GADM and select HASC_1=TH.KP
[2/5] Save province and clip FABDEM
[3/5] Generate contours every 100 m with GDAL 3.10.3
[4/5] Calculate statistics and write PDF
[5/5] Write DataFrame summaries

Completed successfully.
HASC_1         NAME_1  contours                                                                                    PDF
 TH.KP Kamphaeng Phet      2102 /mnt/nvme1/Project/2026-EIT_LDP_Province/OUTPUT_FABDEM/TH_KP/TH_KP_fabdem_contours.pdf
--> [TH.KP] Step 2: 2_popu2025_grid.py
[1/4] Select GADM province HASC_1=TH.KP
[2/4] Save boundary and cut population grid
[3/4] Calculate population-grid statistics
[4/4] Write population-grid PDF and summaries

Completed successfully.
HASC_1         NAME_1  population_sum                                                                                         grid
 TH.KP Kamphaeng Phet   876926.906229 /mnt/nvme1/Project/2026-EIT_LDP_Province/OUTPUT_POP2025/TH_KP/TH_KP_population_2025_100m.tif
--> [TH.KP] Step 3: 3_generate_sample.py
[1/4] Select GADM province HASC_1=TH.KP
 -> [READ] Loading Vector Dataset: OUTPUT_PROV/gadm41_THA.gpkg (Layer: 'ADM_ADM_1')
[2/4] Generate 1000.0m grid points
 -> Auto-detected EPSG:32647 for province.
 -> Generated 13,688 bounding box points.
 -> Clipping points to province boundary...
 -> Computing 7-digit Geohashes...
[3/4] Extracting Raster Values (FABDEM MSL & POP2025)...
 -> [READ] Opening Raster File: OUTPUT_FABDEM/TH_KP/TH_KP_fabdem.tif
 -> [READ] Opening Raster File for Area Sum: OUTPUT_POP2025/TH_KP/TH_KP_population_2025_100m.tif
 -> Converting geometries to Lng/Lat (EPSG:4326)...
[4/4] Save GeoPackage Data...
 -> [WRITE] Saving Vector File: /mnt/nvme1/Project/2026-EIT_LDP_Province/OUTPUT_SAMPL/TH_KP/TH_KP_SAMPL.gpkg (Layer: 'samples')

[5/5] Comparing POP2025 with DOPA Registration Population...

Completed successfully.
HASC_1  Grid (m)       CRS  Samples           Output POP2025 DOPA_Pop    Diff
 TH.KP    1000.0 EPSG:4326     8628 TH_KP_SAMPL.gpkg 874,181  696,972 177,209
--> [TH.KP] Step 4: 4_analyse_ldp.py
LDP                                             [TM, 99:32]
FALSE_EN                                 [250000, -1050000]
PP_MSL                                                   30
POPU_PLOT                                   [250, -100, 20]
GPKG         [OUTPUT_SAMPL/TH_KP/TH_KP_SAMPL.gpkg, samples]
OFFSET_PP      [0.0, default hPP from average topo or pnts]
dtype: object
 -> OUTLIER FILTER: Dropped 175 points.
 -> Dropped MSL values: [-9999, -9999, 236, 328, 306, 263, 244, 748, 743, 810, 221, 733, 812, 850, 191, 362, 413, 404, 324, 207, 495, 257, 339, 284, 397, 227, 324, 394, 737, 648, 186, 222, 279, 159, 177, 176, 168, 248, 206, 185, 173, 211, 217, 192, 1046, 900, 872, 377, 581, 1037, 1636, 1579, 1670, 1529, 725, 589, 790, 647, 1559, 705, 1553, 787, 864, 1740, 1602, 227, 198, 228, 207, 155, 175, 380, 170, 411, 215, 398, 150, 198, 1013, 1069, 274, 1737, 1781, 921, 193, 265, 243, 939, 924, 235, 161, 177, 955, 1038, 943, 511, 1647, 907, 1181, 1428, 167, 203, 164, 183, 154, 192, 154, 229, 265, 229, 730, 635, 597, 603, 628, 614, 235, 602, 817, 622, 238, 235, 162, 187, 228, 162, 141, 217, 172, 138, 206, 153, 169, 169, 179, 140, 230, 207, 202, 134, 151, 135, 227, 72, 154, 79, 111, 94, 41, 41, 43, 43, 139, 54, 194, 157, 149, 186, 155, 351, 125, 190, 44, 45, 52, 439, 371, 400, 195, 207, 122, 209, 104, 128, 252]
 -> THINNING: Snapping points to 2 decimal grid...
 -> THINNING: Points reduced from 8453 to 7189.
 -> Using user-defined PP_MSL: 30.000m
==================================== LDP TM ====================================
@ Centroid @     <lng=99°32′>    <lat=16°20′>
Offset Projection Plane = +0.0 m. <default hPP from average topo or pnts>
Designed Project Plane : hPP=-5.72 m. / MSL=+30.00 m. tied to k0 = 0.999999
Points CSF min/mean/max [ppm] : -222.9 / -16.4 / +34.2
Points MSL min/mean/max [m.]  : +39.0 / +189.7 / +1652.0
|      |       LDP_E |       LDP_N |
|:-----|------------:|------------:|
| min  | 192,049.471 | 704,571.704 |
| max  | 304,021.437 | 818,687.176 |
| diff | 111,971.965 | 114,115.472 |
{"meta": "LDP_Definition", "PROJ_String_Decimal": "+proj=tmerc +lat_0=0.0 +lon_0=99.53333333 +k_0=0.999999 +x_0=250000 +y_0=-1050000 +ellps=WGS84 +units=m +no_defs +type=crs", "PROJ_String_DMS": "+proj=tmerc +lat_0=0.0 +lon_0=99°32′ +k_0=0.999999 +x_0=250000 +y_0=-1050000 +ellps=WGS84 +units=m +no_defs +type=crs"}
Writing definition GPKG : OUTPUT_LDP/TH_KP/TH_KP_LDP.gpkg ...
Writing definition plot : OUTPUT_LDP/TH_KP/TH_KP_LDP.svg...
{"meta": "Coverage_Analysis", "Province": "TH.KP", "Total_Pts": 8628, "Valid_Pts": 5552, "Pt_Coverage(%)": 64.35, "Total_POP": 874181.2149, "Valid_POP": 705692.1895000001, "POP_Coverage(%)": 80.73, "CSF_Min_ppm": -19.9, "CSF_Mean_ppm": -3.7, "CSF_Max_ppm": 20.0}
--> [TH.KP] Step 5: 5_plot_PP_PctPopu.py
[TH.KP] POPU_PLOT found in TOML. Overriding MSL bounds: Upper=250.0, Lower=-100.0, Step=20.0
[TH.KP] Starting ProcessPoolExecutor with 18 offsets to compute (Mean MSL: 189.69 m)...
[TH.KP] OFFSET_PP [-289.69] computed successfully.
[TH.KP] OFFSET_PP [-269.69] computed successfully.
[TH.KP] OFFSET_PP [-249.69] computed successfully.
[TH.KP] OFFSET_PP [-229.69] computed successfully.
[TH.KP] OFFSET_PP [-209.69] computed successfully.
[TH.KP] OFFSET_PP [-189.69] computed successfully.
[TH.KP] OFFSET_PP [-169.69] computed successfully.
[TH.KP] OFFSET_PP [-149.69] computed successfully.
[TH.KP] OFFSET_PP [-129.69] computed successfully.
[TH.KP] OFFSET_PP [-109.69] computed successfully.
[TH.KP] OFFSET_PP [-89.69] computed successfully.
[TH.KP] OFFSET_PP [-69.69] computed successfully.
[TH.KP] OFFSET_PP [-49.69] computed successfully.
[TH.KP] OFFSET_PP [-29.69] computed successfully.
[TH.KP] OFFSET_PP [-9.69] computed successfully.
[TH.KP] OFFSET_PP [10.31] computed successfully.
[TH.KP] OFFSET_PP [30.31] computed successfully.
[TH.KP] OFFSET_PP [50.31] computed successfully.

==================================== LDP Population Coverage Analysis: TH.KP ====================================
|   MSL_PP |   HAE_PP | Province   |   Total_Pts |   Valid_Pts |   Pt_Coverage(%) |   Total_POP |   Valid_POP |   POP_Coverage(%) |   CSF_Min_ppm |   CSF_Mean_ppm |   CSF_Max_ppm |
|---------:|---------:|:-----------|------------:|------------:|-----------------:|------------:|------------:|------------------:|--------------:|---------------:|--------------:|
|  -100.00 |  -135.72 | TH.KP      |        8628 |        1962 |            22.74 |     874,181 |     242,948 |             27.79 |         -20.0 |           -8.4 |         +14.2 |
|   -80.00 |  -115.72 | TH.KP      |        8628 |        2410 |            27.93 |     874,181 |     299,169 |             34.22 |         -20.0 |           -7.8 |         +17.2 |
|   -60.00 |   -95.72 | TH.KP      |        8628 |        3014 |            34.93 |     874,181 |     391,522 |             44.79 |         -20.0 |           -7.6 |         +19.9 |
|   -40.00 |   -75.72 | TH.KP      |        8628 |        3998 |            46.34 |     874,181 |     587,337 |             67.19 |         -20.0 |           -8.3 |         +20.0 |
|   -20.00 |   -55.72 | TH.KP      |        8628 |        4955 |            57.43 |     874,181 |     676,355 |             77.37 |         -20.0 |           -8.4 |         +19.8 |
|    +0.00 |   -35.72 | TH.KP      |        8628 |        5429 |            62.92 |     874,181 |     709,103 |             81.12 |         -20.0 |           -7.2 |         +20.0 |
|   +20.00 |   -15.72 | TH.KP      |        8628 |        5552 |            64.35 |     874,181 |     709,639 |             81.18 |         -20.0 |           -4.5 |         +20.0 |
|   +40.00 |    +4.28 | TH.KP      |        8628 |        5492 |            63.65 |     874,181 |     699,739 |             80.05 |         -20.0 |           -2.2 |         +20.0 |
|   +60.00 |   +24.28 | TH.KP      |        8628 |        5352 |            62.03 |     874,181 |     682,253 |             78.04 |         -19.7 |           -0.0 |         +20.0 |
|   +80.00 |   +44.28 | TH.KP      |        8628 |        5174 |            59.97 |     874,181 |     650,936 |             74.46 |         -19.9 |           +2.1 |         +20.0 |
|  +100.00 |   +64.28 | TH.KP      |        8628 |        4968 |            57.58 |     874,181 |     608,551 |             69.61 |         -20.0 |           +4.1 |         +20.0 |
|  +120.00 |   +84.28 | TH.KP      |        8628 |        4808 |            55.73 |     874,181 |     574,581 |             65.73 |         -19.9 |           +6.1 |         +20.0 |
|  +140.00 |  +104.28 | TH.KP      |        8628 |        4539 |            52.61 |     874,181 |     543,904 |             62.22 |         -20.0 |           +8.0 |         +20.0 |
|  +160.00 |  +124.28 | TH.KP      |        8628 |        4097 |            47.48 |     874,181 |     478,038 |             54.68 |         -19.9 |          +10.5 |         +20.0 |
|  +180.00 |  +144.28 | TH.KP      |        8628 |        3646 |            42.26 |     874,181 |     422,875 |             48.37 |         -20.0 |          +12.2 |         +20.0 |
|  +200.00 |  +164.28 | TH.KP      |        8628 |        2948 |            34.17 |     874,181 |     295,915 |             33.85 |         -20.0 |          +13.2 |         +20.0 |
|  +220.00 |  +184.28 | TH.KP      |        8628 |        1944 |            22.53 |     874,181 |     116,969 |             13.38 |         -19.9 |          +12.6 |         +20.0 |
|  +240.00 |  +204.28 | TH.KP      |        8628 |        1038 |            12.03 |     874,181 |      32,796 |              3.75 |         -19.9 |           +9.5 |         +20.0 |
==========================================================================================================================

 -> Plot saved successfully to: OUTPUT_LDP/TH_KP/TH_KP_Plot_PP_Popu.svg

--> [TH.KP] Step 6: 6_LDP_OnePage.py
Processing province: TH_KP
[+] TH_KP: One-Page Report generated successfully.
======================================================================
Completed province: TH.KP
Finished: 2026-08-05T18:45:10+07:00
======================================================================
