======================================================================
Processing province: TH.MH_N
Started: 2026-08-05T18:40:10+07:00
======================================================================
--> [TH.MH_N] Step 1: 1_fabdem_province.py
[1/5] Read GADM and select HASC_1=TH.MH_N
[2/5] Save province and clip FABDEM
[3/5] Generate contours every 100 m with GDAL 3.10.3
[4/5] Calculate statistics and write PDF
[5/5] Write DataFrame summaries

Completed successfully.
 HASC_1             NAME_1  contours                                                                                        PDF
TH.MH_N Mae Hong Son North      6074 /mnt/nvme1/Project/2026-EIT_LDP_Province/OUTPUT_FABDEM/TH_MH_N/TH_MH_N_fabdem_contours.pdf
--> [TH.MH_N] Step 2: 2_popu2025_grid.py
[1/4] Select GADM province HASC_1=TH.MH_N
[2/4] Save boundary and cut population grid
[3/4] Calculate population-grid statistics
[4/4] Write population-grid PDF and summaries

Completed successfully.
 HASC_1             NAME_1  population_sum                                                                                             grid
TH.MH_N Mae Hong Son North   105455.979922 /mnt/nvme1/Project/2026-EIT_LDP_Province/OUTPUT_POP2025/TH_MH_N/TH_MH_N_population_2025_100m.tif
--> [TH.MH_N] Step 3: 3_generate_sample.py
[1/4] Select GADM province HASC_1=TH.MH_N
 -> [READ] Loading Vector Dataset: OUTPUT_PROV/gadm41_THA.gpkg (Layer: 'ADM_ADM_1')
[2/4] Generate 1000.0m grid points
 -> Auto-detected EPSG:32647 for province.
 -> Generated 14,280 bounding box points.
 -> Clipping points to province boundary...
 -> Computing 7-digit Geohashes...
[3/4] Extracting Raster Values (FABDEM MSL & POP2025)...
 -> [READ] Opening Raster File: OUTPUT_FABDEM/TH_MH_N/TH_MH_N_fabdem.tif
 -> [READ] Opening Raster File for Area Sum: OUTPUT_POP2025/TH_MH_N/TH_MH_N_population_2025_100m.tif
 -> Converting geometries to Lng/Lat (EPSG:4326)...
[4/4] Save GeoPackage Data...
 -> [WRITE] Saving Vector File: /mnt/nvme1/Project/2026-EIT_LDP_Province/OUTPUT_SAMPL/TH_MH_N/TH_MH_N_SAMPL.gpkg (Layer: 'samples')

[5/5] Comparing POP2025 with DOPA Registration Population...

Completed successfully.
 HASC_1  Grid (m)       CRS  Samples             Output POP2025 DOPA_Pop     Diff
TH.MH_N    1000.0 EPSG:4326     7278 TH_MH_N_SAMPL.gpkg 105,284  288,757 -183,473
--> [TH.MH_N] Step 4: 4_analyse_ldp.py
LDP                                                [TM, 98:09]
FALSE_EN                                                  AUTO
PP_MSL                                                     300
POPU_PLOT                                       [850, 150, 20]
GPKG         [OUTPUT_SAMPL/TH_MH_N/TH_MH_N_SAMPL.gpkg, samp...
OFFSET_PP         [0.0, default hPP from average topo or pnts]
dtype: object
 -> OUTLIER FILTER: Dropped 148 points.
 -> Dropped MSL values: [-9999, -9999, 967, 598, 573, 1028, 1011, 1603, 1697, 1535, 1591, 1151, 1001, 1022, 1120, 1061, 1026, 1086, 695, 829, 933, 642, 968, 712, 1700, 397, 1598, 1572, 450, 377, 402, 305, 274, 313, 260, 978, 1125, 954, 260, 272, 261, 265, 800, 865, 198, 170, 174, 281, 184, 1459, 226, 282, 284, 287, 1027, 936, 938, 899, 1306, 1437, 1263, 1183, 1251, 1239, 1229, 865, 911, 947, 848, 852, 1415, 1314, 1363, 1346, 1482, 1501, 1757, 1691, 1498, 1448, 1508, 1586, 1384, 1378, 1294, 1452, 1469, 1338, 1352, 1251, 1251, 1282, 1295, 1202, 1280, 1054, 1718, 1486, 1590, 1291, 1809, 1828, 1723, 1833, 1845, 1427, 1530, 1583, 1562, 1823, 1919, 1644, 1683, 1787, 1762, 1874, 1801, 1880, 1831, 1214, 1229, 1302, 1202, 1229, 1229, 1152, 633, 1239, 1321, 1285, 1222, 573, 1195, 1125, 572, 567, 1806, 1775, 1782, 1716, 1142, 1315, 1386, 1429, 1584, 1583, 1559, 1828]
 -> THINNING: Snapping points to 2 decimal grid...
 -> THINNING: Points reduced from 7130 to 6135.
 -> Using user-defined PP_MSL: 300.000m
 -> AUTO detected FALSE_EN: E: 500000, N: -1600000
==================================== LDP TM ====================================
@ Centroid @     <lng=98°09′>    <lat=19°14′>
Offset Projection Plane = +0.0 m. <default hPP from average topo or pnts>
Designed Project Plane : hPP=+260.52 m. / MSL=+300.00 m. tied to k0 = 1.000041
Points CSF min/mean/max [ppm] : -227.0 / -75.2 / +26.9
Points MSL min/mean/max [m.]  : +174.0 / +824.7 / +1800.0
|      |       LDP_E |       LDP_N |
|:-----|------------:|------------:|
| min  | 450,485.332 | 457,518.510 |
| max  | 552,437.172 | 590,707.269 |
| diff | 101,951.840 | 133,188.758 |
{"meta": "LDP_Definition", "PROJ_String_Decimal": "+proj=tmerc +lat_0=0.0 +lon_0=98.15000000 +k_0=1.000041 +x_0=500000 +y_0=-1600000 +ellps=WGS84 +units=m +no_defs +type=crs", "PROJ_String_DMS": "+proj=tmerc +lat_0=0.0 +lon_0=98°09′ +k_0=1.000041 +x_0=500000 +y_0=-1600000 +ellps=WGS84 +units=m +no_defs +type=crs"}
Writing definition GPKG : OUTPUT_LDP/TH_MH_N/TH_MH_N_LDP.gpkg ...
Writing definition plot : OUTPUT_LDP/TH_MH_N/TH_MH_N_LDP.svg...
{"meta": "Coverage_Analysis", "Province": "TH.MH_N", "Total_Pts": 7278, "Valid_Pts": 776, "Pt_Coverage(%)": 10.66, "Total_POP": 105283.68430000001, "Valid_POP": 39758.3521, "POP_Coverage(%)": 37.76, "CSF_Min_ppm": -20.0, "CSF_Mean_ppm": -5.2, "CSF_Max_ppm": 19.9}
--> [TH.MH_N] Step 5: 5_plot_PP_PctPopu.py
[TH.MH_N] POPU_PLOT found in TOML. Overriding MSL bounds: Upper=850.0, Lower=150.0, Step=20.0
[TH.MH_N] Starting ProcessPoolExecutor with 36 offsets to compute (Mean MSL: 824.70 m)...
[TH.MH_N] OFFSET_PP [-674.70] computed successfully.
[TH.MH_N] OFFSET_PP [-654.70] computed successfully.
[TH.MH_N] OFFSET_PP [-634.70] computed successfully.
[TH.MH_N] OFFSET_PP [-614.70] computed successfully.
[TH.MH_N] OFFSET_PP [-594.70] computed successfully.
[TH.MH_N] OFFSET_PP [-574.70] computed successfully.
[TH.MH_N] OFFSET_PP [-554.70] computed successfully.
[TH.MH_N] OFFSET_PP [-534.70] computed successfully.
[TH.MH_N] OFFSET_PP [-514.70] computed successfully.
[TH.MH_N] OFFSET_PP [-494.70] computed successfully.
[TH.MH_N] OFFSET_PP [-474.70] computed successfully.
[TH.MH_N] OFFSET_PP [-454.70] computed successfully.
[TH.MH_N] OFFSET_PP [-434.70] computed successfully.
[TH.MH_N] OFFSET_PP [-414.70] computed successfully.
[TH.MH_N] OFFSET_PP [-394.70] computed successfully.
[TH.MH_N] OFFSET_PP [-374.70] computed successfully.
[TH.MH_N] OFFSET_PP [-354.70] computed successfully.
[TH.MH_N] OFFSET_PP [-334.70] computed successfully.
[TH.MH_N] OFFSET_PP [-314.70] computed successfully.
[TH.MH_N] OFFSET_PP [-294.70] computed successfully.
[TH.MH_N] OFFSET_PP [-274.70] computed successfully.
[TH.MH_N] OFFSET_PP [-254.70] computed successfully.
[TH.MH_N] OFFSET_PP [-234.70] computed successfully.
[TH.MH_N] OFFSET_PP [-214.70] computed successfully.
[TH.MH_N] OFFSET_PP [-194.70] computed successfully.
[TH.MH_N] OFFSET_PP [-174.70] computed successfully.
[TH.MH_N] OFFSET_PP [-154.70] computed successfully.
[TH.MH_N] OFFSET_PP [-134.70] computed successfully.
[TH.MH_N] OFFSET_PP [-114.70] computed successfully.
[TH.MH_N] OFFSET_PP [-94.70] computed successfully.
[TH.MH_N] OFFSET_PP [-74.70] computed successfully.
[TH.MH_N] OFFSET_PP [-54.70] computed successfully.
[TH.MH_N] OFFSET_PP [-34.70] computed successfully.
[TH.MH_N] OFFSET_PP [-14.70] computed successfully.
[TH.MH_N] OFFSET_PP [5.30] computed successfully.
[TH.MH_N] OFFSET_PP [25.30] computed successfully.

==================================== LDP Population Coverage Analysis: TH.MH_N ====================================
|   MSL_PP |   HAE_PP | Province   |   Total_Pts |   Valid_Pts |   Pt_Coverage(%) |   Total_POP |   Valid_POP |   POP_Coverage(%) |   CSF_Min_ppm |   CSF_Mean_ppm |   CSF_Max_ppm |
|---------:|---------:|:-----------|------------:|------------:|-----------------:|------------:|------------:|------------------:|--------------:|---------------:|--------------:|
|  +150.00 |  +110.52 | TH.MH_N    |        7278 |         195 |             2.68 |     105,284 |      28,735 |             27.29 |         -19.9 |          -11.3 |          +2.9 |
|  +170.00 |  +130.52 | TH.MH_N    |        7278 |         255 |             3.50 |     105,284 |      30,976 |             29.42 |         -19.9 |           -9.7 |          +6.9 |
|  +190.00 |  +150.52 | TH.MH_N    |        7278 |         306 |             4.20 |     105,284 |      31,615 |             30.03 |         -19.7 |           -8.7 |          +9.9 |
|  +210.00 |  +170.52 | TH.MH_N    |        7278 |         363 |             4.99 |     105,284 |      32,407 |             30.78 |         -19.9 |           -7.7 |         +12.9 |
|  +230.00 |  +190.52 | TH.MH_N    |        7278 |         438 |             6.02 |     105,284 |      33,589 |             31.90 |         -20.0 |           -7.1 |         +15.9 |
|  +250.00 |  +210.52 | TH.MH_N    |        7278 |         520 |             7.14 |     105,284 |      34,522 |             32.79 |         -20.0 |           -6.4 |         +18.9 |
|  +270.00 |  +230.52 | TH.MH_N    |        7278 |         610 |             8.38 |     105,284 |      35,604 |             33.82 |         -19.8 |           -5.8 |         +19.7 |
|  +290.00 |  +250.52 | TH.MH_N    |        7278 |         712 |             9.78 |     105,284 |      39,762 |             37.77 |         -20.0 |           -5.4 |         +20.0 |
|  +310.00 |  +270.52 | TH.MH_N    |        7278 |         849 |            11.67 |     105,284 |      44,426 |             42.20 |         -20.0 |           -5.4 |         +19.9 |
|  +330.00 |  +290.52 | TH.MH_N    |        7278 |         940 |            12.92 |     105,284 |      40,469 |             38.44 |         -20.0 |           -5.4 |         +19.9 |
|  +350.00 |  +310.52 | TH.MH_N    |        7278 |        1038 |            14.26 |     105,284 |      38,369 |             36.44 |         -20.0 |           -5.2 |         +20.0 |
|  +370.00 |  +330.52 | TH.MH_N    |        7278 |        1133 |            15.57 |     105,284 |      33,392 |             31.72 |         -20.0 |           -4.6 |         +19.9 |
|  +390.00 |  +350.52 | TH.MH_N    |        7278 |        1242 |            17.07 |     105,284 |      32,249 |             30.63 |         -20.0 |           -4.1 |         +19.9 |
|  +410.00 |  +370.52 | TH.MH_N    |        7278 |        1342 |            18.44 |     105,284 |      31,021 |             29.46 |         -20.0 |           -3.7 |         +20.0 |
|  +430.00 |  +390.52 | TH.MH_N    |        7278 |        1445 |            19.85 |     105,284 |      31,053 |             29.49 |         -19.9 |           -3.2 |         +19.9 |
|  +450.00 |  +410.52 | TH.MH_N    |        7278 |        1586 |            21.79 |     105,284 |      34,528 |             32.80 |         -20.0 |           -2.6 |         +20.0 |
|  +470.00 |  +430.52 | TH.MH_N    |        7278 |        1643 |            22.57 |     105,284 |      36,036 |             34.23 |         -20.0 |           -1.9 |         +20.0 |
|  +490.00 |  +450.52 | TH.MH_N    |        7278 |        1697 |            23.32 |     105,284 |      35,784 |             33.99 |         -19.9 |           -1.2 |         +20.0 |
|  +510.00 |  +470.52 | TH.MH_N    |        7278 |        1740 |            23.91 |     105,284 |      35,736 |             33.94 |         -20.0 |           -0.7 |         +20.0 |
|  +530.00 |  +490.52 | TH.MH_N    |        7278 |        1784 |            24.51 |     105,284 |      34,477 |             32.75 |         -20.0 |           -0.5 |         +19.8 |
|  +550.00 |  +510.52 | TH.MH_N    |        7278 |        1817 |            24.97 |     105,284 |      32,087 |             30.48 |         -20.0 |           -0.3 |         +20.0 |
|  +570.00 |  +530.52 | TH.MH_N    |        7278 |        1825 |            25.08 |     105,284 |      24,485 |             23.26 |         -20.0 |           -0.1 |         +20.0 |
|  +590.00 |  +550.52 | TH.MH_N    |        7278 |        1804 |            24.79 |     105,284 |      22,276 |             21.16 |         -20.0 |           +0.4 |         +20.0 |
|  +610.00 |  +570.52 | TH.MH_N    |        7278 |        1795 |            24.66 |     105,284 |      19,946 |             18.95 |         -20.0 |           +0.6 |         +20.0 |
|  +630.00 |  +590.52 | TH.MH_N    |        7278 |        1782 |            24.48 |     105,284 |      18,858 |             17.91 |         -20.0 |           +0.7 |         +20.0 |
|  +650.00 |  +610.52 | TH.MH_N    |        7278 |        1760 |            24.18 |     105,284 |      17,602 |             16.72 |         -20.0 |           +0.8 |         +20.0 |
|  +670.00 |  +630.52 | TH.MH_N    |        7278 |        1743 |            23.95 |     105,284 |      17,297 |             16.43 |         -20.0 |           +0.8 |         +20.0 |
|  +690.00 |  +650.52 | TH.MH_N    |        7278 |        1715 |            23.56 |     105,284 |      15,075 |             14.32 |         -19.9 |           +0.7 |         +20.0 |
|  +710.00 |  +670.52 | TH.MH_N    |        7278 |        1648 |            22.64 |     105,284 |      12,849 |             12.20 |         -20.0 |           +0.8 |         +20.0 |
|  +730.00 |  +690.52 | TH.MH_N    |        7278 |        1640 |            22.53 |     105,284 |      11,430 |             10.86 |         -20.0 |           +0.8 |         +20.0 |
|  +750.00 |  +710.52 | TH.MH_N    |        7278 |        1627 |            22.36 |     105,284 |      11,037 |             10.48 |         -19.9 |           +0.9 |         +19.9 |
|  +770.00 |  +730.52 | TH.MH_N    |        7278 |        1596 |            21.93 |     105,284 |      10,706 |             10.17 |         -19.8 |           +0.8 |         +20.0 |
|  +790.00 |  +750.52 | TH.MH_N    |        7278 |        1552 |            21.32 |     105,284 |       9,262 |              8.80 |         -19.9 |           +0.7 |         +20.0 |
|  +810.00 |  +770.52 | TH.MH_N    |        7278 |        1519 |            20.87 |     105,284 |       9,492 |              9.02 |         -19.9 |           +0.7 |         +20.0 |
|  +830.00 |  +790.52 | TH.MH_N    |        7278 |        1519 |            20.87 |     105,284 |       9,991 |              9.49 |         -20.0 |           +0.3 |         +20.0 |
|  +850.00 |  +810.52 | TH.MH_N    |        7278 |        1539 |            21.15 |     105,284 |       9,745 |              9.26 |         -19.9 |           +0.1 |         +19.9 |
==========================================================================================================================

 -> Plot saved successfully to: OUTPUT_LDP/TH_MH_N/TH_MH_N_Plot_PP_Popu.svg

--> [TH.MH_N] Step 6: 6_LDP_OnePage.py
Processing province: TH_MH_N
[+] TH_MH_N: One-Page Report generated successfully.
======================================================================
Completed province: TH.MH_N
Finished: 2026-08-05T18:48:08+07:00
======================================================================
