======================================================================
Processing province: TH.AC
Started: 2026-08-01T11:21:50+07:00
======================================================================
--> [TH.AC] Step 1: 1_fabdem_province.py
[1/5] Read GADM and select HASC_1=TH.AC
[2/5] Save province and clip FABDEM
[3/5] Generate contours every 100 m with GDAL 3.10.3
[4/5] Calculate statistics and write PDF
[5/5] Write DataFrame summaries

Completed successfully.
HASC_1        NAME_1  contours                                                                                    PDF
 TH.AC Amnat Charoen       298 /mnt/nvme1/Project/2026-EIT_LDP_Province/OUTPUT_FABDEM/TH_AC/TH_AC_fabdem_contours.pdf
--> [TH.AC] Step 2: 2_popu2025_grid.py
[1/4] Select GADM province HASC_1=TH.AC
[2/4] Save boundary and cut population grid
[3/4] Calculate population-grid statistics
[4/4] Write population-grid PDF and summaries

Completed successfully.
HASC_1        NAME_1  population_sum                                                                                         grid
 TH.AC Amnat Charoen   212129.863818 /mnt/nvme1/Project/2026-EIT_LDP_Province/OUTPUT_POP2025/TH_AC/TH_AC_population_2025_100m.tif
--> [TH.AC] Step 3: 3_generate_sample.py
[1/4] Select GADM province HASC_1=TH.AC
 -> [READ] Loading Vector Dataset: OUTPUT_PROV/gadm41_THA.gpkg (Layer: 'ADM_ADM_1')
[2/4] Generate 1000.0m grid points
 -> Auto-detected EPSG:32648 for province.
 -> Generated 6,035 bounding box points.
 -> Clipping points to province boundary...
 -> Computing 7-digit Geohashes...
[3/4] Extracting Raster Values (FABDEM MSL & POP2025)...
 -> [READ] Opening Raster File: OUTPUT_FABDEM/TH_AC/TH_AC_fabdem.tif
 -> [READ] Opening Raster File for Area Sum: OUTPUT_POP2025/TH_AC/TH_AC_population_2025_100m.tif
 -> Converting geometries to Lng/Lat (EPSG:4326)...
[4/4] Save GeoPackage Data...
 -> [WRITE] Saving Vector File: /mnt/nvme1/Project/2026-EIT_LDP_Province/OUTPUT_SAMPL/TH_AC/TH_AC_SAMPL.gpkg (Layer: 'samples')

[5/5] Comparing POP2025 with DOPA Registration Population...

Completed successfully.
HASC_1  Grid (m)       CRS  Samples           Output POP2025 DOPA_Pop     Diff
 TH.AC    1000.0 EPSG:4326     3236 TH_AC_SAMPL.gpkg 210,976  370,677 -159,701
--> [TH.AC] Step 4: 4_analyse_ldp.py
LDP                                            [TM, 104:45]
FALSE_EN                                  [50000, -1610000]
PP_MSL                                                  125
GPKG         [OUTPUT_SAMPL/TH_AC/TH_AC_SAMPL.gpkg, samples]
OFFSET_PP      [0.0, default hPP from average topo or pnts]
dtype: object
 -> OUTLIER FILTER: Dropped 66 points.
 -> Dropped MSL values: [-9999, 133, 151, 139, 162, 230, 132, 130, 132, 120, 150, 174, 173, 157, 303, 327, 220, 238, 223, 212, 213, 236, 228, 203, 209, 208, 223, 210, 218, 226, 211, 211, 195, 207, 207, 322, 308, 341, 237, 220, 234, 213, 365, 230, 356, 235, 238, 201, 202, 196, 223, 205, 182, 132, 181, 195, 191, 193, 123, 124, 126, 127, 126, 150, 152, 131]
 -> THINNING: Snapping points to 2 decimal grid...
 -> THINNING: Points reduced from 3170 to 2711.
 -> Using user-defined PP_MSL: 125.000m
==================================== LDP TM ====================================
@ Centroid @     <lng=104°45′>    <lat=15°53′>
Offset Projection Plane = +0.0 m. <default hPP from average topo or pnts>
Designed Project Plane : hPP=+102.09 m. / MSL=+125.00 m. tied to k0 = 1.000016
Points CSF min/mean/max [ppm] : -26.1 / -0.9 / +15.1
Points MSL min/mean/max [m.]  : +116.0 / +153.4 / +293.0
|      |      LDP_E |       LDP_N |
|:-----|-----------:|------------:|
| min  | 15,764.242 | 108,715.447 |
| max  | 80,749.866 | 190,760.548 |
| diff | 64,985.623 |  82,045.101 |
{"meta": "LDP_Definition", "PROJ_String_Decimal": "+proj=tmerc +lat_0=0.0 +lon_0=104.75000000 +k_0=1.000016 +x_0=50000 +y_0=-1610000 +ellps=WGS84 +units=m +no_defs +type=crs", "PROJ_String_DMS": "+proj=tmerc +lat_0=0.0 +lon_0=104°45′ +k_0=1.000016 +x_0=50000 +y_0=-1610000 +ellps=WGS84 +units=m +no_defs +type=crs"}
Writing definition GPKG : OUTPUT_LDP/TH_AC/TH_AC_LDP.gpkg ...
Writing definition plot : OUTPUT_LDP/TH_AC/TH_AC_LDP.svg...
{"meta": "Coverage_Analysis", "Province": "TH.AC", "Total_Pts": 3236, "Valid_Pts": 2699, "Pt_Coverage(%)": 83.41, "Total_POP": 210976.1766, "Valid_POP": 167525.104, "POP_Coverage(%)": 79.4, "CSF_Min_ppm": -19.6, "CSF_Mean_ppm": -0.8, "CSF_Max_ppm": 15.1}
--> [TH.AC] Step 5: 5_plot_PP_PctPopu.py
[TH.AC] Starting ProcessPoolExecutor with 16 offsets to compute (Mean MSL: 153.35 m)...
[TH.AC] OFFSET_PP [-200.00] computed successfully.
[TH.AC] OFFSET_PP [-180.00] computed successfully.
[TH.AC] OFFSET_PP [-160.00] computed successfully.
[TH.AC] OFFSET_PP [-140.00] computed successfully.
[TH.AC] OFFSET_PP [-120.00] computed successfully.
[TH.AC] OFFSET_PP [-100.00] computed successfully.
[TH.AC] OFFSET_PP [-80.00] computed successfully.
[TH.AC] OFFSET_PP [-60.00] computed successfully.
[TH.AC] OFFSET_PP [-40.00] computed successfully.
[TH.AC] OFFSET_PP [-20.00] computed successfully.
[TH.AC] OFFSET_PP [0.00] computed successfully.
[TH.AC] OFFSET_PP [20.00] computed successfully.
[TH.AC] OFFSET_PP [40.00] computed successfully.
[TH.AC] OFFSET_PP [60.00] computed successfully.
[TH.AC] OFFSET_PP [80.00] computed successfully.
[TH.AC] OFFSET_PP [100.00] computed successfully.

==================================== LDP Population Coverage Analysis: TH.AC ====================================
|   MSL_PP |   HAE_PP | Province   |   Total_Pts |   Valid_Pts |   Pt_Coverage(%) |   Total_POP |   Valid_POP |   POP_Coverage(%) |   CSF_Min_ppm |   CSF_Mean_ppm |   CSF_Max_ppm |
|---------:|---------:|:-----------|------------:|------------:|-----------------:|------------:|------------:|------------------:|--------------:|---------------:|--------------:|
|   -46.65 |   -69.56 | TH.AC      |        3236 |         231 |             7.14 |     210,976 |      16,431 |              7.79 |         -20.0 |          -17.0 |         -11.9 |
|   -26.65 |   -49.56 | TH.AC      |        3236 |         473 |            14.62 |     210,976 |      30,198 |             14.31 |         -20.0 |          -16.5 |          -8.9 |
|    -6.65 |   -29.56 | TH.AC      |        3236 |         915 |            28.28 |     210,976 |      52,261 |             24.77 |         -20.0 |          -15.9 |          -5.9 |
|   +13.35 |    -9.56 | TH.AC      |        3236 |        1565 |            48.36 |     210,976 |      95,595 |             45.31 |         -20.0 |          -15.2 |          -2.9 |
|   +33.35 |   +10.44 | TH.AC      |        3236 |        2238 |            69.16 |     210,976 |     149,434 |             70.83 |         -20.0 |          -13.3 |          +1.1 |
|   +53.35 |   +30.44 | TH.AC      |        3236 |        2546 |            78.68 |     210,976 |     163,552 |             77.52 |         -20.0 |          -11.2 |          +4.1 |
|   +73.35 |   +50.44 | TH.AC      |        3236 |        2669 |            82.48 |     210,976 |     166,687 |             79.01 |         -20.0 |           -8.7 |          +7.1 |
|   +93.35 |   +70.44 | TH.AC      |        3236 |        2686 |            83.00 |     210,976 |     167,456 |             79.37 |         -19.3 |           -5.8 |         +10.1 |
|  +113.35 |   +90.44 | TH.AC      |        3236 |        2693 |            83.22 |     210,976 |     167,498 |             79.39 |         -19.9 |           -2.8 |         +13.1 |
|  +133.35 |  +110.44 | TH.AC      |        3236 |        2700 |            83.44 |     210,976 |     167,527 |             79.41 |         -19.3 |           +0.1 |         +16.1 |
|  +153.35 |  +130.44 | TH.AC      |        3236 |        2707 |            83.65 |     210,976 |     167,525 |             79.40 |         -19.8 |           +4.1 |         +19.9 |
|  +173.35 |  +150.44 | TH.AC      |        3236 |        2658 |            82.14 |     210,976 |     165,905 |             78.64 |         -18.1 |           +6.8 |         +19.9 |
|  +193.35 |  +170.44 | TH.AC      |        3236 |        2573 |            79.51 |     210,976 |     157,936 |             74.86 |         -15.1 |           +9.4 |         +20.0 |
|  +213.35 |  +190.44 | TH.AC      |        3236 |        2438 |            75.34 |     210,976 |     148,657 |             70.46 |         -12.1 |          +11.9 |         +20.0 |
|  +233.35 |  +210.44 | TH.AC      |        3236 |        2089 |            64.56 |     210,976 |     127,795 |             60.57 |          -9.1 |          +13.8 |         +20.0 |
|  +253.35 |  +230.44 | TH.AC      |        3236 |        1584 |            48.95 |     210,976 |     103,100 |             48.87 |          -6.1 |          +15.4 |         +20.0 |
==========================================================================================================================

 -> Plot saved successfully to: OUTPUT_LDP/TH_AC/TH_AC_Plot_PP_Popu.svg

--> [TH.AC] Step 6: 6_LDP_OnePage.py
Processing province: TH_AC
[+] TH_AC: One-Page Report generated successfully.
======================================================================
Completed province: TH.AC
Finished: 2026-08-01T11:23:17+07:00
======================================================================
