======================================================================
Processing province: TH.ST_N
Started: 2026-08-01T11:39:30+07:00
======================================================================
--> [TH.ST_N] Step 1: 1_fabdem_province.py
[1/5] Read GADM and select HASC_1=TH.ST_N
[2/5] Save province and clip FABDEM
[3/5] Generate contours every 100 m with GDAL 3.10.3
[4/5] Calculate statistics and write PDF
[5/5] Write DataFrame summaries

Completed successfully.
 HASC_1            NAME_1  contours                                                                                        PDF
TH.ST_N Surat Thani North      5452 /mnt/nvme1/Project/2026-EIT_LDP_Province/OUTPUT_FABDEM/TH_ST_N/TH_ST_N_fabdem_contours.pdf
--> [TH.ST_N] Step 2: 2_popu2025_grid.py
[1/4] Select GADM province HASC_1=TH.ST_N
[2/4] Save boundary and cut population grid
[3/4] Calculate population-grid statistics
[4/4] Write population-grid PDF and summaries

Completed successfully.
 HASC_1            NAME_1  population_sum                                                                                             grid
TH.ST_N Surat Thani North   264301.257442 /mnt/nvme1/Project/2026-EIT_LDP_Province/OUTPUT_POP2025/TH_ST_N/TH_ST_N_population_2025_100m.tif
--> [TH.ST_N] Step 3: 3_generate_sample.py
[1/4] Select GADM province HASC_1=TH.ST_N
 -> [READ] Loading Vector Dataset: OUTPUT_PROV/gadm41_THA.gpkg (Layer: 'ADM_ADM_1')
[2/4] Generate 1000.0m grid points
 -> Auto-detected EPSG:32647 for province.
 -> Generated 12,250 bounding box points.
 -> Clipping points to province boundary...
 -> Computing 7-digit Geohashes...
[3/4] Extracting Raster Values (FABDEM MSL & POP2025)...
 -> [READ] Opening Raster File: OUTPUT_FABDEM/TH_ST_N/TH_ST_N_fabdem.tif
 -> [READ] Opening Raster File for Area Sum: OUTPUT_POP2025/TH_ST_N/TH_ST_N_population_2025_100m.tif
 -> Converting geometries to Lng/Lat (EPSG:4326)...
[4/4] Save GeoPackage Data...
 -> [WRITE] Saving Vector File: /mnt/nvme1/Project/2026-EIT_LDP_Province/OUTPUT_SAMPL/TH_ST_N/TH_ST_N_SAMPL.gpkg (Layer: 'samples')

[5/5] Comparing POP2025 with DOPA Registration Population...

Completed successfully.
 HASC_1  Grid (m)       CRS  Samples             Output POP2025  DOPA_Pop     Diff
TH.ST_N    1000.0 EPSG:4326     6676 TH_ST_N_SAMPL.gpkg 261,958 1,075,977 -814,019
--> [TH.ST_N] Step 4: 4_analyse_ldp.py
LDP                                                [TM, 98:51]
FALSE_EN                                     [250000, -250000]
PP_MSL                                                       0
POPU_PLOT                                      [250, -200, 20]
GPKG         [OUTPUT_SAMPL/TH_ST_N/TH_ST_N_SAMPL.gpkg, samp...
OFFSET_PP         [0.0, default hPP from average topo or pnts]
dtype: object
 -> OUTLIER FILTER: Dropped 138 points.
 -> Dropped MSL values: [-9999, -9999, -9999, -9999, 104, 737, 486, 366, 199, 518, 108, 399, 267, 228, 165, 210, 237, 117, 440, 37, 129, 121, 121, 110, 920, 883, 570, 146, 846, 1222, 1308, 1200, 1068, 305, 404, 619, 565, 568, 550, 201, 237, 180, 666, 625, 254, 129, 122, 495, 135, 147, 203, 152, 186, 205, 192, 483, 186, 384, 382, 401, 143, 397, 91, 104, 115, 147, 277, 78, 241, 103, 156, 105, 106, 109, 105, 122, 475, 458, 73, 6, 49, 38, 37, 129, 174, 92, 195, 149, 642, 689, 625, 184, 182, 66, 166, 153, 104, 138, 146, 131, 609, 624, 615, 474, 602, 582, 474, 163, 249, 131, 96, 87, 73, 82, 224, 161, 164, 140, 101, 71, 2, 92, 78, 165, 64, 177, 153, 192, 97, 163, 107, 257, 136, 147, 188, 466, 486, 627]
 -> THINNING: Snapping points to 2 decimal grid...
 -> THINNING: Points reduced from 6538 to 5430.
 -> Using user-defined PP_MSL: 0.000m
==================================== LDP TM ====================================
@ Centroid @     <lng=98°51′>    <lat=09°12′>
Offset Projection Plane = +0.0 m. <default hPP from average topo or pnts>
Designed Project Plane : hPP=-25.36 m. / MSL=+0.00 m. tied to k0 = 0.999996
Points CSF min/mean/max [ppm] : -173.5 / -25.5 / +28.3
Points MSL min/mean/max [m.]  : +0.0 / +195.7 / +1141.0
|      |       LDP_E |       LDP_N |
|:-----|------------:|------------:|
| min  | 205,472.432 | 704,363.493 |
| max  | 298,487.725 | 824,426.458 |
| diff |  93,015.292 | 120,062.966 |
{"meta": "LDP_Definition", "PROJ_String_Decimal": "+proj=tmerc +lat_0=0.0 +lon_0=98.85000000 +k_0=0.999996 +x_0=250000 +y_0=-250000 +ellps=WGS84 +units=m +no_defs +type=crs", "PROJ_String_DMS": "+proj=tmerc +lat_0=0.0 +lon_0=98°51′ +k_0=0.999996 +x_0=250000 +y_0=-250000 +ellps=WGS84 +units=m +no_defs +type=crs"}
Writing definition GPKG : OUTPUT_LDP/TH_ST_N/TH_ST_N_LDP.gpkg ...
Writing definition plot : OUTPUT_LDP/TH_ST_N/TH_ST_N_LDP.svg...
{"meta": "Coverage_Analysis", "Province": "TH.ST_N", "Total_Pts": 6676, "Valid_Pts": 2883, "Pt_Coverage(%)": 43.18, "Total_POP": 261957.9976, "Valid_POP": 198990.70509999996, "POP_Coverage(%)": 75.96, "CSF_Min_ppm": -20.0, "CSF_Mean_ppm": -4.1, "CSF_Max_ppm": 19.9}
--> [TH.ST_N] Step 5: 5_plot_PP_PctPopu.py
[TH.ST_N] POPU_PLOT found in TOML. Overriding MSL bounds: Upper=250.0, Lower=-200.0, Step=20.0
[TH.ST_N] Starting ProcessPoolExecutor with 23 offsets to compute (Mean MSL: 195.68 m)...
[TH.ST_N] OFFSET_PP [-395.68] computed successfully.
[TH.ST_N] OFFSET_PP [-375.68] computed successfully.
[TH.ST_N] OFFSET_PP [-355.68] computed successfully.
[TH.ST_N] OFFSET_PP [-335.68] computed successfully.
[TH.ST_N] OFFSET_PP [-315.68] computed successfully.
[TH.ST_N] OFFSET_PP [-295.68] computed successfully.
[TH.ST_N] OFFSET_PP [-275.68] computed successfully.
[TH.ST_N] OFFSET_PP [-255.68] computed successfully.
[TH.ST_N] OFFSET_PP [-235.68] computed successfully.
[TH.ST_N] OFFSET_PP [-215.68] computed successfully.
[TH.ST_N] OFFSET_PP [-195.68] computed successfully.
[TH.ST_N] OFFSET_PP [-175.68] computed successfully.
[TH.ST_N] OFFSET_PP [-155.68] computed successfully.
[TH.ST_N] OFFSET_PP [-135.68] computed successfully.
[TH.ST_N] OFFSET_PP [-115.68] computed successfully.
[TH.ST_N] OFFSET_PP [-95.68] computed successfully.
[TH.ST_N] OFFSET_PP [-75.68] computed successfully.
[TH.ST_N] OFFSET_PP [-55.68] computed successfully.
[TH.ST_N] OFFSET_PP [-35.68] computed successfully.
[TH.ST_N] OFFSET_PP [-15.68] computed successfully.
[TH.ST_N] OFFSET_PP [4.32] computed successfully.
[TH.ST_N] OFFSET_PP [24.32] computed successfully.
[TH.ST_N] OFFSET_PP [44.32] computed successfully.

==================================== LDP Population Coverage Analysis: TH.ST_N ====================================
|   MSL_PP |   HAE_PP | Province   |   Total_Pts |   Valid_Pts |   Pt_Coverage(%) |   Total_POP |   Valid_POP |   POP_Coverage(%) |   CSF_Min_ppm |   CSF_Mean_ppm |   CSF_Max_ppm |
|---------:|---------:|:-----------|------------:|------------:|-----------------:|------------:|------------:|------------------:|--------------:|---------------:|--------------:|
|  -200.00 |  -225.36 | TH.ST_N    |        6676 |         381 |             5.71 |     261,958 |      54,833 |             20.93 |         -20.0 |          -13.9 |          -2.7 |
|  -180.00 |  -205.36 | TH.ST_N    |        6676 |         477 |             7.14 |     261,958 |      66,891 |             25.54 |         -20.0 |          -12.4 |          +0.3 |
|  -160.00 |  -185.36 | TH.ST_N    |        6676 |         585 |             8.76 |     261,958 |      76,260 |             29.11 |         -20.0 |          -11.1 |          +3.3 |
|  -140.00 |  -165.36 | TH.ST_N    |        6676 |         751 |            11.25 |     261,958 |      87,688 |             33.47 |         -20.0 |          -10.5 |          +6.3 |
|  -120.00 |  -145.36 | TH.ST_N    |        6676 |         952 |            14.26 |     261,958 |     104,112 |             39.74 |         -20.0 |           -9.8 |          +9.3 |
|  -100.00 |  -125.36 | TH.ST_N    |        6676 |        1285 |            19.25 |     261,958 |     131,008 |             50.01 |         -20.0 |           -9.9 |         +12.3 |
|   -80.00 |  -105.36 | TH.ST_N    |        6676 |        1735 |            25.99 |     261,958 |     158,456 |             60.49 |         -20.0 |           -9.9 |         +15.3 |
|   -60.00 |   -85.36 | TH.ST_N    |        6676 |        2253 |            33.75 |     261,958 |     184,100 |             70.28 |         -20.0 |           -8.7 |         +19.3 |
|   -40.00 |   -65.36 | TH.ST_N    |        6676 |        2519 |            37.73 |     261,958 |     192,019 |             73.30 |         -20.0 |           -7.2 |         +20.0 |
|   -20.00 |   -45.36 | TH.ST_N    |        6676 |        2748 |            41.16 |     261,958 |     198,324 |             75.71 |         -20.0 |           -5.6 |         +20.0 |
|    +0.00 |   -25.36 | TH.ST_N    |        6676 |        2883 |            43.18 |     261,958 |     198,991 |             75.96 |         -20.0 |           -4.1 |         +19.9 |
|   +20.00 |    -5.36 | TH.ST_N    |        6676 |        2952 |            44.22 |     261,958 |     186,732 |             71.28 |         -20.0 |           -2.9 |         +19.9 |
|   +40.00 |   +14.64 | TH.ST_N    |        6676 |        3001 |            44.95 |     261,958 |     171,899 |             65.62 |         -20.0 |           -1.7 |         +19.9 |
|   +60.00 |   +34.64 | TH.ST_N    |        6676 |        3059 |            45.82 |     261,958 |     159,962 |             61.06 |         -20.0 |           -0.2 |         +20.0 |
|   +80.00 |   +54.64 | TH.ST_N    |        6676 |        3128 |            46.85 |     261,958 |     146,567 |             55.95 |         -20.0 |           +1.7 |         +19.9 |
|  +100.00 |   +74.64 | TH.ST_N    |        6676 |        3116 |            46.67 |     261,958 |     137,427 |             52.46 |         -20.0 |           +3.3 |         +20.0 |
|  +120.00 |   +94.64 | TH.ST_N    |        6676 |        3053 |            45.73 |     261,958 |     125,663 |             47.97 |         -19.9 |           +4.4 |         +20.0 |
|  +140.00 |  +114.64 | TH.ST_N    |        6676 |        2953 |            44.23 |     261,958 |     104,466 |             39.88 |         -20.0 |           +5.0 |         +20.0 |
|  +160.00 |  +134.64 | TH.ST_N    |        6676 |        2709 |            40.58 |     261,958 |      78,353 |             29.91 |         -20.0 |           +5.0 |         +20.0 |
|  +180.00 |  +154.64 | TH.ST_N    |        6676 |        2378 |            35.62 |     261,958 |      52,405 |             20.01 |         -20.0 |           +4.0 |         +20.0 |
|  +200.00 |  +174.64 | TH.ST_N    |        6676 |        2110 |            31.61 |     261,958 |      34,779 |             13.28 |         -20.0 |           +3.1 |         +20.0 |
|  +220.00 |  +194.64 | TH.ST_N    |        6676 |        1896 |            28.40 |     261,958 |      23,361 |              8.92 |         -19.9 |           +2.3 |         +20.0 |
|  +240.00 |  +214.64 | TH.ST_N    |        6676 |        1774 |            26.57 |     261,958 |      15,404 |              5.88 |         -20.0 |           +1.9 |         +20.0 |
==========================================================================================================================

 -> Plot saved successfully to: OUTPUT_LDP/TH_ST_N/TH_ST_N_Plot_PP_Popu.svg

--> [TH.ST_N] Step 6: 6_LDP_OnePage.py
Processing province: TH_ST_N
[+] TH_ST_N: One-Page Report generated successfully.
======================================================================
Completed province: TH.ST_N
Finished: 2026-08-01T11:44:13+07:00
======================================================================
