======================================================================
Processing province: TH.RT
Started: 2026-08-01T11:36:25+07:00
======================================================================
--> [TH.RT] Step 1: 1_fabdem_province.py
[1/5] Read GADM and select HASC_1=TH.RT
[2/5] Save province and clip FABDEM
[3/5] Generate contours every 100 m with GDAL 3.10.3
[4/5] Calculate statistics and write PDF
[5/5] Write DataFrame summaries

Completed successfully.
HASC_1     NAME_1  contours                                                                                    PDF
 TH.RT Ratchaburi      2090 /mnt/nvme1/Project/2026-EIT_LDP_Province/OUTPUT_FABDEM/TH_RT/TH_RT_fabdem_contours.pdf
--> [TH.RT] Step 2: 2_popu2025_grid.py
[1/4] Select GADM province HASC_1=TH.RT
[2/4] Save boundary and cut population grid
[3/4] Calculate population-grid statistics
[4/4] Write population-grid PDF and summaries

Completed successfully.
HASC_1     NAME_1  population_sum                                                                                         grid
 TH.RT Ratchaburi   751585.371927 /mnt/nvme1/Project/2026-EIT_LDP_Province/OUTPUT_POP2025/TH_RT/TH_RT_population_2025_100m.tif
--> [TH.RT] Step 3: 3_generate_sample.py
[1/4] Select GADM province HASC_1=TH.RT
 -> [READ] Loading Vector Dataset: OUTPUT_PROV/gadm41_THA.gpkg (Layer: 'ADM_ADM_1')
[2/4] Generate 1000.0m grid points
 -> Auto-detected EPSG:32647 for province.
 -> Generated 9,009 bounding box points.
 -> Clipping points to province boundary...
 -> Computing 7-digit Geohashes...
[3/4] Extracting Raster Values (FABDEM MSL & POP2025)...
 -> [READ] Opening Raster File: OUTPUT_FABDEM/TH_RT/TH_RT_fabdem.tif
 -> [READ] Opening Raster File for Area Sum: OUTPUT_POP2025/TH_RT/TH_RT_population_2025_100m.tif
 -> Converting geometries to Lng/Lat (EPSG:4326)...
[4/4] Save GeoPackage Data...
 -> [WRITE] Saving Vector File: /mnt/nvme1/Project/2026-EIT_LDP_Province/OUTPUT_SAMPL/TH_RT/TH_RT_SAMPL.gpkg (Layer: 'samples')

[5/5] Comparing POP2025 with DOPA Registration Population...

Completed successfully.
HASC_1  Grid (m)       CRS  Samples           Output POP2025 DOPA_Pop     Diff
 TH.RT    1000.0 EPSG:4326     5174 TH_RT_SAMPL.gpkg 745,291  861,879 -116,588
--> [TH.RT] Step 4: 4_analyse_ldp.py
LDP                                             [TM, 99:35]
FALSE_EN                                  [50000, -1350000]
PP_MSL                                                  -20
POPU_PLOT                                   [250, -100, 20]
GPKG         [OUTPUT_SAMPL/TH_RT/TH_RT_SAMPL.gpkg, samples]
OFFSET_PP      [0.0, default hPP from average topo or pnts]
dtype: object
 -> OUTLIER FILTER: Dropped 106 points.
 -> Dropped MSL values: [-9999, -9999, 994, 972, 871, 842, 957, 492, 465, 281, 886, 956, 556, 461, 555, 462, 409, 379, 226, 482, 378, 383, 307, 290, 981, 980, 984, 902, 853, 757, 811, 883, 980, 987, 273, 366, 237, 203, 310, 346, 143, 136, 205, 192, 159, 177, 148, 181, 151, 253, 171, 153, 160, 119, 153, 212, 278, 343, 273, 351, 242, 124, 103, 190, 1066, 1139, 661, 786, 205, 307, 110, 111, 83, 107, 48, 79, 117, 95, 80, 67, 47, 66, 105, 2, 3, 3, 135, 42, 105, 148, 55, 121, 164, 60, 129, 125, 90, 97, 121, 102, 114, 227, 112, 129, 46, 56]
 -> THINNING: Snapping points to 2 decimal grid...
 -> THINNING: Points reduced from 5068 to 4276.
 -> Using user-defined PP_MSL: -20.000m
==================================== LDP TM ====================================
@ Centroid @     <lng=99°35′>    <lat=13°32′>
Offset Projection Plane = +0.0 m. <default hPP from average topo or pnts>
Designed Project Plane : hPP=-52.59 m. / MSL=-20.00 m. tied to k0 = 0.999992
Points CSF min/mean/max [ppm] : -135.0 / -23.3 / +30.1
Points MSL min/mean/max [m.]  : -11.0 / +179.0 / +968.0
|      |       LDP_E |       LDP_N |
|:-----|------------:|------------:|
| min  |   5,874.321 | 104,573.926 |
| max  | 101,935.179 | 192,448.830 |
| diff |  96,060.858 |  87,874.904 |
{"meta": "LDP_Definition", "PROJ_String_Decimal": "+proj=tmerc +lat_0=0.0 +lon_0=99.58333333 +k_0=0.999992 +x_0=50000 +y_0=-1350000 +ellps=WGS84 +units=m +no_defs +type=crs", "PROJ_String_DMS": "+proj=tmerc +lat_0=0.0 +lon_0=99°35′ +k_0=0.999992 +x_0=50000 +y_0=-1350000 +ellps=WGS84 +units=m +no_defs +type=crs"}
Writing definition GPKG : OUTPUT_LDP/TH_RT/TH_RT_LDP.gpkg ...
Writing definition plot : OUTPUT_LDP/TH_RT/TH_RT_LDP.svg...
{"meta": "Coverage_Analysis", "Province": "TH.RT", "Total_Pts": 5174, "Valid_Pts": 2379, "Pt_Coverage(%)": 45.98, "Total_POP": 745290.7008, "Valid_POP": 573918.7522, "POP_Coverage(%)": 77.01, "CSF_Min_ppm": -20.0, "CSF_Mean_ppm": -3.5, "CSF_Max_ppm": 19.5}
--> [TH.RT] Step 5: 5_plot_PP_PctPopu.py
[TH.RT] POPU_PLOT found in TOML. Overriding MSL bounds: Upper=250.0, Lower=-100.0, Step=20.0
[TH.RT] Starting ProcessPoolExecutor with 18 offsets to compute (Mean MSL: 179.05 m)...
[TH.RT] OFFSET_PP [-279.05] computed successfully.
[TH.RT] OFFSET_PP [-259.05] computed successfully.
[TH.RT] OFFSET_PP [-239.05] computed successfully.
[TH.RT] OFFSET_PP [-219.05] computed successfully.
[TH.RT] OFFSET_PP [-199.05] computed successfully.
[TH.RT] OFFSET_PP [-179.05] computed successfully.
[TH.RT] OFFSET_PP [-159.05] computed successfully.
[TH.RT] OFFSET_PP [-139.05] computed successfully.
[TH.RT] OFFSET_PP [-119.05] computed successfully.
[TH.RT] OFFSET_PP [-99.05] computed successfully.
[TH.RT] OFFSET_PP [-79.05] computed successfully.
[TH.RT] OFFSET_PP [-59.05] computed successfully.
[TH.RT] OFFSET_PP [-39.05] computed successfully.
[TH.RT] OFFSET_PP [-19.05] computed successfully.
[TH.RT] OFFSET_PP [0.95] computed successfully.
[TH.RT] OFFSET_PP [20.95] computed successfully.
[TH.RT] OFFSET_PP [40.95] computed successfully.
[TH.RT] OFFSET_PP [60.95] computed successfully.

==================================== LDP Population Coverage Analysis: TH.RT ====================================
|   MSL_PP |   HAE_PP | Province   |   Total_Pts |   Valid_Pts |   Pt_Coverage(%) |   Total_POP |   Valid_POP |   POP_Coverage(%) |   CSF_Min_ppm |   CSF_Mean_ppm |   CSF_Max_ppm |
|---------:|---------:|:-----------|------------:|------------:|-----------------:|------------:|------------:|------------------:|--------------:|---------------:|--------------:|
|  -100.00 |  -132.59 | TH.RT      |        5174 |        1466 |            28.33 |     745,291 |     505,799 |             67.87 |         -20.0 |           -6.3 |         +17.1 |
|   -80.00 |  -112.59 | TH.RT      |        5174 |        1633 |            31.56 |     745,291 |     521,425 |             69.96 |         -20.0 |           -4.8 |         +20.0 |
|   -60.00 |   -92.59 | TH.RT      |        5174 |        1848 |            35.72 |     745,291 |     543,518 |             72.93 |         -20.0 |           -4.1 |         +19.6 |
|   -40.00 |   -72.59 | TH.RT      |        5174 |        2218 |            42.87 |     745,291 |     568,288 |             76.25 |         -20.0 |           -4.1 |         +19.8 |
|   -20.00 |   -52.59 | TH.RT      |        5174 |        2379 |            45.98 |     745,291 |     573,919 |             77.01 |         -20.0 |           -3.5 |         +19.5 |
|    +0.00 |   -32.59 | TH.RT      |        5174 |        2458 |            47.51 |     745,291 |     562,693 |             75.50 |         -20.0 |           -2.2 |         +20.0 |
|   +20.00 |   -12.59 | TH.RT      |        5174 |        2505 |            48.42 |     745,291 |     543,030 |             72.86 |         -20.0 |           -1.0 |         +20.0 |
|   +40.00 |    +7.41 | TH.RT      |        5174 |        2558 |            49.44 |     745,291 |     515,703 |             69.19 |         -20.0 |           +0.4 |         +20.0 |
|   +60.00 |   +27.41 | TH.RT      |        5174 |        2468 |            47.70 |     745,291 |     445,416 |             59.76 |         -20.0 |           +1.1 |         +20.0 |
|   +80.00 |   +47.41 | TH.RT      |        5174 |        2336 |            45.15 |     745,291 |     318,232 |             42.70 |         -20.0 |           +1.3 |         +20.0 |
|  +100.00 |   +67.41 | TH.RT      |        5174 |        2214 |            42.79 |     745,291 |     202,757 |             27.21 |         -20.0 |           +2.1 |         +20.0 |
|  +120.00 |   +87.41 | TH.RT      |        5174 |        2154 |            41.63 |     745,291 |     170,985 |             22.94 |         -19.8 |           +2.8 |         +20.0 |
|  +140.00 |  +107.41 | TH.RT      |        5174 |        2076 |            40.12 |     745,291 |     149,073 |             20.00 |         -20.0 |           +3.8 |         +20.0 |
|  +160.00 |  +127.41 | TH.RT      |        5174 |        1977 |            38.21 |     745,291 |     133,271 |             17.88 |         -20.0 |           +5.0 |         +20.0 |
|  +180.00 |  +147.41 | TH.RT      |        5174 |        1826 |            35.29 |     745,291 |     117,849 |             15.81 |         -19.9 |           +6.2 |         +20.0 |
|  +200.00 |  +167.41 | TH.RT      |        5174 |        1616 |            31.23 |     745,291 |      93,157 |             12.50 |         -19.7 |           +6.8 |         +20.0 |
|  +220.00 |  +187.41 | TH.RT      |        5174 |        1321 |            25.53 |     745,291 |      62,776 |              8.42 |         -19.9 |           +5.7 |         +20.0 |
|  +240.00 |  +207.41 | TH.RT      |        5174 |        1091 |            21.09 |     745,291 |      39,985 |              5.36 |         -19.8 |           +5.0 |         +19.9 |
==========================================================================================================================

 -> Plot saved successfully to: OUTPUT_LDP/TH_RT/TH_RT_Plot_PP_Popu.svg

--> [TH.RT] Step 6: 6_LDP_OnePage.py
Processing province: TH_RT
[+] TH_RT: One-Page Report generated successfully.
======================================================================
Completed province: TH.RT
Finished: 2026-08-01T11:40:34+07:00
======================================================================
