======================================================================
Processing province: TH.UD
Started: 2026-08-08T11:27:39+07:00
======================================================================
--> [TH.UD] Step 1: 1_fabdem_province.py
[1/5] Read GADM and select HASC_1=TH.UD
[2/5] Save province and clip FABDEM
[3/5] Generate contours every 100 m with GDAL 3.10.3
[4/5] Calculate statistics and write PDF
[5/5] Write DataFrame summaries

Completed successfully.
HASC_1    NAME_1  contours                                                                                    PDF
 TH.UD Uttaradit      5222 /mnt/nvme1/Project/2026-EIT_LDP_Province/OUTPUT_FABDEM/TH_UD/TH_UD_fabdem_contours.pdf
--> [TH.UD] Step 2: 2_popu2025_grid.py
[1/4] Select GADM province HASC_1=TH.UD
[2/4] Save boundary and cut population grid
[3/4] Calculate population-grid statistics
[4/4] Write population-grid PDF and summaries

Completed successfully.
HASC_1    NAME_1  population_sum                                                                                         grid
 TH.UD Uttaradit   387664.080369 /mnt/nvme1/Project/2026-EIT_LDP_Province/OUTPUT_POP2025/TH_UD/TH_UD_population_2025_100m.tif
--> [TH.UD] Step 3: 3_generate_sample.py
[1/4] Select GADM province HASC_1=TH.UD
 -> [READ] Loading Vector Dataset: OUTPUT_PROV/gadm41_THA.gpkg (Layer: 'ADM_ADM_1')
[2/4] Generate 500.0m grid points
 -> Auto-detected EPSG:32647 for province.
 -> Generated 75,075 bounding box points.
 -> Clipping points to province boundary...
 -> Computing 8-digit Geohashes...
[3/4] Extracting Raster Values (FABDEM MSL & POP2025)...
 -> [READ] Opening Raster File: OUTPUT_FABDEM/TH_UD/TH_UD_fabdem.tif
 -> [READ] Opening Raster File for Area Sum: OUTPUT_POP2025/TH_UD/TH_UD_population_2025_100m.tif
 -> Converting geometries to Lng/Lat (EPSG:4326)...
[4/4] Save GeoPackage Data...
 -> [WRITE] Saving Vector File: /mnt/nvme1/Project/2026-EIT_LDP_Province/OUTPUT_SAMPL/TH_UD/TH_UD_SAMPL.gpkg (Layer: 'samples')

[5/5] Comparing POP2025 with DOPA Registration Population...

Completed successfully.
HASC_1  Grid (m)       CRS  Samples           Output POP2025 DOPA_Pop    Diff
 TH.UD     500.0 EPSG:4326    31199 TH_UD_SAMPL.gpkg 389,229  433,275 -44,046
--> [TH.UD] Step 4: 4_analyse_ldp.py
LDP                                            [TM, 100:31]
FALSE_EN                                 [250000, -1220000]
PP_MSL                                                    0
POPU_PLOT                                   [350, -100, 20]
GPKG         [OUTPUT_SAMPL/TH_UD/TH_UD_SAMPL.gpkg, samples]
OFFSET_PP      [0.0, default hPP from average topo or pnts]
dtype: object
 -> OUTLIER FILTER: Dropped 630 points.
 -> Dropped MSL values: [-9999, -9999, -9999, -9999, -9999, -9999, 72, 68, 115, 74, 116, 66, 49, 50, 49, 59, 53, 83, 138, 82, 218, 96, 92, 275, 115, 120, 339, 365, 149, 166, 367, 83, 379, 82, 210, 240, 98, 101, 63, 59, 275, 345, 127, 324, 144, 199, 231, 362, 395, 113, 160, 140, 151, 85, 117, 387, 307, 190, 111, 85, 73, 79, 108, 110, 100, 104, 107, 463, 85, 110, 100, 102, 506, 93, 496, 457, 459, 86, 88, 99, 90, 88, 70, 122, 217, 230, 287, 137, 116, 268, 139, 111, 99, 146, 108, 523, 575, 610, 115, 155, 238, 174, 120, 528, 626, 561, 124, 130, 132, 556, 621, 148, 130, 106, 113, 107, 122, 74, 82, 86, 76, 76, 132, 141, 129, 137, 132, 134, 447, 461, 280, 401, 94, 94, 161, 123, 126, 57, 58, 108, 95, 147, 93, 102, 98, 102, 1569, 1586, 595, 328, 329, 759, 746, 323, 507, 514, 477, 490, 464, 543, 822, 820, 796, 853, 744, 761, 758, 122, 778, 1032, 1035, 1098, 1065, 589, 393, 394, 390, 626, 401, 258, 297, 502, 599, 540, 498, 492, 496, 558, 522, 512, 131, 137, 134, 128, 138, 143, 317, 139, 169, 158, 182, 399, 159, 172, 467, 569, 203, 189, 201, 825, 817, 170, 195, 181, 863, 791, 804, 812, 791, 815, 405, 405, 293, 317, 349, 358, 886, 856, 884, 472, 179, 171, 177, 210, 146, 128, 151, 217, 116, 152, 126, 392, 416, 126, 411, 430, 543, 460, 479, 410, 387, 252, 464, 401, 387, 445, 107, 104, 88, 87, 137, 94, 103, 81, 81, 95, 91, 109, 85, 146, 113, 256, 276, 382, 324, 264, 171, 159, 212, 242, 133, 218, 320, 257, 335, 110, 115, 115, 182, 106, 114, 118, 114, 127, 112, 210, 394, 478, 382, 432, 352, 502, 541, 115, 496, 441, 489, 490, 444, 488, 392, 502, 434, 894, 973, 958, 124, 463, 623, 775, 665, 699, 624, 708, 608, 615, 489, 512, 644, 610, 385, 377, 371, 301, 286, 292, 392, 349, 322, 357, 299, 293, 408, 605, 551, 405, 599, 549, 565, 563, 417, 470, 461, 416, 503, 553, 506, 420, 460, 500, 1066, 159, 306, 322, 335, 1200, 1123, 372, 1082, 1108, 1079, 1008, 1260, 1532, 1582, 957, 942, 1016, 932, 958, 1528, 1662, 1593, 206, 204, 333, 893, 460, 392, 398, 362, 365, 551, 546, 589, 621, 571, 385, 398, 387, 518, 927, 953, 808, 857, 826, 226, 248, 244, 596, 741, 817, 803, 745, 841, 812, 818, 853, 991, 963, 999, 953, 1046, 868, 573, 632, 563, 879, 877, 737, 597, 780, 568, 621, 590, 839, 193, 144, 194, 199, 187, 390, 439, 404, 162, 470, 122, 157, 161, 99, 153, 169, 158, 335, 216, 227, 184, 273, 304, 257, 149, 466, 518, 474, 496, 470, 162, 155, 244, 151, 162, 154, 157, 161, 551, 569, 611, 601, 579, 732, 655, 710, 695, 743, 703, 581, 679, 567, 702, 174, 162, 157, 158, 161, 165, 161, 154, 144, 164, 159, 156, 167, 160, 155, 164, 156, 157, 332, 160, 401, 123, 130, 132, 130, 972, 313, 151, 158, 158, 164, 159, 154, 159, 157, 524, 580, 548, 549, 535, 158, 156, 167, 159, 166, 147, 175, 156, 166, 160, 166, 398, 406, 165, 151, 404, 160, 144, 151, 158, 154, 406, 152, 166, 144, 144, 144, 144, 154, 526, 144, 144, 144, 144, 161, 164, 144, 159, 162, 160, 286, 144, 158, 149, 1060, 1186, 1117, 1103, 1087, 570, 553, 585, 524, 522, 147, 144, 292, 280, 144, 895, 869, 920, 862, 955, 993, 1012, 984, 1032, 1022, 984, 994, 370, 994, 364, 349, 352, 351, 735, 650, 681, 461, 636, 864, 857, 855, 952, 970, 977, 1030, 961, 1090, 1001, 576, 571, 783, 1038, 1018, 986, 1109, 1016, 716]
 -> Using user-defined PP_MSL: 0.000m
==================================== LDP TM ====================================
@ Centroid @     <lng=100°31′>    <lat=17°45′>
Offset Projection Plane = +0.0 m. <default hPP from average topo or pnts>
Designed Project Plane : hPP=-34.53 m. / MSL=+0.00 m. tied to k0 = 0.999995
Points CSF min/mean/max [ppm] : -235.5 / -32.0 / +39.1
Points MSL min/mean/max [m.]  : +47.0 / +308.9 / +1566.0
|      |       LDP_E |       LDP_N |
|:-----|------------:|------------:|
| min  | 186,197.408 | 679,020.763 |
| max  | 321,118.240 | 812,626.885 |
| diff | 134,920.832 | 133,606.122 |
{"meta": "LDP_Definition", "PROJ_String_Decimal": "+proj=tmerc +lat_0=0.0 +lon_0=100.51666667 +k_0=0.999995 +x_0=250000 +y_0=-1220000 +ellps=WGS84 +units=m +no_defs +type=crs", "PROJ_String_DMS": "+proj=tmerc +lat_0=0.0 +lon_0=100°31′ +k_0=0.999995 +x_0=250000 +y_0=-1220000 +ellps=WGS84 +units=m +no_defs +type=crs"}
Writing definition GPKG : OUTPUT_LDP/TH_UD/TH_UD_LDP.gpkg ...
 -> THINNING: Snapping points to 2 decimal grid for visualization...
 -> THINNING: Plot points reduced from 30569 to 6788.
Writing definition plot : OUTPUT_LDP/TH_UD/TH_UD_LDP.svg...
{"meta": "Coverage_Analysis", "Province": "TH.UD", "Total_Pts": 31199, "Valid_Pts": 9194, "Pt_Coverage(%)": 29.47, "Total_POP": 389229.2689, "Valid_POP": 297836.9792, "POP_Coverage(%)": 76.52, "CSF_Min_ppm": -20.0, "CSF_Mean_ppm": -0.7, "CSF_Max_ppm": 20.0}
--> [TH.UD] Step 5: 5_plot_PP_PctPopu.py
[TH.UD] POPU_PLOT found in TOML. Overriding MSL bounds: Upper=350.0, Lower=-100.0, Step=20.0
[TH.UD] Starting ProcessPoolExecutor with 23 offsets to compute (Mean MSL: 308.85 m)...
[TH.UD] OFFSET_PP [-408.85] computed successfully.
[TH.UD] OFFSET_PP [-388.85] computed successfully.
[TH.UD] OFFSET_PP [-368.85] computed successfully.
[TH.UD] OFFSET_PP [-348.85] computed successfully.
[TH.UD] OFFSET_PP [-328.85] computed successfully.
[TH.UD] OFFSET_PP [-308.85] computed successfully.
[TH.UD] OFFSET_PP [-288.85] computed successfully.
[TH.UD] OFFSET_PP [-268.85] computed successfully.
[TH.UD] OFFSET_PP [-248.85] computed successfully.
[TH.UD] OFFSET_PP [-228.85] computed successfully.
[TH.UD] OFFSET_PP [-208.85] computed successfully.
[TH.UD] OFFSET_PP [-188.85] computed successfully.
[TH.UD] OFFSET_PP [-168.85] computed successfully.
[TH.UD] OFFSET_PP [-148.85] computed successfully.
[TH.UD] OFFSET_PP [-128.85] computed successfully.
[TH.UD] OFFSET_PP [-108.85] computed successfully.
[TH.UD] OFFSET_PP [-88.85] computed successfully.
[TH.UD] OFFSET_PP [-68.85] computed successfully.
[TH.UD] OFFSET_PP [-48.85] computed successfully.
[TH.UD] OFFSET_PP [-28.85] computed successfully.
[TH.UD] OFFSET_PP [-8.85] computed successfully.
[TH.UD] OFFSET_PP [11.15] computed successfully.
[TH.UD] OFFSET_PP [31.15] computed successfully.

==================================== LDP Population Coverage Analysis: TH.UD ====================================
|   MSL_PP |   HAE_PP | Province   |   Total_Pts |   Valid_Pts |   Pt_Coverage(%) |   Total_POP |   Valid_POP |   POP_Coverage(%) |   CSF_Min_ppm |   CSF_Mean_ppm |   CSF_Max_ppm |
|---------:|---------:|:-----------|------------:|------------:|-----------------:|------------:|------------:|------------------:|--------------:|---------------:|--------------:|
|  -100.00 |  -134.53 | TH.UD      |       31199 |        7179 |            23.01 |     389,229 |     264,970 |             68.08 |         -20.0 |           -2.9 |         +20.0 |
|   -80.00 |  -114.53 | TH.UD      |       31199 |        7776 |            24.92 |     389,229 |     274,507 |             70.53 |         -20.0 |           -2.0 |         +20.0 |
|   -60.00 |   -94.53 | TH.UD      |       31199 |        8188 |            26.24 |     389,229 |     285,471 |             73.34 |         -20.0 |           -1.1 |         +20.0 |
|   -40.00 |   -74.53 | TH.UD      |       31199 |        8426 |            27.01 |     389,229 |     292,739 |             75.21 |         -20.0 |           -0.4 |         +20.0 |
|   -20.00 |   -54.53 | TH.UD      |       31199 |        8616 |            27.62 |     389,229 |     296,503 |             76.18 |         -20.0 |           -0.1 |         +20.0 |
|    +0.00 |   -34.53 | TH.UD      |       31199 |        9194 |            29.47 |     389,229 |     297,837 |             76.52 |         -20.0 |           -0.7 |         +20.0 |
|   +20.00 |   -14.53 | TH.UD      |       31199 |       10408 |            33.36 |     389,229 |     265,417 |             68.19 |         -20.0 |           -2.7 |         +20.0 |
|   +40.00 |    +5.47 | TH.UD      |       31199 |       11027 |            35.34 |     389,229 |     212,800 |             54.67 |         -20.0 |           -3.0 |         +20.0 |
|   +60.00 |   +25.47 | TH.UD      |       31199 |       11452 |            36.71 |     389,229 |     174,382 |             44.80 |         -20.0 |           -3.4 |         +20.0 |
|   +80.00 |   +45.47 | TH.UD      |       31199 |       11797 |            37.81 |     389,229 |     162,679 |             41.80 |         -20.0 |           -3.4 |         +20.0 |
|  +100.00 |   +65.47 | TH.UD      |       31199 |       12167 |            39.00 |     389,229 |     145,421 |             37.36 |         -20.0 |           -3.1 |         +20.0 |
|  +120.00 |   +85.47 | TH.UD      |       31199 |       12544 |            40.21 |     389,229 |     135,734 |             34.87 |         -20.0 |           -2.6 |         +20.0 |
|  +140.00 |  +105.47 | TH.UD      |       31199 |       13046 |            41.82 |     389,229 |     122,914 |             31.58 |         -20.0 |           -1.7 |         +20.0 |
|  +160.00 |  +125.47 | TH.UD      |       31199 |       13271 |            42.54 |     389,229 |     113,811 |             29.24 |         -20.0 |           -0.9 |         +20.0 |
|  +180.00 |  +145.47 | TH.UD      |       31199 |       13368 |            42.85 |     389,229 |     100,323 |             25.77 |         -20.0 |           -0.2 |         +20.0 |
|  +200.00 |  +165.47 | TH.UD      |       31199 |       13488 |            43.23 |     389,229 |      86,226 |             22.15 |         -20.0 |           +0.7 |         +20.0 |
|  +220.00 |  +185.47 | TH.UD      |       31199 |       13637 |            43.71 |     389,229 |      77,174 |             19.83 |         -20.0 |           +1.7 |         +20.0 |
|  +240.00 |  +205.47 | TH.UD      |       31199 |       13539 |            43.40 |     389,229 |      61,909 |             15.91 |         -20.0 |           +2.6 |         +20.0 |
|  +260.00 |  +225.47 | TH.UD      |       31199 |       13195 |            42.29 |     389,229 |      40,206 |             10.33 |         -20.0 |           +3.1 |         +20.0 |
|  +280.00 |  +245.47 | TH.UD      |       31199 |       11673 |            37.41 |     389,229 |      24,795 |              6.37 |         -20.0 |           +2.6 |         +20.0 |
|  +300.00 |  +265.47 | TH.UD      |       31199 |       10921 |            35.00 |     389,229 |      16,566 |              4.26 |         -20.0 |           +2.6 |         +20.0 |
|  +320.00 |  +285.47 | TH.UD      |       31199 |       10280 |            32.95 |     389,229 |      12,578 |              3.23 |         -20.0 |           +2.7 |         +20.0 |
|  +340.00 |  +305.47 | TH.UD      |       31199 |        9669 |            30.99 |     389,229 |      10,109 |              2.60 |         -20.0 |           +3.0 |         +20.0 |
==========================================================================================================================

 -> Plot saved successfully to: OUTPUT_LDP/TH_UD/TH_UD_Plot_PP_Popu.svg

--> [TH.UD] Step 6: 6_LDP_OnePage.py
Processing province: TH_UD
[+] TH_UD: One-Page Report generated successfully.
======================================================================
Completed province: TH.UD
Finished: 2026-08-08T11:45:09+07:00
======================================================================
