======================================================================
Processing province: TH.PB
Started: 2026-08-07T14:43:07+07:00
======================================================================
--> [TH.PB] Step 1: 1_fabdem_province.py
[1/5] Read GADM and select HASC_1=TH.PB
[2/5] Save province and clip FABDEM
[3/5] Generate contours every 100 m with GDAL 3.10.3
[4/5] Calculate statistics and write PDF
[5/5] Write DataFrame summaries

Completed successfully.
HASC_1       NAME_1  contours                                                                                    PDF
 TH.PB Prachin Buri       716 /mnt/nvme1/Project/2026-EIT_LDP_Province/OUTPUT_FABDEM/TH_PB/TH_PB_fabdem_contours.pdf
--> [TH.PB] Step 2: 2_popu2025_grid.py
[1/4] Select GADM province HASC_1=TH.PB
[2/4] Save boundary and cut population grid
[3/4] Calculate population-grid statistics
[4/4] Write population-grid PDF and summaries

Completed successfully.
HASC_1       NAME_1  population_sum                                                                                         grid
 TH.PB Prachin Buri   696856.825061 /mnt/nvme1/Project/2026-EIT_LDP_Province/OUTPUT_POP2025/TH_PB/TH_PB_population_2025_100m.tif
--> [TH.PB] Step 3: 3_generate_sample.py
[1/4] Select GADM province HASC_1=TH.PB
 -> [READ] Loading Vector Dataset: OUTPUT_PROV/gadm41_THA.gpkg (Layer: 'ADM_ADM_1')
[2/4] Generate 1000.0m grid points
 -> Auto-detected EPSG:32647 for province.
 -> Generated 10,494 bounding box points.
 -> Clipping points to province boundary...
 -> Computing 7-digit Geohashes...
[3/4] Extracting Raster Values (FABDEM MSL & POP2025)...
 -> [READ] Opening Raster File: OUTPUT_FABDEM/TH_PB/TH_PB_fabdem.tif
 -> [READ] Opening Raster File for Area Sum: OUTPUT_POP2025/TH_PB/TH_PB_population_2025_100m.tif
 -> Converting geometries to Lng/Lat (EPSG:4326)...
[4/4] Save GeoPackage Data...
 -> [WRITE] Saving Vector File: /mnt/nvme1/Project/2026-EIT_LDP_Province/OUTPUT_SAMPL/TH_PB/TH_PB_SAMPL.gpkg (Layer: 'samples')

[5/5] Comparing POP2025 with DOPA Registration Population...

Completed successfully.
HASC_1  Grid (m)       CRS  Samples           Output POP2025 DOPA_Pop    Diff
 TH.PB    1000.0 EPSG:4326     4994 TH_PB_SAMPL.gpkg 692,544  501,954 190,590
--> [TH.PB] Step 4: 4_analyse_ldp.py
LDP                                            [TM, 101:39]
FALSE_EN                                  [250000, -800000]
PP_MSL                                                  -50
POPU_PLOT                                   [200, -150, 20]
GPKG         [OUTPUT_SAMPL/TH_PB/TH_PB_SAMPL.gpkg, samples]
OFFSET_PP      [0.0, default hPP from average topo or pnts]
dtype: object
 -> OUTLIER FILTER: Dropped 101 points.
 -> Dropped MSL values: [-9999, 300, 343, 342, 404, 65, 82, 79, 90, 85, 93, 107, 134, 112, 92, 103, 53, 44, 37, 75, 92, 86, 74, 48, 447, 76, 66, 510, 412, 713, 738, 1092, 1206, 885, 813, 744, 1145, 1087, 1101, 885, 829, 83, 20, 137, 131, 114, 106, 114, 62, 80, 106, 213, 239, 86, 90, 226, 98, 114, 122, 98, 106, 44, 53, 100, 95, 102, 87, 404, 891, 99, 816, 818, 888, 529, 563, 35, 41, 461, 787, 116, 119, 481, 805, 477, 422, 592, 557, 666, 830, 146, 182, 138, 385, 382, 175, 205, 226, 407, 174, 163, 394]
 -> THINNING: Snapping points to 2 decimal grid...
 -> THINNING: Points reduced from 4893 to 4109.
 -> Using user-defined PP_MSL: -50.000m
==================================== LDP TM ====================================
@ Centroid @     <lng=101°39′>    <lat=14°03′>
Offset Projection Plane = +0.0 m. <default hPP from average topo or pnts>
Designed Project Plane : hPP=-77.04 m. / MSL=-50.00 m. tied to k0 = 0.999988
Points CSF min/mean/max [ppm] : -171.9 / -23.4 / +28.9
Points MSL min/mean/max [m.]  : +0.0 / +141.0 / +1066.0
|      |       LDP_E |       LDP_N |
|:-----|------------:|------------:|
| min  | 195,600.950 | 702,728.089 |
| max  | 298,879.241 | 799,174.362 |
| diff | 103,278.291 |  96,446.272 |
{"meta": "LDP_Definition", "PROJ_String_Decimal": "+proj=tmerc +lat_0=0.0 +lon_0=101.65000000 +k_0=0.999988 +x_0=250000 +y_0=-800000 +ellps=WGS84 +units=m +no_defs +type=crs", "PROJ_String_DMS": "+proj=tmerc +lat_0=0.0 +lon_0=101°39′ +k_0=0.999988 +x_0=250000 +y_0=-800000 +ellps=WGS84 +units=m +no_defs +type=crs"}
Writing definition GPKG : OUTPUT_LDP/TH_PB/TH_PB_LDP.gpkg ...
Writing definition plot : OUTPUT_LDP/TH_PB/TH_PB_LDP.svg...
{"meta": "Coverage_Analysis", "Province": "TH.PB", "Total_Pts": 4994, "Valid_Pts": 3010, "Pt_Coverage(%)": 60.27, "Total_POP": 692543.6521000001, "Valid_POP": 563110.4188, "POP_Coverage(%)": 81.31, "CSF_Min_ppm": -20.0, "CSF_Mean_ppm": -5.4, "CSF_Max_ppm": 19.9}
--> [TH.PB] Step 5: 5_plot_PP_PctPopu.py
[TH.PB] POPU_PLOT found in TOML. Overriding MSL bounds: Upper=200.0, Lower=-150.0, Step=20.0
[TH.PB] Starting ProcessPoolExecutor with 18 offsets to compute (Mean MSL: 140.98 m)...
[TH.PB] OFFSET_PP [-290.98] computed successfully.
[TH.PB] OFFSET_PP [-270.98] computed successfully.
[TH.PB] OFFSET_PP [-250.98] computed successfully.
[TH.PB] OFFSET_PP [-230.98] computed successfully.
[TH.PB] OFFSET_PP [-210.98] computed successfully.
[TH.PB] OFFSET_PP [-190.98] computed successfully.
[TH.PB] OFFSET_PP [-170.98] computed successfully.
[TH.PB] OFFSET_PP [-150.98] computed successfully.
[TH.PB] OFFSET_PP [-130.98] computed successfully.
[TH.PB] OFFSET_PP [-110.98] computed successfully.
[TH.PB] OFFSET_PP [-90.98] computed successfully.
[TH.PB] OFFSET_PP [-70.98] computed successfully.
[TH.PB] OFFSET_PP [-50.98] computed successfully.
[TH.PB] OFFSET_PP [-30.98] computed successfully.
[TH.PB] OFFSET_PP [-10.98] computed successfully.
[TH.PB] OFFSET_PP [9.02] computed successfully.
[TH.PB] OFFSET_PP [29.02] computed successfully.
[TH.PB] OFFSET_PP [49.02] computed successfully.

==================================== LDP Population Coverage Analysis: TH.PB ====================================
|   MSL_PP |   HAE_PP | Province   |   Total_Pts |   Valid_Pts |   Pt_Coverage(%) |   Total_POP |   Valid_POP |   POP_Coverage(%) |   CSF_Min_ppm |   CSF_Mean_ppm |   CSF_Max_ppm |
|---------:|---------:|:-----------|------------:|------------:|-----------------:|------------:|------------:|------------------:|--------------:|---------------:|--------------:|
|  -150.00 |  -177.04 | TH.PB      |        4994 |        1026 |            20.54 |     692,544 |     191,787 |             27.69 |         -20.0 |          -10.8 |         +12.9 |
|  -130.00 |  -157.04 | TH.PB      |        4994 |        1515 |            30.34 |     692,544 |     274,821 |             39.68 |         -20.0 |          -11.3 |         +15.9 |
|  -110.00 |  -137.04 | TH.PB      |        4994 |        2256 |            45.17 |     692,544 |     466,167 |             67.31 |         -20.0 |          -11.6 |         +18.9 |
|   -90.00 |  -117.04 | TH.PB      |        4994 |        2843 |            56.93 |     692,544 |     551,753 |             79.67 |         -20.0 |          -10.0 |         +20.0 |
|   -70.00 |   -97.04 | TH.PB      |        4994 |        2978 |            59.63 |     692,544 |     562,472 |             81.22 |         -20.0 |           -7.8 |         +19.5 |
|   -50.00 |   -77.04 | TH.PB      |        4994 |        3010 |            60.27 |     692,544 |     563,110 |             81.31 |         -20.0 |           -5.4 |         +19.9 |
|   -30.00 |   -57.04 | TH.PB      |        4994 |        2994 |            59.95 |     692,544 |     552,460 |             79.77 |         -19.7 |           -3.0 |         +19.6 |
|   -10.00 |   -37.04 | TH.PB      |        4994 |        2968 |            59.43 |     692,544 |     548,089 |             79.14 |         -20.0 |           -0.5 |         +20.0 |
|   +10.00 |   -17.04 | TH.PB      |        4994 |        2944 |            58.95 |     692,544 |     543,987 |             78.55 |         -19.9 |           +1.9 |         +20.0 |
|   +30.00 |    +2.96 | TH.PB      |        4994 |        2912 |            58.31 |     692,544 |     536,422 |             77.46 |         -20.0 |           +4.2 |         +20.0 |
|   +50.00 |   +22.96 | TH.PB      |        4994 |        2802 |            56.11 |     692,544 |     517,173 |             74.68 |         -19.7 |           +7.2 |         +20.0 |
|   +70.00 |   +42.96 | TH.PB      |        4994 |        2665 |            53.36 |     692,544 |     459,206 |             66.31 |         -20.0 |           +9.2 |         +20.0 |
|   +90.00 |   +62.96 | TH.PB      |        4994 |        2535 |            50.76 |     692,544 |     418,858 |             60.48 |         -19.8 |          +11.2 |         +20.0 |
|  +110.00 |   +82.96 | TH.PB      |        4994 |        2161 |            43.27 |     692,544 |     362,307 |             52.32 |         -19.9 |          +12.6 |         +20.0 |
|  +130.00 |  +102.96 | TH.PB      |        4994 |        1601 |            32.06 |     692,544 |     237,699 |             34.32 |         -19.9 |          +13.2 |         +20.0 |
|  +150.00 |  +122.96 | TH.PB      |        4994 |         882 |            17.66 |     692,544 |      56,315 |              8.13 |         -19.8 |          +10.6 |         +20.0 |
|  +170.00 |  +142.96 | TH.PB      |        4994 |         525 |            10.51 |     692,544 |      18,803 |              2.71 |         -19.9 |           +7.0 |         +20.0 |
|  +190.00 |  +162.96 | TH.PB      |        4994 |         366 |             7.33 |     692,544 |       1,219 |              0.18 |         -20.0 |           +3.0 |         +20.0 |
==========================================================================================================================

 -> Plot saved successfully to: OUTPUT_LDP/TH_PB/TH_PB_Plot_PP_Popu.svg

--> [TH.PB] Step 6: 6_LDP_OnePage.py
Processing province: TH_PB
[+] TH_PB: One-Page Report generated successfully.
======================================================================
Completed province: TH.PB
Finished: 2026-08-07T14:47:15+07:00
======================================================================
