======================================================================
Processing province: TH.GBKK
Started: 2026-08-05T18:35:01+07:00
======================================================================
--> [TH.GBKK] Step 1: 1_fabdem_province.py
[1/5] Read GADM and select HASC_1=TH.GBKK
[2/5] Save province and clip FABDEM
[3/5] Generate contours every 100 m with GDAL 3.10.3
[4/5] Calculate statistics and write PDF
[5/5] Write DataFrame summaries

Completed successfully.
 HASC_1     NAME_1  contours                                                                                        PDF
TH.GBKK GreaterBKK       122 /mnt/nvme1/Project/2026-EIT_LDP_Province/OUTPUT_FABDEM/TH_GBKK/TH_GBKK_fabdem_contours.pdf
--> [TH.GBKK] Step 2: 2_popu2025_grid.py
[1/4] Select GADM province HASC_1=TH.GBKK
[2/4] Save boundary and cut population grid
[3/4] Calculate population-grid statistics
[4/4] Write population-grid PDF and summaries

Completed successfully.
 HASC_1     NAME_1  population_sum                                                                                             grid
TH.GBKK GreaterBKK    1.617017e+07 /mnt/nvme1/Project/2026-EIT_LDP_Province/OUTPUT_POP2025/TH_GBKK/TH_GBKK_population_2025_100m.tif
--> [TH.GBKK] Step 3: 3_generate_sample.py
[1/4] Select GADM province HASC_1=TH.GBKK
 -> [READ] Loading Vector Dataset: OUTPUT_PROV/gadm41_THA.gpkg (Layer: 'ADM_ADM_1')
[2/4] Generate 1000.0m grid points
 -> Auto-detected EPSG:32647 for province.
 -> Generated 5,850 bounding box points.
 -> Clipping points to province boundary...
 -> Computing 7-digit Geohashes...
[3/4] Extracting Raster Values (FABDEM MSL & POP2025)...
 -> [READ] Opening Raster File: OUTPUT_FABDEM/TH_GBKK/TH_GBKK_fabdem.tif
 -> [READ] Opening Raster File for Area Sum: OUTPUT_POP2025/TH_GBKK/TH_GBKK_population_2025_100m.tif
 -> Converting geometries to Lng/Lat (EPSG:4326)...
[4/4] Save GeoPackage Data...
 -> [WRITE] Saving Vector File: /mnt/nvme1/Project/2026-EIT_LDP_Province/OUTPUT_SAMPL/TH_GBKK/TH_GBKK_SAMPL.gpkg (Layer: 'samples')

[5/5] Comparing POP2025 with DOPA Registration Population...
 -> Warning: Could not find DOPA data for province code 999.

Completed successfully.
 HASC_1  Grid (m)       CRS  Samples             Output    POP2025 DOPA_Pop Diff
TH.GBKK    1000.0 EPSG:4326     3134 TH_GBKK_SAMPL.gpkg 16,101,372        0    0
--> [TH.GBKK] Step 4: 4_analyse_ldp.py
LDP                                               [TM, 100:36]
FALSE_EN                                     [50000, -1380000]
PP_MSL                                                     -40
GPKG         [OUTPUT_SAMPL/TH_GBKK/TH_GBKK_SAMPL.gpkg, samp...
OFFSET_PP         [0.0, default hPP from average topo or pnts]
dtype: object
 -> OUTLIER FILTER: Dropped 64 points.
 -> Dropped MSL values: [-9999, -2, 11, -1, 9, 5, 5, 5, 5, -4, 2, 2, 5, 4, 3, 3, 5, 8, 5, 5, 5, 6, 5, 4, 3, 3, 1, 3, 1, 0, 1, 0, 4, 0, 0, 3, 3, 3, 3, 3, -2, 3, 3, 1, 3, 3, 3, 7, -2, 0, 0, 0, 4, 4, 4, 11, 4, -10, 3, 3, 3, 5, 3, 3]
 -> THINNING: Snapping points to 2 decimal grid...
 -> THINNING: Points reduced from 3070 to 2576.
 -> Using user-defined PP_MSL: -40.000m
==================================== LDP TM ====================================
@ Centroid @     <lng=100°36′>    <lat=13°45′>
Offset Projection Plane = +0.0 m. <default hPP from average topo or pnts>
Designed Project Plane : hPP=-70.22 m. / MSL=-40.00 m. tied to k0 = 0.999989
Points CSF min/mean/max [ppm] : -7.3 / -1.9 / +12.3
Points MSL min/mean/max [m.]  : +0.0 / +1.6 / +7.0
|      |      LDP_E |       LDP_N |
|:-----|-----------:|------------:|
| min  | 14,196.827 | 111,841.414 |
| max  | 88,929.085 | 182,248.870 |
| diff | 74,732.258 |  70,407.456 |
{"meta": "LDP_Definition", "PROJ_String_Decimal": "+proj=tmerc +lat_0=0.0 +lon_0=100.60000000 +k_0=0.999989 +x_0=50000 +y_0=-1380000 +ellps=WGS84 +units=m +no_defs +type=crs", "PROJ_String_DMS": "+proj=tmerc +lat_0=0.0 +lon_0=100°36′ +k_0=0.999989 +x_0=50000 +y_0=-1380000 +ellps=WGS84 +units=m +no_defs +type=crs"}
Writing definition GPKG : OUTPUT_LDP/TH_GBKK/TH_GBKK_LDP.gpkg ...
Writing definition plot : OUTPUT_LDP/TH_GBKK/TH_GBKK_LDP.svg...
{"meta": "Coverage_Analysis", "Province": "TH.GBKK", "Total_Pts": 3134, "Valid_Pts": 2576, "Pt_Coverage(%)": 82.2, "Total_POP": 16101372.344600001, "Valid_POP": 13375333.1444, "POP_Coverage(%)": 83.07, "CSF_Min_ppm": -7.3, "CSF_Mean_ppm": -1.9, "CSF_Max_ppm": 12.3}
--> [TH.GBKK] Step 5: 5_plot_PP_PctPopu.py
[TH.GBKK] Starting ProcessPoolExecutor with 16 offsets to compute (Mean MSL: 1.59 m)...
[TH.GBKK] OFFSET_PP [-200.00] computed successfully.
[TH.GBKK] OFFSET_PP [-180.00] computed successfully.
[TH.GBKK] OFFSET_PP [-160.00] computed successfully.
[TH.GBKK] OFFSET_PP [-140.00] computed successfully.
[TH.GBKK] OFFSET_PP [-120.00] computed successfully.
[TH.GBKK] OFFSET_PP [-100.00] computed successfully.
[TH.GBKK] OFFSET_PP [-80.00] computed successfully.
[TH.GBKK] OFFSET_PP [-60.00] computed successfully.
[TH.GBKK] OFFSET_PP [-40.00] computed successfully.
[TH.GBKK] OFFSET_PP [-20.00] computed successfully.
[TH.GBKK] OFFSET_PP [0.00] computed successfully.
[TH.GBKK] OFFSET_PP [20.00] computed successfully.
[TH.GBKK] OFFSET_PP [40.00] computed successfully.
[TH.GBKK] OFFSET_PP [60.00] computed successfully.
[TH.GBKK] OFFSET_PP [80.00] computed successfully.
[TH.GBKK] OFFSET_PP [100.00] computed successfully.

==================================== LDP Population Coverage Analysis: TH.GBKK ====================================
|   MSL_PP |   HAE_PP | Province   |   Total_Pts |   Valid_Pts |   Pt_Coverage(%) |   Total_POP |   Valid_POP |   POP_Coverage(%) |   CSF_Min_ppm |   CSF_Mean_ppm |   CSF_Max_ppm |
|---------:|---------:|:-----------|------------:|------------:|-----------------:|------------:|------------:|------------------:|--------------:|---------------:|--------------:|
|  -198.41 |  -228.63 | TH.GBKK    |        3134 |         209 |             6.67 |  16,101,372 |      74,684 |              0.46 |         -19.8 |          -18.0 |         -12.7 |
|  -178.41 |  -208.63 | TH.GBKK    |        3134 |         532 |            16.98 |  16,101,372 |     514,147 |              3.19 |         -20.0 |          -17.2 |          -9.7 |
|  -158.41 |  -188.63 | TH.GBKK    |        3134 |         942 |            30.06 |  16,101,372 |   1,888,935 |             11.73 |         -20.0 |          -16.1 |          -6.7 |
|  -138.41 |  -168.63 | TH.GBKK    |        3134 |        1472 |            46.97 |  16,101,372 |   4,003,332 |             24.86 |         -20.0 |          -15.1 |          -3.7 |
|  -118.41 |  -148.63 | TH.GBKK    |        3134 |        2576 |            82.20 |  16,101,372 |  13,375,333 |             83.07 |         -19.3 |          -13.9 |          +0.3 |
|   -98.41 |  -128.63 | TH.GBKK    |        3134 |        2576 |            82.20 |  16,101,372 |  13,375,333 |             83.07 |         -16.3 |          -10.9 |          +3.3 |
|   -78.41 |  -108.63 | TH.GBKK    |        3134 |        2576 |            82.20 |  16,101,372 |  13,375,333 |             83.07 |         -13.3 |           -7.9 |          +6.3 |
|   -58.41 |   -88.63 | TH.GBKK    |        3134 |        2576 |            82.20 |  16,101,372 |  13,375,333 |             83.07 |         -10.3 |           -4.9 |          +9.3 |
|   -38.41 |   -68.63 | TH.GBKK    |        3134 |        2576 |            82.20 |  16,101,372 |  13,375,333 |             83.07 |          -7.3 |           -1.9 |         +12.3 |
|   -18.41 |   -48.63 | TH.GBKK    |        3134 |        2576 |            82.20 |  16,101,372 |  13,375,333 |             83.07 |          -4.3 |           +1.1 |         +15.3 |
|    +1.59 |   -28.63 | TH.GBKK    |        3134 |        2576 |            82.20 |  16,101,372 |  13,375,333 |             83.07 |          -1.3 |           +4.1 |         +18.3 |
|   +21.59 |    -8.63 | TH.GBKK    |        3134 |        2565 |            81.84 |  16,101,372 |  13,372,840 |             83.05 |          +2.7 |           +8.1 |         +19.5 |
|   +41.59 |   +11.37 | TH.GBKK    |        3134 |        2494 |            79.58 |  16,101,372 |  13,352,323 |             82.93 |          +5.7 |          +10.8 |         +20.0 |
|   +61.59 |   +31.37 | TH.GBKK    |        3134 |        2290 |            73.07 |  16,101,372 |  13,257,743 |             82.34 |          +8.7 |          +13.1 |         +20.0 |
|   +81.59 |   +51.37 | TH.GBKK    |        3134 |        1906 |            60.82 |  16,101,372 |  12,533,710 |             77.84 |         +11.7 |          +15.0 |         +19.9 |
|  +101.59 |   +71.37 | TH.GBKK    |        3134 |        1502 |            47.93 |  16,101,372 |  10,951,857 |             68.02 |         +14.7 |          +17.0 |         +20.0 |
==========================================================================================================================

 -> Plot saved successfully to: OUTPUT_LDP/TH_GBKK/TH_GBKK_Plot_PP_Popu.svg

--> [TH.GBKK] Step 6: 6_LDP_OnePage.py
Processing province: TH_GBKK
[+] TH_GBKK: One-Page Report generated successfully.
======================================================================
Completed province: TH.GBKK
Finished: 2026-08-05T18:36:30+07:00
======================================================================
