======================================================================
Processing province: TH.TK_N
Started: 2026-08-08T11:22:56+07:00
======================================================================
--> [TH.TK_N] Step 1: 1_fabdem_province.py
[1/5] Read GADM and select HASC_1=TH.TK_N
[2/5] Save province and clip FABDEM
[3/5] Generate contours every 100 m with GDAL 3.10.3
[4/5] Calculate statistics and write PDF
[5/5] Write DataFrame summaries

Completed successfully.
 HASC_1    NAME_1  contours                                                                                        PDF
TH.TK_N Tak North      2924 /mnt/nvme1/Project/2026-EIT_LDP_Province/OUTPUT_FABDEM/TH_TK_N/TH_TK_N_fabdem_contours.pdf
--> [TH.TK_N] Step 2: 2_popu2025_grid.py
[1/4] Select GADM province HASC_1=TH.TK_N
[2/4] Save boundary and cut population grid
[3/4] Calculate population-grid statistics
[4/4] Write population-grid PDF and summaries

Completed successfully.
 HASC_1    NAME_1  population_sum                                                                                             grid
TH.TK_N Tak North   198197.555865 /mnt/nvme1/Project/2026-EIT_LDP_Province/OUTPUT_POP2025/TH_TK_N/TH_TK_N_population_2025_100m.tif
--> [TH.TK_N] Step 3: 3_generate_sample.py
[1/4] Select GADM province HASC_1=TH.TK_N
 -> [READ] Loading Vector Dataset: OUTPUT_PROV/gadm41_THA.gpkg (Layer: 'ADM_ADM_1')
[2/4] Generate 500.0m grid points
 -> Auto-detected EPSG:32647 for province.
 -> Generated 61,910 bounding box points.
 -> Clipping points to province boundary...
 -> Computing 8-digit Geohashes...
[3/4] Extracting Raster Values (FABDEM MSL & POP2025)...
 -> [READ] Opening Raster File: OUTPUT_FABDEM/TH_TK_N/TH_TK_N_fabdem.tif
 -> [READ] Opening Raster File for Area Sum: OUTPUT_POP2025/TH_TK_N/TH_TK_N_population_2025_100m.tif
 -> Converting geometries to Lng/Lat (EPSG:4326)...
[4/4] Save GeoPackage Data...
 -> [WRITE] Saving Vector File: /mnt/nvme1/Project/2026-EIT_LDP_Province/OUTPUT_SAMPL/TH_TK_N/TH_TK_N_SAMPL.gpkg (Layer: 'samples')

[5/5] Comparing POP2025 with DOPA Registration Population...

Completed successfully.
 HASC_1  Grid (m)       CRS  Samples             Output POP2025 DOPA_Pop     Diff
TH.TK_N     500.0 EPSG:4326    24504 TH_TK_N_SAMPL.gpkg 194,597  704,494 -509,897
--> [TH.TK_N] Step 4: 4_analyse_ldp.py
LDP                                                [TM, 99:00]
FALSE_EN                                                  AUTO
PP_MSL                                                     100
POPU_PLOT                                         [450, 0, 20]
GPKG         [OUTPUT_SAMPL/TH_TK_N/TH_TK_N_SAMPL.gpkg, samp...
OFFSET_PP         [0.0, default hPP from average topo or pnts]
dtype: object
 -> OUTLIER FILTER: Dropped 494 points.
 -> Dropped MSL values: [-9999, -9999, -9999, -9999, 226, 415, 437, 861, 835, 805, 789, 777, 201, 211, 368, 229, 609, 581, 778, 584, 521, 556, 592, 537, 640, 794, 608, 689, 550, 585, 473, 240, 181, 182, 190, 639, 641, 519, 467, 564, 572, 512, 1112, 1079, 1019, 962, 959, 968, 781, 773, 784, 827, 928, 947, 286, 285, 209, 324, 318, 281, 277, 216, 995, 943, 916, 931, 997, 969, 890, 891, 866, 250, 202, 207, 224, 216, 176, 157, 163, 150, 226, 291, 293, 217, 232, 216, 189, 159, 140, 169, 168, 154, 224, 999, 987, 984, 968, 892, 1053, 1057, 991, 1085, 1005, 1127, 989, 247, 216, 231, 206, 192, 185, 181, 204, 1366, 1380, 1376, 1471, 1510, 1552, 1495, 1540, 1484, 1465, 1239, 1212, 1201, 1187, 939, 960, 338, 403, 211, 193, 190, 347, 364, 355, 323, 239, 401, 357, 231, 226, 469, 195, 121, 181, 160, 164, 182, 137, 131, 138, 148, 141, 175, 185, 196, 314, 227, 223, 420, 224, 196, 173, 182, 199, 235, 174, 199, 210, 251, 237, 167, 156, 236, 234, 201, 163, 196, 197, 287, 255, 180, 248, 210, 222, 246, 291, 272, 184, 246, 178, 186, 181, 186, 187, 196, 171, 173, 117, 178, 151, 102, 179, 220, 208, 224, 210, 376, 298, 315, 308, 432, 432, 395, 277, 305, 276, 358, 390, 281, 318, 319, 284, 300, 372, 294, 304, 279, 326, 638, 638, 654, 202, 178, 224, 230, 1080, 1162, 1108, 598, 658, 666, 608, 620, 584, 211, 234, 296, 242, 252, 191, 200, 390, 488, 477, 470, 1484, 1484, 1473, 229, 247, 265, 269, 229, 229, 246, 244, 261, 267, 261, 244, 251, 252, 254, 245, 229, 258, 245, 277, 143, 147, 145, 206, 202, 189, 213, 209, 156, 159, 147, 1106, 1106, 1115, 1166, 1126, 411, 417, 241, 258, 722, 264, 289, 241, 287, 286, 1100, 267, 246, 257, 255, 249, 229, 229, 229, 229, 229, 229, 229, 229, 251, 252, 248, 254, 229, 229, 229, 796, 813, 172, 285, 253, 271, 823, 828, 880, 857, 815, 826, 909, 833, 336, 455, 596, 584, 1080, 1246, 1118, 1077, 1100, 1233, 1267, 1288, 1349, 1302, 1364, 390, 374, 416, 397, 709, 701, 728, 668, 397, 563, 588, 244, 264, 246, 250, 252, 259, 273, 262, 247, 265, 260, 1102, 910, 798, 408, 348, 363, 1303, 484, 453, 1072, 1850, 1743, 1832, 1733, 1770, 1768, 1180, 995, 804, 1015, 977, 1025, 997, 1106, 983, 926, 1094, 962, 1132, 1109, 1081, 949, 934, 1091, 1036, 1050, 1036, 909, 419, 1019, 1043, 1061, 1000, 683, 607, 614, 868, 1030, 869, 1035, 907, 933, 454, 875, 891, 918, 948, 858, 1437, 1458, 197, 222, 273, 455, 274, 176, 265, 205, 164, 194, 824, 822, 826, 831, 829, 828, 661, 698, 639, 704, 644, 672, 265, 206, 204, 374, 311, 221, 289, 154, 903, 892, 856, 973, 856, 721, 975, 976, 856, 742, 845, 640, 787, 606, 713, 758, 1021, 982, 845, 823, 1015, 994, 985, 895, 950]
 -> Using user-defined PP_MSL: 100.000m
 -> AUTO detected FALSE_EN: E: 500000, N: -1400000
==================================== LDP TM ====================================
@ Centroid @     <lng=99°00′>    <lat=17°07′>
Offset Projection Plane = +0.0 m. <default hPP from average topo or pnts>
Designed Project Plane : hPP=+62.50 m. / MSL=+100.00 m. tied to k0 = 1.000010
Points CSF min/mean/max [ppm] : -221.6 / -41.4 / +24.7
Points MSL min/mean/max [m.]  : +92.0 / +409.6 / +1704.0
|      |       LDP_E |       LDP_N |
|:-----|------------:|------------:|
| min  | 446,478.056 | 422,247.114 |
| max  | 547,019.278 | 571,308.228 |
| diff | 100,541.221 | 149,061.114 |
{"meta": "LDP_Definition", "PROJ_String_Decimal": "+proj=tmerc +lat_0=0.0 +lon_0=99.00000000 +k_0=1.000010 +x_0=500000 +y_0=-1400000 +ellps=WGS84 +units=m +no_defs +type=crs", "PROJ_String_DMS": "+proj=tmerc +lat_0=0.0 +lon_0=99°00′ +k_0=1.000010 +x_0=500000 +y_0=-1400000 +ellps=WGS84 +units=m +no_defs +type=crs"}
Writing definition GPKG : OUTPUT_LDP/TH_TK_N/TH_TK_N_LDP.gpkg ...
 -> THINNING: Snapping points to 2 decimal grid for visualization...
 -> THINNING: Plot points reduced from 24010 to 5342.
Writing definition plot : OUTPUT_LDP/TH_TK_N/TH_TK_N_LDP.svg...
{"meta": "Coverage_Analysis", "Province": "TH.TK_N", "Total_Pts": 24504, "Valid_Pts": 11201, "Pt_Coverage(%)": 45.71, "Total_POP": 194596.8754, "Valid_POP": 185271.6692, "POP_Coverage(%)": 95.21, "CSF_Min_ppm": -20.0, "CSF_Mean_ppm": -4.7, "CSF_Max_ppm": 20.0}
--> [TH.TK_N] Step 5: 5_plot_PP_PctPopu.py
[TH.TK_N] POPU_PLOT found in TOML. Overriding MSL bounds: Upper=450.0, Lower=0.0, Step=20.0
[TH.TK_N] Starting ProcessPoolExecutor with 23 offsets to compute (Mean MSL: 409.60 m)...
[TH.TK_N] OFFSET_PP [-409.60] computed successfully.
[TH.TK_N] OFFSET_PP [-389.60] computed successfully.
[TH.TK_N] OFFSET_PP [-369.60] computed successfully.
[TH.TK_N] OFFSET_PP [-349.60] computed successfully.
[TH.TK_N] OFFSET_PP [-329.60] computed successfully.
[TH.TK_N] OFFSET_PP [-309.60] computed successfully.
[TH.TK_N] OFFSET_PP [-289.60] computed successfully.
[TH.TK_N] OFFSET_PP [-269.60] computed successfully.
[TH.TK_N] OFFSET_PP [-249.60] computed successfully.
[TH.TK_N] OFFSET_PP [-229.60] computed successfully.
[TH.TK_N] OFFSET_PP [-209.60] computed successfully.
[TH.TK_N] OFFSET_PP [-189.60] computed successfully.
[TH.TK_N] OFFSET_PP [-169.60] computed successfully.
[TH.TK_N] OFFSET_PP [-149.60] computed successfully.
[TH.TK_N] OFFSET_PP [-129.60] computed successfully.
[TH.TK_N] OFFSET_PP [-109.60] computed successfully.
[TH.TK_N] OFFSET_PP [-89.60] computed successfully.
[TH.TK_N] OFFSET_PP [-69.60] computed successfully.
[TH.TK_N] OFFSET_PP [-49.60] computed successfully.
[TH.TK_N] OFFSET_PP [-29.60] computed successfully.
[TH.TK_N] OFFSET_PP [-9.60] computed successfully.
[TH.TK_N] OFFSET_PP [10.40] computed successfully.
[TH.TK_N] OFFSET_PP [30.40] computed successfully.

==================================== LDP Population Coverage Analysis: TH.TK_N ====================================
|   MSL_PP |   HAE_PP | Province   |   Total_Pts |   Valid_Pts |   Pt_Coverage(%) |   Total_POP |   Valid_POP |   POP_Coverage(%) |   CSF_Min_ppm |   CSF_Mean_ppm |   CSF_Max_ppm |
|---------:|---------:|:-----------|------------:|------------:|-----------------:|------------:|------------:|------------------:|--------------:|---------------:|--------------:|
|    +0.00 |   -37.50 | TH.TK_N    |       24504 |        4902 |            20.00 |     194,597 |     130,571 |             67.10 |         -20.0 |          -12.7 |          +8.7 |
|   +20.00 |   -17.50 | TH.TK_N    |       24504 |        6946 |            28.35 |     194,597 |     164,769 |             84.67 |         -20.0 |          -12.3 |         +11.7 |
|   +40.00 |    +2.50 | TH.TK_N    |       24504 |        8362 |            34.13 |     194,597 |     176,705 |             90.81 |         -20.0 |          -10.8 |         +14.7 |
|   +60.00 |   +22.50 | TH.TK_N    |       24504 |        9629 |            39.30 |     194,597 |     181,040 |             93.03 |         -20.0 |           -8.3 |         +18.7 |
|   +80.00 |   +42.50 | TH.TK_N    |       24504 |       10315 |            42.10 |     194,597 |     183,421 |             94.26 |         -20.0 |           -6.2 |         +20.0 |
|  +100.00 |   +62.50 | TH.TK_N    |       24504 |       11201 |            45.71 |     194,597 |     185,272 |             95.21 |         -20.0 |           -4.7 |         +20.0 |
|  +120.00 |   +82.50 | TH.TK_N    |       24504 |       11510 |            46.97 |     194,597 |     184,397 |             94.76 |         -20.0 |           -2.6 |         +20.0 |
|  +140.00 |  +102.50 | TH.TK_N    |       24504 |       11672 |            47.63 |     194,597 |     183,430 |             94.26 |         -20.0 |           -0.7 |         +20.0 |
|  +160.00 |  +122.50 | TH.TK_N    |       24504 |       11831 |            48.28 |     194,597 |     181,191 |             93.11 |         -20.0 |           +1.3 |         +20.0 |
|  +180.00 |  +142.50 | TH.TK_N    |       24504 |       11907 |            48.59 |     194,597 |     173,780 |             89.30 |         -20.0 |           +3.0 |         +20.0 |
|  +200.00 |  +162.50 | TH.TK_N    |       24504 |       11753 |            47.96 |     194,597 |     164,717 |             84.65 |         -20.0 |           +5.2 |         +20.0 |
|  +220.00 |  +182.50 | TH.TK_N    |       24504 |       11121 |            45.38 |     194,597 |     143,783 |             73.89 |         -20.0 |           +6.0 |         +20.0 |
|  +240.00 |  +202.50 | TH.TK_N    |       24504 |       10433 |            42.58 |     194,597 |      87,994 |             45.22 |         -20.0 |           +6.7 |         +20.0 |
|  +260.00 |  +222.50 | TH.TK_N    |       24504 |        8917 |            36.39 |     194,597 |      45,025 |             23.14 |         -20.0 |           +6.0 |         +20.0 |
|  +280.00 |  +242.50 | TH.TK_N    |       24504 |        7510 |            30.65 |     194,597 |      18,854 |              9.69 |         -20.0 |           +4.5 |         +20.0 |
|  +300.00 |  +262.50 | TH.TK_N    |       24504 |        6594 |            26.91 |     194,597 |      11,297 |              5.81 |         -20.0 |           +3.3 |         +20.0 |
|  +320.00 |  +282.50 | TH.TK_N    |       24504 |        6082 |            24.82 |     194,597 |       8,573 |              4.41 |         -20.0 |           +2.6 |         +20.0 |
|  +340.00 |  +302.50 | TH.TK_N    |       24504 |        5543 |            22.62 |     194,597 |       5,439 |              2.80 |         -20.0 |           +1.9 |         +20.0 |
|  +360.00 |  +322.50 | TH.TK_N    |       24504 |        5073 |            20.70 |     194,597 |       3,571 |              1.83 |         -20.0 |           +0.6 |         +20.0 |
|  +380.00 |  +342.50 | TH.TK_N    |       24504 |        5012 |            20.45 |     194,597 |       3,084 |              1.58 |         -20.0 |           +0.4 |         +20.0 |
|  +400.00 |  +362.50 | TH.TK_N    |       24504 |        4947 |            20.19 |     194,597 |       3,443 |              1.77 |         -20.0 |           +0.5 |         +20.0 |
|  +420.00 |  +382.50 | TH.TK_N    |       24504 |        4899 |            19.99 |     194,597 |       3,343 |              1.72 |         -20.0 |           +0.4 |         +20.0 |
|  +440.00 |  +402.50 | TH.TK_N    |       24504 |        4894 |            19.97 |     194,597 |       3,247 |              1.67 |         -20.0 |           +0.4 |         +20.0 |
==========================================================================================================================

 -> Plot saved successfully to: OUTPUT_LDP/TH_TK_N/TH_TK_N_Plot_PP_Popu.svg

--> [TH.TK_N] Step 6: 6_LDP_OnePage.py
Processing province: TH_TK_N
[+] TH_TK_N: One-Page Report generated successfully.
======================================================================
Completed province: TH.TK_N
Finished: 2026-08-08T11:37:26+07:00
======================================================================
