======================================================================
Processing province: TH.PL
Started: 2026-08-07T14:44:44+07:00
======================================================================
--> [TH.PL] Step 1: 1_fabdem_province.py
[1/5] Read GADM and select HASC_1=TH.PL
[2/5] Save province and clip FABDEM
[3/5] Generate contours every 100 m with GDAL 3.10.3
[4/5] Calculate statistics and write PDF
[5/5] Write DataFrame summaries

Completed successfully.
HASC_1      NAME_1  contours                                                                                    PDF
 TH.PL Phatthalung       987 /mnt/nvme1/Project/2026-EIT_LDP_Province/OUTPUT_FABDEM/TH_PL/TH_PL_fabdem_contours.pdf
--> [TH.PL] Step 2: 2_popu2025_grid.py
[1/4] Select GADM province HASC_1=TH.PL
[2/4] Save boundary and cut population grid
[3/4] Calculate population-grid statistics
[4/4] Write population-grid PDF and summaries

Completed successfully.
HASC_1      NAME_1  population_sum                                                                                         grid
 TH.PL Phatthalung   437620.016176 /mnt/nvme1/Project/2026-EIT_LDP_Province/OUTPUT_POP2025/TH_PL/TH_PL_population_2025_100m.tif
--> [TH.PL] Step 3: 3_generate_sample.py
[1/4] Select GADM province HASC_1=TH.PL
 -> [READ] Loading Vector Dataset: OUTPUT_PROV/gadm41_THA.gpkg (Layer: 'ADM_ADM_1')
[2/4] Generate 1000.0m grid points
 -> Auto-detected EPSG:32647 for province.
 -> Generated 7,189 bounding box points.
 -> Clipping points to province boundary...
 -> Computing 7-digit Geohashes...
[3/4] Extracting Raster Values (FABDEM MSL & POP2025)...
 -> [READ] Opening Raster File: OUTPUT_FABDEM/TH_PL/TH_PL_fabdem.tif
 -> [READ] Opening Raster File for Area Sum: OUTPUT_POP2025/TH_PL/TH_PL_population_2025_100m.tif
 -> Converting geometries to Lng/Lat (EPSG:4326)...
[4/4] Save GeoPackage Data...
 -> [WRITE] Saving Vector File: /mnt/nvme1/Project/2026-EIT_LDP_Province/OUTPUT_SAMPL/TH_PL/TH_PL_SAMPL.gpkg (Layer: 'samples')

[5/5] Comparing POP2025 with DOPA Registration Population...

Completed successfully.
HASC_1  Grid (m)       CRS  Samples           Output POP2025 DOPA_Pop    Diff
 TH.PL    1000.0 EPSG:4326     3821 TH_PL_SAMPL.gpkg 435,649  518,066 -82,417
--> [TH.PL] Step 4: 4_analyse_ldp.py
LDP                                            [TM, 100:04]
FALSE_EN                                   [50000, -680000]
PP_MSL                                                    0
GPKG         [OUTPUT_SAMPL/TH_PL/TH_PL_SAMPL.gpkg, samples]
OFFSET_PP      [0.0, default hPP from average topo or pnts]
dtype: object
 -> OUTLIER FILTER: Dropped 79 points.
 -> Dropped MSL values: [-9999, -9999, 131, 1115, 101, 97, 92, 99, 107, 131, 159, 110, 142, 829, 888, 158, 92, 87, 142, 123, 135, 108, 125, 143, 116, 154, 110, 158, 156, 146, 153, 133, 136, 109, 121, 116, 107, 66, 87, 100, 87, 126, 63, 58, 41, 37, 48, 64, 54, 53, 60, 68, 32, 45, 1176, 1221, 92, 1158, 1122, 130, 138, 115, 116, 171, 51, 60, 164, 81, 170, 36, 95, 80, 33, 40, 37, 667, 200, 132, 7]
 -> THINNING: Snapping points to 2 decimal grid...
 -> THINNING: Points reduced from 3742 to 3091.
 -> Using user-defined PP_MSL: 0.000m
==================================== LDP TM ====================================
@ Centroid @     <lng=100°04′>    <lat=07°31′>
Offset Projection Plane = +0.0 m. <default hPP from average topo or pnts>
Designed Project Plane : hPP=-17.16 m. / MSL=+0.00 m. tied to k0 = 0.999997
Points CSF min/mean/max [ppm] : -160.3 / -10.5 / +18.5
Points MSL min/mean/max [m.]  : +0.0 / +86.9 / +1058.0
|      |      LDP_E |       LDP_N |
|:-----|-----------:|------------:|
| min  | 14,393.082 | 105,184.903 |
| max  | 89,264.530 | 192,269.105 |
| diff | 74,871.448 |  87,084.202 |
{"meta": "LDP_Definition", "PROJ_String_Decimal": "+proj=tmerc +lat_0=0.0 +lon_0=100.06666667 +k_0=0.999997 +x_0=50000 +y_0=-680000 +ellps=WGS84 +units=m +no_defs +type=crs", "PROJ_String_DMS": "+proj=tmerc +lat_0=0.0 +lon_0=100°04′ +k_0=0.999997 +x_0=50000 +y_0=-680000 +ellps=WGS84 +units=m +no_defs +type=crs"}
Writing definition GPKG : OUTPUT_LDP/TH_PL/TH_PL_LDP.gpkg ...
Writing definition plot : OUTPUT_LDP/TH_PL/TH_PL_LDP.svg...
{"meta": "Coverage_Analysis", "Province": "TH.PL", "Total_Pts": 3821, "Valid_Pts": 2642, "Pt_Coverage(%)": 69.14, "Total_POP": 435649.09990000003, "Valid_POP": 363562.901, "POP_Coverage(%)": 83.45, "CSF_Min_ppm": -19.9, "CSF_Mean_ppm": -1.4, "CSF_Max_ppm": 18.5}
--> [TH.PL] Step 5: 5_plot_PP_PctPopu.py
[TH.PL] Starting ProcessPoolExecutor with 16 offsets to compute (Mean MSL: 86.87 m)...
[TH.PL] OFFSET_PP [-200.00] computed successfully.
[TH.PL] OFFSET_PP [-180.00] computed successfully.
[TH.PL] OFFSET_PP [-160.00] computed successfully.
[TH.PL] OFFSET_PP [-140.00] computed successfully.
[TH.PL] OFFSET_PP [-120.00] computed successfully.
[TH.PL] OFFSET_PP [-100.00] computed successfully.
[TH.PL] OFFSET_PP [-80.00] computed successfully.
[TH.PL] OFFSET_PP [-60.00] computed successfully.
[TH.PL] OFFSET_PP [-40.00] computed successfully.
[TH.PL] OFFSET_PP [-20.00] computed successfully.
[TH.PL] OFFSET_PP [0.00] computed successfully.
[TH.PL] OFFSET_PP [20.00] computed successfully.
[TH.PL] OFFSET_PP [40.00] computed successfully.
[TH.PL] OFFSET_PP [60.00] computed successfully.
[TH.PL] OFFSET_PP [80.00] computed successfully.
[TH.PL] OFFSET_PP [100.00] computed successfully.

==================================== LDP Population Coverage Analysis: TH.PL ====================================
|   MSL_PP |   HAE_PP | Province   |   Total_Pts |   Valid_Pts |   Pt_Coverage(%) |   Total_POP |   Valid_POP |   POP_Coverage(%) |   CSF_Min_ppm |   CSF_Mean_ppm |   CSF_Max_ppm |
|---------:|---------:|:-----------|------------:|------------:|-----------------:|------------:|------------:|------------------:|--------------:|---------------:|--------------:|
|  -113.13 |  -130.30 | TH.PL      |        3821 |        1680 |            43.97 |     435,649 |     229,053 |             52.58 |         -20.0 |          -15.2 |          +1.5 |
|   -93.13 |  -110.30 | TH.PL      |        3821 |        2165 |            56.66 |     435,649 |     318,523 |             73.11 |         -20.0 |          -13.5 |          +4.5 |
|   -73.13 |   -90.30 | TH.PL      |        3821 |        2432 |            63.65 |     435,649 |     352,433 |             80.90 |         -19.9 |          -11.4 |          +7.5 |
|   -53.13 |   -70.30 | TH.PL      |        3821 |        2545 |            66.61 |     435,649 |     360,652 |             82.78 |         -19.9 |           -8.8 |         +10.5 |
|   -33.13 |   -50.30 | TH.PL      |        3821 |        2591 |            67.81 |     435,649 |     362,860 |             83.29 |         -19.9 |           -6.0 |         +13.5 |
|   -13.13 |   -30.30 | TH.PL      |        3821 |        2624 |            68.67 |     435,649 |     363,201 |             83.37 |         -20.0 |           -3.2 |         +16.5 |
|    +6.87 |   -10.30 | TH.PL      |        3821 |        2649 |            69.33 |     435,649 |     363,604 |             83.46 |         -19.9 |           -0.4 |         +19.5 |
|   +26.87 |    +9.70 | TH.PL      |        3821 |        2647 |            69.28 |     435,649 |     362,348 |             83.17 |         -19.9 |           +3.1 |         +19.9 |
|   +46.87 |   +29.70 | TH.PL      |        3821 |        2578 |            67.47 |     435,649 |     360,601 |             82.77 |         -19.9 |           +5.4 |         +19.9 |
|   +66.87 |   +49.70 | TH.PL      |        3821 |        2507 |            65.61 |     435,649 |     354,531 |             81.38 |         -20.0 |           +7.8 |         +19.9 |
|   +86.87 |   +69.70 | TH.PL      |        3821 |        2438 |            63.81 |     435,649 |     346,802 |             79.61 |         -19.9 |          +10.1 |         +20.0 |
|  +106.87 |   +89.70 | TH.PL      |        3821 |        2314 |            60.56 |     435,649 |     335,299 |             76.97 |         -20.0 |          +12.4 |         +20.0 |
|  +126.87 |  +109.70 | TH.PL      |        3821 |        1943 |            50.85 |     435,649 |     312,974 |             71.84 |         -19.7 |          +13.9 |         +20.0 |
|  +146.87 |  +129.70 | TH.PL      |        3821 |        1109 |            29.02 |     435,649 |     135,554 |             31.12 |         -19.9 |          +12.8 |         +20.0 |
|  +166.87 |  +149.70 | TH.PL      |        3821 |         540 |            14.13 |     435,649 |      29,744 |              6.83 |         -19.8 |           +9.2 |         +20.0 |
|  +186.87 |  +169.70 | TH.PL      |        3821 |         349 |             9.13 |     435,649 |       8,502 |              1.95 |         -19.7 |           +5.2 |         +20.0 |
==========================================================================================================================

 -> Plot saved successfully to: OUTPUT_LDP/TH_PL/TH_PL_Plot_PP_Popu.svg

--> [TH.PL] Step 6: 6_LDP_OnePage.py
Processing province: TH_PL
[+] TH_PL: One-Page Report generated successfully.
======================================================================
Completed province: TH.PL
Finished: 2026-08-07T14:47:59+07:00
======================================================================
