======================================================================
Processing province: TH.RE
Started: 2026-08-01T11:35:37+07:00
======================================================================
--> [TH.RE] Step 1: 1_fabdem_province.py
[1/5] Read GADM and select HASC_1=TH.RE
[2/5] Save province and clip FABDEM
[3/5] Generate contours every 100 m with GDAL 3.10.3
[4/5] Calculate statistics and write PDF
[5/5] Write DataFrame summaries

Completed successfully.
HASC_1 NAME_1  contours                                                                                    PDF
 TH.RE Roi Et       255 /mnt/nvme1/Project/2026-EIT_LDP_Province/OUTPUT_FABDEM/TH_RE/TH_RE_fabdem_contours.pdf
--> [TH.RE] Step 2: 2_popu2025_grid.py
[1/4] Select GADM province HASC_1=TH.RE
[2/4] Save boundary and cut population grid
[3/4] Calculate population-grid statistics
[4/4] Write population-grid PDF and summaries

Completed successfully.
HASC_1 NAME_1  population_sum                                                                                         grid
 TH.RE Roi Et   882041.803331 /mnt/nvme1/Project/2026-EIT_LDP_Province/OUTPUT_POP2025/TH_RE/TH_RE_population_2025_100m.tif
--> [TH.RE] Step 3: 3_generate_sample.py
[1/4] Select GADM province HASC_1=TH.RE
 -> [READ] Loading Vector Dataset: OUTPUT_PROV/gadm41_THA.gpkg (Layer: 'ADM_ADM_1')
[2/4] Generate 1000.0m grid points
 -> Auto-detected EPSG:32648 for province.
 -> Generated 14,160 bounding box points.
 -> Clipping points to province boundary...
 -> Computing 7-digit Geohashes...
[3/4] Extracting Raster Values (FABDEM MSL & POP2025)...
 -> [READ] Opening Raster File: OUTPUT_FABDEM/TH_RE/TH_RE_fabdem.tif
 -> [READ] Opening Raster File for Area Sum: OUTPUT_POP2025/TH_RE/TH_RE_population_2025_100m.tif
 -> Converting geometries to Lng/Lat (EPSG:4326)...
[4/4] Save GeoPackage Data...
 -> [WRITE] Saving Vector File: /mnt/nvme1/Project/2026-EIT_LDP_Province/OUTPUT_SAMPL/TH_RE/TH_RE_SAMPL.gpkg (Layer: 'samples')

[5/5] Comparing POP2025 with DOPA Registration Population...

Completed successfully.
HASC_1  Grid (m)       CRS  Samples           Output POP2025  DOPA_Pop     Diff
 TH.RE    1000.0 EPSG:4326     7794 TH_RE_SAMPL.gpkg 878,273 1,269,448 -391,175
--> [TH.RE] Step 4: 4_analyse_ldp.py
LDP                                            [TM, 103:49]
FALSE_EN                                 [250000, -1260000]
PP_MSL                                                   60
GPKG         [OUTPUT_SAMPL/TH_RE/TH_RE_SAMPL.gpkg, samples]
OFFSET_PP      [0.0, default hPP from average topo or pnts]
dtype: object
 -> OUTLIER FILTER: Dropped 156 points.
 -> Dropped MSL values: [129, 136, 144, 131, 136, 135, 142, 147, 148, 144, 132, 133, 132, 156, 130, 133, 130, 132, 136, 134, 130, 133, 134, 133, 140, 139, 141, 143, 133, 136, 131, 125, 161, 172, 168, 156, 162, 160, 131, 145, 139, 157, 182, 182, 175, 137, 136, 168, 144, 144, 142, 141, 139, 128, 150, 146, 131, 131, 131, 177, 175, 184, 183, 264, 234, 304, 256, 266, 117, 117, 118, 134, 131, 118, 130, 131, 132, 130, 136, 127, 133, 131, 130, 136, 137, 132, 133, 127, 137, 137, 160, 158, 136, 127, 121, 129, 131, 129, 129, 132, 171, 171, 125, 140, 141, 134, 135, 136, 137, 139, 147, 164, 160, 119, 131, 232, 139, 152, 157, 147, 157, 155, 159, 142, 139, 144, 145, 167, 170, 161, 136, 159, 144, 165, 149, 172, 173, 132, 177, 177, 234, 235, 240, 260, 236, 277, 255, 240, 219, 456, 192, 471, 231, 467, 232, 468]
 -> THINNING: Snapping points to 2 decimal grid...
 -> THINNING: Points reduced from 7638 to 6484.
 -> Using user-defined PP_MSL: 60.000m
==================================== LDP TM ====================================
@ Centroid @     <lng=103°49′>    <lat=15°55′>
Offset Projection Plane = +0.0 m. <default hPP from average topo or pnts>
Designed Project Plane : hPP=+33.66 m. / MSL=+60.00 m. tied to k0 = 1.000005
Points CSF min/mean/max [ppm] : -47.8 / -6.2 / +28.4
Points MSL min/mean/max [m.]  : +118.0 / +144.9 / +426.0
|      |       LDP_E |       LDP_N |
|:-----|------------:|------------:|
| min  | 192,813.200 | 444,440.497 |
| max  | 305,453.459 | 561,668.411 |
| diff | 112,640.259 | 117,227.914 |
{"meta": "LDP_Definition", "PROJ_String_Decimal": "+proj=tmerc +lat_0=0.0 +lon_0=103.81666667 +k_0=1.000005 +x_0=250000 +y_0=-1260000 +ellps=WGS84 +units=m +no_defs +type=crs", "PROJ_String_DMS": "+proj=tmerc +lat_0=0.0 +lon_0=103°49′ +k_0=1.000005 +x_0=250000 +y_0=-1260000 +ellps=WGS84 +units=m +no_defs +type=crs"}
Writing definition GPKG : OUTPUT_LDP/TH_RE/TH_RE_LDP.gpkg ...
Writing definition plot : OUTPUT_LDP/TH_RE/TH_RE_LDP.svg...
{"meta": "Coverage_Analysis", "Province": "TH.RE", "Total_Pts": 7794, "Valid_Pts": 6347, "Pt_Coverage(%)": 81.43, "Total_POP": 878273.2744, "Valid_POP": 713080.1163000001, "POP_Coverage(%)": 81.19, "CSF_Min_ppm": -20.0, "CSF_Mean_ppm": -6.2, "CSF_Max_ppm": 19.9}
--> [TH.RE] Step 5: 5_plot_PP_PctPopu.py
[TH.RE] Starting ProcessPoolExecutor with 16 offsets to compute (Mean MSL: 144.90 m)...
[TH.RE] OFFSET_PP [-200.00] computed successfully.
[TH.RE] OFFSET_PP [-180.00] computed successfully.
[TH.RE] OFFSET_PP [-160.00] computed successfully.
[TH.RE] OFFSET_PP [-140.00] computed successfully.
[TH.RE] OFFSET_PP [-120.00] computed successfully.
[TH.RE] OFFSET_PP [-100.00] computed successfully.
[TH.RE] OFFSET_PP [-80.00] computed successfully.
[TH.RE] OFFSET_PP [-60.00] computed successfully.
[TH.RE] OFFSET_PP [-40.00] computed successfully.
[TH.RE] OFFSET_PP [-20.00] computed successfully.
[TH.RE] OFFSET_PP [0.00] computed successfully.
[TH.RE] OFFSET_PP [20.00] computed successfully.
[TH.RE] OFFSET_PP [40.00] computed successfully.
[TH.RE] OFFSET_PP [60.00] computed successfully.
[TH.RE] OFFSET_PP [80.00] computed successfully.
[TH.RE] OFFSET_PP [100.00] computed successfully.

==================================== LDP Population Coverage Analysis: TH.RE ====================================
|   MSL_PP |   HAE_PP | Province   |   Total_Pts |   Valid_Pts |   Pt_Coverage(%) |   Total_POP |   Valid_POP |   POP_Coverage(%) |   CSF_Min_ppm |   CSF_Mean_ppm |   CSF_Max_ppm |
|---------:|---------:|:-----------|------------:|------------:|-----------------:|------------:|------------:|------------------:|--------------:|---------------:|--------------:|
|   -55.10 |   -81.44 | TH.RE      |        7794 |        1461 |            18.75 |     878,273 |     130,121 |             14.82 |         -20.0 |          -13.1 |         +10.4 |
|   -35.10 |   -61.44 | TH.RE      |        7794 |        2178 |            27.94 |     878,273 |     209,686 |             23.87 |         -20.0 |          -12.9 |         +13.4 |
|   -15.10 |   -41.44 | TH.RE      |        7794 |        3274 |            42.01 |     878,273 |     299,709 |             34.12 |         -20.0 |          -12.8 |         +16.4 |
|    +4.90 |   -21.44 | TH.RE      |        7794 |        5459 |            70.04 |     878,273 |     601,013 |             68.43 |         -20.0 |          -12.6 |         +19.0 |
|   +24.90 |    -1.44 | TH.RE      |        7794 |        6143 |            78.82 |     878,273 |     690,653 |             78.64 |         -20.0 |          -10.5 |         +19.9 |
|   +44.90 |   +18.56 | TH.RE      |        7794 |        6324 |            81.14 |     878,273 |     712,092 |             81.08 |         -20.0 |           -8.0 |         +19.9 |
|   +64.90 |   +38.56 | TH.RE      |        7794 |        6351 |            81.49 |     878,273 |     713,711 |             81.26 |         -20.0 |           -5.3 |         +19.9 |
|   +84.90 |   +58.56 | TH.RE      |        7794 |        6335 |            81.28 |     878,273 |     705,227 |             80.30 |         -19.9 |           -2.6 |         +20.0 |
|  +104.90 |   +78.56 | TH.RE      |        7794 |        6299 |            80.82 |     878,273 |     700,670 |             79.78 |         -19.1 |           +0.2 |         +19.9 |
|  +124.90 |   +98.56 | TH.RE      |        7794 |        6236 |            80.01 |     878,273 |     694,960 |             79.13 |         -16.1 |           +3.0 |         +20.0 |
|  +144.90 |  +118.56 | TH.RE      |        7794 |        6002 |            77.01 |     878,273 |     675,781 |             76.94 |         -12.1 |           +6.4 |         +20.0 |
|  +164.90 |  +138.56 | TH.RE      |        7794 |        5731 |            73.53 |     878,273 |     656,370 |             74.73 |          -9.1 |           +8.9 |         +20.0 |
|  +184.90 |  +158.56 | TH.RE      |        7794 |        5329 |            68.37 |     878,273 |     616,406 |             70.18 |         -17.9 |          +11.1 |         +20.0 |
|  +204.90 |  +178.56 | TH.RE      |        7794 |        4803 |            61.62 |     878,273 |     569,431 |             64.84 |         -17.9 |          +13.3 |         +20.0 |
|  +224.90 |  +198.56 | TH.RE      |        7794 |        3999 |            51.31 |     878,273 |     486,481 |             55.39 |         -19.1 |          +15.3 |         +20.0 |
|  +244.90 |  +218.56 | TH.RE      |        7794 |        2753 |            35.32 |     878,273 |     373,723 |             42.55 |         -18.8 |          +16.8 |         +20.0 |
==========================================================================================================================

 -> Plot saved successfully to: OUTPUT_LDP/TH_RE/TH_RE_Plot_PP_Popu.svg

--> [TH.RE] Step 6: 6_LDP_OnePage.py
Processing province: TH_RE
[+] TH_RE: One-Page Report generated successfully.
======================================================================
Completed province: TH.RE
Finished: 2026-08-01T11:40:49+07:00
======================================================================
