======================================================================
Processing province: TH.MD_S
Started: 2026-08-01T11:24:51+07:00
======================================================================
--> [TH.MD_S] Step 1: 1_fabdem_province.py
[1/5] Read GADM and select HASC_1=TH.MD_S
[2/5] Save province and clip FABDEM
[3/5] Generate contours every 100 m with GDAL 3.10.3
[4/5] Calculate statistics and write PDF
[5/5] Write DataFrame summaries

Completed successfully.
 HASC_1         NAME_1  contours                                                                                        PDF
TH.MD_S Mukdahan South       453 /mnt/nvme1/Project/2026-EIT_LDP_Province/OUTPUT_FABDEM/TH_MD_S/TH_MD_S_fabdem_contours.pdf
--> [TH.MD_S] Step 2: 2_popu2025_grid.py
[1/4] Select GADM province HASC_1=TH.MD_S
[2/4] Save boundary and cut population grid
[3/4] Calculate population-grid statistics
[4/4] Write population-grid PDF and summaries

Completed successfully.
 HASC_1         NAME_1  population_sum                                                                                             grid
TH.MD_S Mukdahan South   264843.591447 /mnt/nvme1/Project/2026-EIT_LDP_Province/OUTPUT_POP2025/TH_MD_S/TH_MD_S_population_2025_100m.tif
--> [TH.MD_S] Step 3: 3_generate_sample.py
[1/4] Select GADM province HASC_1=TH.MD_S
 -> [READ] Loading Vector Dataset: OUTPUT_PROV/gadm41_THA.gpkg (Layer: 'ADM_ADM_1')
[2/4] Generate 1000.0m grid points
 -> Auto-detected EPSG:32648 for province.
 -> Generated 4,526 bounding box points.
 -> Clipping points to province boundary...
 -> Computing 7-digit Geohashes...
[3/4] Extracting Raster Values (FABDEM MSL & POP2025)...
 -> [READ] Opening Raster File: OUTPUT_FABDEM/TH_MD_S/TH_MD_S_fabdem.tif
 -> [READ] Opening Raster File for Area Sum: OUTPUT_POP2025/TH_MD_S/TH_MD_S_population_2025_100m.tif
 -> Converting geometries to Lng/Lat (EPSG:4326)...
[4/4] Save GeoPackage Data...
 -> [WRITE] Saving Vector File: /mnt/nvme1/Project/2026-EIT_LDP_Province/OUTPUT_SAMPL/TH_MD_S/TH_MD_S_SAMPL.gpkg (Layer: 'samples')

[5/5] Comparing POP2025 with DOPA Registration Population...

Completed successfully.
 HASC_1  Grid (m)       CRS  Samples             Output POP2025 DOPA_Pop    Diff
TH.MD_S    1000.0 EPSG:4326     2236 TH_MD_S_SAMPL.gpkg 263,301  349,618 -86,317
--> [TH.MD_S] Step 4: 4_analyse_ldp.py
LDP                                               [TM, 104:40]
FALSE_EN                                     [50000, -1680000]
PP_MSL                                                     180
GPKG         [OUTPUT_SAMPL/TH_MD_S/TH_MD_S_SAMPL.gpkg, samp...
OFFSET_PP         [0.0, default hPP from average topo or pnts]
dtype: object
 -> OUTLIER FILTER: Dropped 45 points.
 -> Dropped MSL values: [433, 218, 200, 214, 449, 203, 217, 205, 223, 479, 222, 238, 225, 218, 215, 252, 225, 224, 215, 313, 182, 184, 174, 238, 179, 230, 267, 208, 220, 137, 131, 204, 172, 209, 192, 199, 131, 181, 191, 181, 182, 131, 219, 224, 261]
 -> THINNING: Snapping points to 2 decimal grid...
 -> THINNING: Points reduced from 2191 to 1875.
 -> Using user-defined PP_MSL: 180.000m
==================================== LDP TM ====================================
@ Centroid @     <lng=104°40′>    <lat=16°28′>
Offset Projection Plane = +0.0 m. <default hPP from average topo or pnts>
Designed Project Plane : hPP=+156.46 m. / MSL=+180.00 m. tied to k0 = 1.000025
Points CSF min/mean/max [ppm] : -36.8 / +2.3 / +18.1
Points MSL min/mean/max [m.]  : +131.0 / +180.0 / +425.0
|      |      LDP_E |       LDP_N |
|:-----|-----------:|------------:|
| min  | 23,578.798 | 110,755.886 |
| max  | 80,628.373 | 180,768.509 |
| diff | 57,049.575 |  70,012.623 |
{"meta": "LDP_Definition", "PROJ_String_Decimal": "+proj=tmerc +lat_0=0.0 +lon_0=104.66666667 +k_0=1.000025 +x_0=50000 +y_0=-1680000 +ellps=WGS84 +units=m +no_defs +type=crs", "PROJ_String_DMS": "+proj=tmerc +lat_0=0.0 +lon_0=104°40′ +k_0=1.000025 +x_0=50000 +y_0=-1680000 +ellps=WGS84 +units=m +no_defs +type=crs"}
Writing definition GPKG : OUTPUT_LDP/TH_MD_S/TH_MD_S_LDP.gpkg ...
Writing definition plot : OUTPUT_LDP/TH_MD_S/TH_MD_S_LDP.svg...
{"meta": "Coverage_Analysis", "Province": "TH.MD_S", "Total_Pts": 2236, "Valid_Pts": 1830, "Pt_Coverage(%)": 81.84, "Total_POP": 263300.5994, "Valid_POP": 233897.0504, "POP_Coverage(%)": 88.83, "CSF_Min_ppm": -19.5, "CSF_Mean_ppm": 3.0, "CSF_Max_ppm": 18.1}
--> [TH.MD_S] Step 5: 5_plot_PP_PctPopu.py
[TH.MD_S] Starting ProcessPoolExecutor with 16 offsets to compute (Mean MSL: 179.99 m)...
[TH.MD_S] OFFSET_PP [-200.00] computed successfully.
[TH.MD_S] OFFSET_PP [-180.00] computed successfully.
[TH.MD_S] OFFSET_PP [-160.00] computed successfully.
[TH.MD_S] OFFSET_PP [-140.00] computed successfully.
[TH.MD_S] OFFSET_PP [-120.00] computed successfully.
[TH.MD_S] OFFSET_PP [-100.00] computed successfully.
[TH.MD_S] OFFSET_PP [-80.00] computed successfully.
[TH.MD_S] OFFSET_PP [-60.00] computed successfully.
[TH.MD_S] OFFSET_PP [-40.00] computed successfully.
[TH.MD_S] OFFSET_PP [-20.00] computed successfully.
[TH.MD_S] OFFSET_PP [0.00] computed successfully.
[TH.MD_S] OFFSET_PP [20.00] computed successfully.
[TH.MD_S] OFFSET_PP [40.00] computed successfully.
[TH.MD_S] OFFSET_PP [60.00] computed successfully.
[TH.MD_S] OFFSET_PP [80.00] computed successfully.
[TH.MD_S] OFFSET_PP [100.00] computed successfully.

==================================== LDP Population Coverage Analysis: TH.MD_S ====================================
|   MSL_PP |   HAE_PP | Province   |   Total_Pts |   Valid_Pts |   Pt_Coverage(%) |   Total_POP |   Valid_POP |   POP_Coverage(%) |   CSF_Min_ppm |   CSF_Mean_ppm |   CSF_Max_ppm |
|---------:|---------:|:-----------|------------:|------------:|-----------------:|------------:|------------:|------------------:|--------------:|---------------:|--------------:|
|   -20.01 |   -43.55 | TH.MD_S    |        2236 |          54 |             2.42 |     263,301 |      11,388 |              4.33 |         -20.0 |          -17.9 |         -13.9 |
|    -0.01 |   -23.55 | TH.MD_S    |        2236 |         160 |             7.16 |     263,301 |      25,555 |              9.71 |         -20.0 |          -17.5 |         -10.9 |
|   +19.99 |    -3.55 | TH.MD_S    |        2236 |         420 |            18.78 |     263,301 |      93,478 |             35.50 |         -20.0 |          -17.2 |          -7.9 |
|   +39.99 |   +16.45 | TH.MD_S    |        2236 |        1230 |            55.01 |     263,301 |     198,282 |             75.31 |         -20.0 |          -16.3 |          -3.9 |
|   +59.99 |   +36.45 | TH.MD_S    |        2236 |        1572 |            70.30 |     263,301 |     228,649 |             86.84 |         -20.0 |          -14.4 |          -0.9 |
|   +79.99 |   +56.45 | TH.MD_S    |        2236 |        1678 |            75.04 |     263,301 |     232,600 |             88.34 |         -20.0 |          -11.8 |          +2.1 |
|   +99.99 |   +76.45 | TH.MD_S    |        2236 |        1732 |            77.46 |     263,301 |     233,463 |             88.67 |         -20.0 |           -9.1 |          +5.1 |
|  +119.99 |   +96.45 | TH.MD_S    |        2236 |        1760 |            78.71 |     263,301 |     233,627 |             88.73 |         -20.0 |           -6.3 |          +8.1 |
|  +139.99 |  +116.45 | TH.MD_S    |        2236 |        1791 |            80.10 |     263,301 |     233,747 |             88.78 |         -19.9 |           -3.6 |         +11.1 |
|  +159.99 |  +136.45 | TH.MD_S    |        2236 |        1814 |            81.13 |     263,301 |     233,810 |             88.80 |         -19.9 |           -0.8 |         +14.1 |
|  +179.99 |  +156.45 | TH.MD_S    |        2236 |        1830 |            81.84 |     263,301 |     233,897 |             88.83 |         -19.5 |           +3.0 |         +18.1 |
|  +199.99 |  +176.45 | TH.MD_S    |        2236 |        1847 |            82.60 |     263,301 |     233,539 |             88.70 |         -19.7 |           +5.7 |         +19.6 |
|  +219.99 |  +196.45 | TH.MD_S    |        2236 |        1838 |            82.20 |     263,301 |     228,040 |             86.61 |         -19.8 |           +8.4 |         +20.0 |
|  +239.99 |  +216.45 | TH.MD_S    |        2236 |        1789 |            80.01 |     263,301 |     218,035 |             82.81 |         -19.8 |          +11.0 |         +19.9 |
|  +259.99 |  +236.45 | TH.MD_S    |        2236 |        1666 |            74.51 |     263,301 |     201,178 |             76.41 |         -19.0 |          +13.4 |         +20.0 |
|  +279.99 |  +256.45 | TH.MD_S    |        2236 |        1255 |            56.13 |     263,301 |     116,288 |             44.17 |         -18.5 |          +14.8 |         +20.0 |
==========================================================================================================================

 -> Plot saved successfully to: OUTPUT_LDP/TH_MD_S/TH_MD_S_Plot_PP_Popu.svg

--> [TH.MD_S] Step 6: 6_LDP_OnePage.py
Processing province: TH_MD_S
[+] TH_MD_S: One-Page Report generated successfully.
======================================================================
Completed province: TH.MD_S
Finished: 2026-08-01T11:28:22+07:00
======================================================================
