======================================================================
Processing province: TH.TT
Started: 2026-08-07T14:51:37+07:00
======================================================================
--> [TH.TT] Step 1: 1_fabdem_province.py
[1/5] Read GADM and select HASC_1=TH.TT
[2/5] Save province and clip FABDEM
[3/5] Generate contours every 100 m with GDAL 3.10.3
[4/5] Calculate statistics and write PDF
[5/5] Write DataFrame summaries

Completed successfully.
HASC_1 NAME_1  contours                                                                                    PDF
 TH.TT   Trat       695 /mnt/nvme1/Project/2026-EIT_LDP_Province/OUTPUT_FABDEM/TH_TT/TH_TT_fabdem_contours.pdf
--> [TH.TT] Step 2: 2_popu2025_grid.py
[1/4] Select GADM province HASC_1=TH.TT
[2/4] Save boundary and cut population grid
[3/4] Calculate population-grid statistics
[4/4] Write population-grid PDF and summaries

Completed successfully.
HASC_1 NAME_1  population_sum                                                                                         grid
 TH.TT   Trat   240121.581223 /mnt/nvme1/Project/2026-EIT_LDP_Province/OUTPUT_POP2025/TH_TT/TH_TT_population_2025_100m.tif
--> [TH.TT] Step 3: 3_generate_sample.py
[1/4] Select GADM province HASC_1=TH.TT
 -> [READ] Loading Vector Dataset: OUTPUT_PROV/gadm41_THA.gpkg (Layer: 'ADM_ADM_1')
[2/4] Generate 1000.0m grid points
 -> Auto-detected EPSG:32648 for province.
 -> Generated 9,125 bounding box points.
 -> Clipping points to province boundary...
 -> Computing 7-digit Geohashes...
[3/4] Extracting Raster Values (FABDEM MSL & POP2025)...
 -> [READ] Opening Raster File: OUTPUT_FABDEM/TH_TT/TH_TT_fabdem.tif
 -> [READ] Opening Raster File for Area Sum: OUTPUT_POP2025/TH_TT/TH_TT_population_2025_100m.tif
 -> Converting geometries to Lng/Lat (EPSG:4326)...
[4/4] Save GeoPackage Data...
 -> [WRITE] Saving Vector File: /mnt/nvme1/Project/2026-EIT_LDP_Province/OUTPUT_SAMPL/TH_TT/TH_TT_SAMPL.gpkg (Layer: 'samples')

[5/5] Comparing POP2025 with DOPA Registration Population...

Completed successfully.
HASC_1  Grid (m)       CRS  Samples           Output POP2025 DOPA_Pop  Diff
 TH.TT    1000.0 EPSG:4326     2502 TH_TT_SAMPL.gpkg 233,185  225,591 7,594
--> [TH.TT] Step 4: 4_analyse_ldp.py
LDP                                            [TM, 102:32]
FALSE_EN                                               AUTO
PP_MSL                                                    0
GPKG         [OUTPUT_SAMPL/TH_TT/TH_TT_SAMPL.gpkg, samples]
OFFSET_PP      [0.0, default hPP from average topo or pnts]
dtype: object
 -> OUTLIER FILTER: Dropped 55 points.
 -> Dropped MSL values: [-9999, -9999, -9999, -9999, -9999, 62, 65, 55, 44, 52, 62, 60, 195, 197, 130, 115, 41, 196, 72, 90, 194, 147, 209, 52, 76, 75, 793, 314, 97, 74, 82, 61, 206, 242, 9, 34, 65, 76, 77, 106, 84, 78, 74, 79, 936, 1041, 761, 98, 95, 74, 478, 4, 448, 402, 823]
 -> THINNING: Snapping points to 2 decimal grid...
 -> THINNING: Points reduced from 2447 to 2066.
 -> Using user-defined PP_MSL: 0.000m
 -> AUTO detected FALSE_EN: E: 40000, N: -800000
==================================== LDP TM ====================================
@ Centroid @     <lng=102°32′>    <lat=12°22′>
Offset Projection Plane = +0.0 m. <default hPP from average topo or pnts>
Designed Project Plane : hPP=-21.33 m. / MSL=+0.00 m. tied to k0 = 0.999997
Points CSF min/mean/max [ppm] : -113.4 / -6.5 / +19.3
Points MSL min/mean/max [m.]  : +0.0 / +58.6 / +725.0
|      |      LDP_E |       LDP_N |
|:-----|-----------:|------------:|
| min  | 11,330.420 | 488,697.922 |
| max  | 80,921.185 | 610,256.581 |
| diff | 69,590.765 | 121,558.659 |
{"meta": "LDP_Definition", "PROJ_String_Decimal": "+proj=tmerc +lat_0=0.0 +lon_0=102.53333333 +k_0=0.999997 +x_0=40000 +y_0=-800000 +ellps=WGS84 +units=m +no_defs +type=crs", "PROJ_String_DMS": "+proj=tmerc +lat_0=0.0 +lon_0=102°32′ +k_0=0.999997 +x_0=40000 +y_0=-800000 +ellps=WGS84 +units=m +no_defs +type=crs"}
Writing definition GPKG : OUTPUT_LDP/TH_TT/TH_TT_LDP.gpkg ...
Writing definition plot : OUTPUT_LDP/TH_TT/TH_TT_LDP.svg...
{"meta": "Coverage_Analysis", "Province": "TH.TT", "Total_Pts": 2502, "Valid_Pts": 1837, "Pt_Coverage(%)": 73.42, "Total_POP": 233185.4855, "Valid_POP": 199204.80690000003, "POP_Coverage(%)": 85.43, "CSF_Min_ppm": -20.0, "CSF_Mean_ppm": -2.0, "CSF_Max_ppm": 19.3}
--> [TH.TT] Step 5: 5_plot_PP_PctPopu.py
[TH.TT] Starting ProcessPoolExecutor with 16 offsets to compute (Mean MSL: 58.64 m)...
[TH.TT] OFFSET_PP [-200.00] computed successfully.
[TH.TT] OFFSET_PP [-180.00] computed successfully.
[TH.TT] OFFSET_PP [-160.00] computed successfully.
[TH.TT] OFFSET_PP [-140.00] computed successfully.
[TH.TT] OFFSET_PP [-120.00] computed successfully.
[TH.TT] OFFSET_PP [-100.00] computed successfully.
[TH.TT] OFFSET_PP [-80.00] computed successfully.
[TH.TT] OFFSET_PP [-60.00] computed successfully.
[TH.TT] OFFSET_PP [-40.00] computed successfully.
[TH.TT] OFFSET_PP [-20.00] computed successfully.
[TH.TT] OFFSET_PP [0.00] computed successfully.
[TH.TT] OFFSET_PP [20.00] computed successfully.
[TH.TT] OFFSET_PP [40.00] computed successfully.
[TH.TT] OFFSET_PP [60.00] computed successfully.
[TH.TT] OFFSET_PP [80.00] computed successfully.
[TH.TT] OFFSET_PP [100.00] computed successfully.

==================================== LDP Population Coverage Analysis: TH.TT ====================================
|   MSL_PP |   HAE_PP | Province   |   Total_Pts |   Valid_Pts |   Pt_Coverage(%) |   Total_POP |   Valid_POP |   POP_Coverage(%) |   CSF_Min_ppm |   CSF_Mean_ppm |   CSF_Max_ppm |
|---------:|---------:|:-----------|------------:|------------:|-----------------:|------------:|------------:|------------------:|--------------:|---------------:|--------------:|
|  -141.36 |  -162.69 | TH.TT      |        2502 |         197 |             7.87 |     233,185 |      53,727 |             23.04 |         -20.0 |          -16.3 |          -3.7 |
|  -121.36 |  -142.69 | TH.TT      |        2502 |         846 |            33.81 |     233,185 |     145,240 |             62.29 |         -20.0 |          -17.2 |          +0.3 |
|  -101.36 |  -122.69 | TH.TT      |        2502 |        1378 |            55.08 |     233,185 |     178,521 |             76.56 |         -20.0 |          -15.8 |          +3.3 |
|   -81.36 |  -102.69 | TH.TT      |        2502 |        1615 |            64.55 |     233,185 |     192,436 |             82.52 |         -20.0 |          -13.6 |          +6.3 |
|   -61.36 |   -82.69 | TH.TT      |        2502 |        1699 |            67.91 |     233,185 |     194,028 |             83.21 |         -19.8 |          -11.0 |          +9.3 |
|   -41.36 |   -62.69 | TH.TT      |        2502 |        1743 |            69.66 |     233,185 |     194,723 |             83.51 |         -19.9 |           -8.3 |         +12.3 |
|   -21.36 |   -42.69 | TH.TT      |        2502 |        1790 |            71.54 |     233,185 |     198,501 |             85.13 |         -19.9 |           -5.6 |         +15.3 |
|    -1.36 |   -22.69 | TH.TT      |        2502 |        1822 |            72.82 |     233,185 |     199,170 |             85.41 |         -19.8 |           -2.9 |         +18.3 |
|   +18.64 |    -2.69 | TH.TT      |        2502 |        1859 |            74.30 |     233,185 |     184,820 |             79.26 |         -19.8 |           +0.6 |         +19.8 |
|   +38.64 |   +17.31 | TH.TT      |        2502 |        1881 |            75.18 |     233,185 |     171,175 |             73.41 |         -19.9 |           +3.3 |         +20.0 |
|   +58.64 |   +37.31 | TH.TT      |        2502 |        1887 |            75.42 |     233,185 |     165,043 |             70.78 |         -19.5 |           +5.9 |         +19.7 |
|   +78.64 |   +57.31 | TH.TT      |        2502 |        1869 |            74.70 |     233,185 |     158,248 |             67.86 |         -19.9 |           +8.5 |         +19.9 |
|   +98.64 |   +77.31 | TH.TT      |        2502 |        1822 |            72.82 |     233,185 |     151,991 |             65.18 |         -19.8 |          +10.9 |         +19.9 |
|  +118.64 |   +97.31 | TH.TT      |        2502 |        1692 |            67.63 |     233,185 |     138,196 |             59.26 |         -19.7 |          +13.1 |         +20.0 |
|  +138.64 |  +117.31 | TH.TT      |        2502 |        1120 |            44.76 |     233,185 |      54,426 |             23.34 |         -19.9 |          +13.0 |         +20.0 |
|  +158.64 |  +137.31 | TH.TT      |        2502 |         496 |            19.82 |     233,185 |      13,744 |              5.89 |         -19.9 |           +8.6 |         +20.0 |
==========================================================================================================================

 -> Plot saved successfully to: OUTPUT_LDP/TH_TT/TH_TT_Plot_PP_Popu.svg

--> [TH.TT] Step 6: 6_LDP_OnePage.py
Processing province: TH_TT
[+] TH_TT: One-Page Report generated successfully.
======================================================================
Completed province: TH.TT
Finished: 2026-08-07T14:53:53+07:00
======================================================================
