======================================================================
Processing province: TH.CM_N
Started: 2026-08-08T10:21:17+07:00
======================================================================
--> [TH.CM_N] Step 1: 1_fabdem_province.py
[1/5] Read GADM and select HASC_1=TH.CM_N
[2/5] Save province and clip FABDEM
[3/5] Generate contours every 100 m with GDAL 3.10.3
[4/5] Calculate statistics and write PDF
[5/5] Write DataFrame summaries

Completed successfully.
 HASC_1           NAME_1  contours                                                                                        PDF
TH.CM_N Chiang Mai North      7927 /mnt/nvme1/Project/2026-EIT_LDP_Province/OUTPUT_FABDEM/TH_CM_N/TH_CM_N_fabdem_contours.pdf
--> [TH.CM_N] Step 2: 2_popu2025_grid.py
[1/4] Select GADM province HASC_1=TH.CM_N
[2/4] Save boundary and cut population grid
[3/4] Calculate population-grid statistics
[4/4] Write population-grid PDF and summaries

Completed successfully.
 HASC_1           NAME_1  population_sum                                                                                             grid
TH.CM_N Chiang Mai North    1.599115e+06 /mnt/nvme1/Project/2026-EIT_LDP_Province/OUTPUT_POP2025/TH_CM_N/TH_CM_N_population_2025_100m.tif
--> [TH.CM_N] Step 3: 3_generate_sample.py
[1/4] Select GADM province HASC_1=TH.CM_N
 -> [READ] Loading Vector Dataset: OUTPUT_PROV/gadm41_THA.gpkg (Layer: 'ADM_ADM_1')
[2/4] Generate 500.0m grid points
 -> Auto-detected EPSG:32647 for province.
 -> Generated 92,720 bounding box points.
 -> Clipping points to province boundary...
 -> Computing 8-digit Geohashes...
[3/4] Extracting Raster Values (FABDEM MSL & POP2025)...
 -> [READ] Opening Raster File: OUTPUT_FABDEM/TH_CM_N/TH_CM_N_fabdem.tif
 -> [READ] Opening Raster File for Area Sum: OUTPUT_POP2025/TH_CM_N/TH_CM_N_population_2025_100m.tif
 -> Converting geometries to Lng/Lat (EPSG:4326)...
[4/4] Save GeoPackage Data...
 -> [WRITE] Saving Vector File: /mnt/nvme1/Project/2026-EIT_LDP_Province/OUTPUT_SAMPL/TH_CM_N/TH_CM_N_SAMPL.gpkg (Layer: 'samples')

[5/5] Comparing POP2025 with DOPA Registration Population...

Completed successfully.
 HASC_1  Grid (m)       CRS  Samples             Output   POP2025  DOPA_Pop     Diff
TH.CM_N     500.0 EPSG:4326    49917 TH_CM_N_SAMPL.gpkg 1,567,900 1,798,588 -230,688
--> [TH.CM_N] Step 4: 4_analyse_ldp.py
LDP                                                [TM, 98:58]
FALSE_EN                                    [247500, -1600000]
PP_MSL                                                     380
POPU_PLOT                                       [800, 100, 20]
GPKG         [OUTPUT_SAMPL/TH_CM_N/TH_CM_N_SAMPL.gpkg, samp...
OFFSET_PP         [0.0, default hPP from average topo or pnts]
dtype: object
 -> OUTLIER FILTER: Dropped 1010 points.
 -> Dropped MSL values: [-9999, -9999, -9999, -9999, -9999, -9999, -9999, -9999, -9999, -9999, -9999, 2114, 1751, 2265, 1858, 2155, 2264, 1864, 1922, 2206, 2009, 1920, 1792, 1173, 1193, 1375, 1390, 1463, 1401, 1428, 1393, 1096, 1119, 391, 397, 405, 951, 1023, 983, 970, 1044, 1083, 964, 373, 342, 359, 386, 952, 2068, 1886, 1762, 1842, 785, 775, 802, 778, 1361, 1363, 1426, 1443, 1495, 1501, 1432, 1467, 1454, 961, 1057, 338, 326, 958, 1357, 910, 846, 1004, 1139, 443, 449, 841, 877, 1003, 496, 504, 560, 518, 548, 544, 886, 859, 873, 874, 570, 1177, 986, 1151, 996, 974, 579, 1683, 1646, 1458, 1454, 1459, 546, 966, 923, 871, 815, 893, 907, 918, 1049, 1032, 1122, 1151, 1179, 837, 1289, 1292, 1259, 1231, 779, 822, 1357, 994, 939, 611, 1043, 1032, 1047, 1104, 1025, 614, 614, 1076, 726, 1026, 1168, 1350, 979, 1379, 1021, 1379, 1441, 1326, 1360, 1419, 1311, 1320, 276, 356, 366, 379, 371, 374, 377, 322, 329, 335, 555, 739, 692, 349, 343, 359, 373, 723, 703, 390, 899, 394, 395, 411, 385, 377, 559, 372, 569, 374, 379, 358, 359, 897, 1301, 1335, 1315, 1389, 1405, 1559, 1555, 1620, 1566, 1609, 366, 382, 367, 386, 379, 396, 423, 395, 389, 396, 352, 400, 394, 379, 380, 1383, 1402, 382, 376, 1365, 1324, 1280, 361, 353, 379, 606, 411, 386, 363, 370, 373, 485, 488, 519, 519, 444, 352, 354, 375, 1285, 1277, 1292, 1295, 1367, 1296, 1284, 1221, 1138, 1193, 532, 504, 524, 526, 526, 531, 539, 1370, 1630, 1664, 1633, 360, 355, 360, 362, 375, 1393, 1403, 993, 1323, 1319, 367, 687, 734, 671, 676, 775, 760, 1285, 1289, 1282, 721, 1115, 1571, 1580, 1672, 1650, 1597, 1552, 1550, 1273, 1106, 1122, 1099, 1084, 1058, 1574, 1576, 1800, 1728, 1588, 702, 1319, 1810, 1962, 1831, 1824, 1611, 1707, 1592, 1328, 1240, 1285, 1702, 1704, 1705, 1779, 1801, 1809, 1878, 1721, 1707, 1478, 1339, 1475, 1575, 1475, 1460, 674, 1395, 1267, 698, 1242, 1276, 1252, 1283, 1360, 1327, 1712, 1717, 1700, 1233, 1036, 1720, 1721, 1730, 1719, 1690, 1127, 1896, 1765, 574, 549, 551, 1148, 1145, 909, 598, 850, 848, 1206, 1192, 1166, 1110, 1148, 1050, 1176, 678, 667, 744, 1257, 1693, 1307, 1412, 1421, 1305, 1345, 2102, 2046, 2045, 1253, 1707, 689, 1670, 1678, 1231, 1494, 1121, 1197, 965, 1249, 1731, 985, 1257, 1163, 989, 534, 533, 525, 483, 481, 499, 969, 492, 882, 1152, 916, 1219, 1250, 1245, 1190, 1360, 836, 1145, 1209, 803, 1376, 1207, 713, 714, 1436, 668, 1532, 1536, 1546, 1565, 808, 1543, 903, 1311, 1309, 1297, 1078, 1661, 1665, 1718, 1660, 1732, 1660, 831, 1679, 1688, 1622, 1625, 1501, 1489, 1511, 1576, 1297, 726, 733, 1269, 1223, 1243, 1296, 1316, 1296, 1278, 1299, 1233, 765, 1206, 1125, 1332, 1523, 1498, 1343, 1221, 792, 810, 991, 1002, 768, 777, 1066, 712, 781, 887, 1040, 914, 795, 782, 1473, 1481, 1477, 1476, 1294, 1474, 1593, 1502, 1475, 1532, 1685, 1504, 962, 877, 794, 857, 819, 974, 941, 933, 758, 813, 775, 835, 884, 723, 824, 1022, 1048, 1079, 1078, 951, 890, 843, 548, 825, 529, 839, 540, 846, 402, 454, 361, 405, 666, 379, 422, 504, 378, 376, 396, 388, 287, 366, 370, 383, 377, 405, 356, 359, 558, 566, 554, 550, 545, 523, 501, 442, 556, 564, 525, 519, 591, 492, 485, 662, 725, 658, 433, 445, 444, 539, 1223, 547, 445, 552, 736, 1169, 1270, 895, 857, 857, 359, 400, 385, 372, 357, 387, 364, 404, 438, 381, 600, 556, 529, 444, 533, 539, 665, 725, 701, 695, 711, 557, 554, 543, 499, 646, 713, 714, 375, 373, 373, 373, 373, 373, 597, 548, 564, 585, 555, 563, 796, 917, 881, 866, 882, 588, 607, 608, 553, 545, 510, 532, 554, 520, 868, 885, 549, 571, 571, 577, 508, 496, 505, 590, 503, 556, 599, 663, 644, 441, 864, 878, 745, 774, 432, 566, 869, 578, 578, 540, 537, 576, 572, 739, 749, 688, 789, 719, 682, 524, 652, 359, 815, 1058, 707, 677, 660, 605, 1049, 1132, 697, 451, 807, 659, 685, 1123, 1100, 925, 984, 1236, 1309, 1255, 1545, 1465, 1363, 1371, 1259, 1502, 1647, 1666, 1685, 1657, 1818, 1834, 1792, 1771, 1819, 1777, 1840, 1460, 1390, 1380, 484, 503, 500, 507, 529, 557, 494, 953, 1053, 988, 977, 1009, 1020, 1271, 852, 836, 753, 1519, 1472, 1525, 1616, 1484, 1683, 1716, 1531, 1747, 1559, 1526, 1740, 1566, 1480, 967, 1002, 1026, 989, 992, 1033, 990, 551, 1419, 1464, 1439, 1424, 1444, 1470, 1446, 808, 728, 756, 1538, 1475, 1546, 719, 1516, 1470, 1508, 1561, 1474, 1531, 1565, 1109, 513, 522, 459, 501, 507, 488, 506, 905, 905, 1117, 1100, 1069, 1100, 1042, 573, 519, 532, 569, 559, 509, 592, 572, 539, 550, 564, 530, 525, 547, 612, 641, 666, 677, 556, 658, 578, 586, 600, 1258, 710, 487, 493, 944, 1018, 965, 1198, 1059, 1064, 1044, 1086, 1111, 1049, 1060, 715, 1019, 1039, 1069, 1053, 1091, 842, 798, 811, 606, 593, 584, 567, 562, 547, 546, 551, 1175, 1298, 1304, 1271, 998, 1736, 1727, 1679, 1756, 1302, 1268, 1099, 1235, 1034, 1232, 1285, 1052, 1655, 1155, 1103, 989, 1205, 1158, 751, 773, 1105, 930, 1088, 1527, 1065, 1070, 1073, 1026, 1038, 1197, 1221, 1499, 1629, 1627, 1075, 1088, 1069, 1066, 1526, 1594, 1525, 1529, 1633, 1806, 560, 555, 492, 485, 1546, 1542, 1614, 1524, 1556, 1576, 1505, 954, 991, 1654, 1223, 1139, 1148, 1284, 1304, 1293, 1356, 1379, 1285, 914, 1297, 726, 1080, 1168, 1123, 635, 724, 615, 622, 1176, 1146, 1216, 1308, 1274, 1279, 1265, 1157, 1235, 1200, 1145, 477, 460, 1183, 542, 805, 893, 903, 813, 484, 463, 495, 461, 468, 480, 539, 472, 490, 466, 477, 493, 495, 495, 792, 843, 812, 463, 455, 550, 785, 805, 954, 727, 676, 751, 745, 631, 568, 476, 478, 493, 482, 1791, 1477, 1561, 1568, 1310, 1509, 1743, 1721, 2185, 2215, 2209, 2152, 2175, 477, 428, 472, 449, 431, 435, 429, 438, 434, 596, 583, 581, 570, 563, 482, 483, 1210, 1225, 1228, 483, 472, 468, 478, 467, 473, 502, 850, 1214, 1181, 1195, 1199, 1236, 1302, 1383, 1548, 1597]
 -> Using user-defined PP_MSL: 380.000m
==================================== LDP TM ====================================
@ Centroid @     <lng=98°58′>    <lat=19°15′>
Offset Projection Plane = +0.0 m. <default hPP from average topo or pnts>
Designed Project Plane : hPP=+341.44 m. / MSL=+380.00 m. tied to k0 = 1.000054
Points CSF min/mean/max [ppm] : -272.0 / -49.7 / +28.5
Points MSL min/mean/max [m.]  : +274.0 / +749.8 / +2138.0
|      |       LDP_E |       LDP_N |
|:-----|------------:|------------:|
| min  | 190,482.089 | 439,921.890 |
| max  | 310,513.210 | 628,022.534 |
| diff | 120,031.121 | 188,100.644 |
{"meta": "LDP_Definition", "PROJ_String_Decimal": "+proj=tmerc +lat_0=0.0 +lon_0=98.96666667 +k_0=1.000054 +x_0=247500 +y_0=-1600000 +ellps=WGS84 +units=m +no_defs +type=crs", "PROJ_String_DMS": "+proj=tmerc +lat_0=0.0 +lon_0=98°58′ +k_0=1.000054 +x_0=247500 +y_0=-1600000 +ellps=WGS84 +units=m +no_defs +type=crs"}
Writing definition GPKG : OUTPUT_LDP/TH_CM_N/TH_CM_N_LDP.gpkg ...
 -> THINNING: Snapping points to 2 decimal grid for visualization...
 -> THINNING: Plot points reduced from 48907 to 10923.
Writing definition plot : OUTPUT_LDP/TH_CM_N/TH_CM_N_LDP.svg...
{"meta": "Coverage_Analysis", "Province": "TH.CM_N", "Total_Pts": 49917, "Valid_Pts": 16614, "Pt_Coverage(%)": 33.28, "Total_POP": 1567899.7779, "Valid_POP": 1408866.2277, "POP_Coverage(%)": 89.86, "CSF_Min_ppm": -20.0, "CSF_Mean_ppm": -0.0, "CSF_Max_ppm": 20.0}
--> [TH.CM_N] Step 5: 5_plot_PP_PctPopu.py
[TH.CM_N] POPU_PLOT found in TOML. Overriding MSL bounds: Upper=800.0, Lower=100.0, Step=20.0
[TH.CM_N] Starting ProcessPoolExecutor with 36 offsets to compute (Mean MSL: 749.83 m)...
[TH.CM_N] OFFSET_PP [-649.83] computed successfully.
[TH.CM_N] OFFSET_PP [-629.83] computed successfully.
[TH.CM_N] OFFSET_PP [-609.83] computed successfully.
[TH.CM_N] OFFSET_PP [-589.83] computed successfully.
[TH.CM_N] OFFSET_PP [-569.83] computed successfully.
[TH.CM_N] OFFSET_PP [-549.83] computed successfully.
[TH.CM_N] OFFSET_PP [-529.83] computed successfully.
[TH.CM_N] OFFSET_PP [-509.83] computed successfully.
[TH.CM_N] OFFSET_PP [-489.83] computed successfully.
[TH.CM_N] OFFSET_PP [-469.83] computed successfully.
[TH.CM_N] OFFSET_PP [-449.83] computed successfully.
[TH.CM_N] OFFSET_PP [-429.83] computed successfully.
[TH.CM_N] OFFSET_PP [-409.83] computed successfully.
[TH.CM_N] OFFSET_PP [-389.83] computed successfully.
[TH.CM_N] OFFSET_PP [-369.83] computed successfully.
[TH.CM_N] OFFSET_PP [-349.83] computed successfully.
[TH.CM_N] OFFSET_PP [-329.83] computed successfully.
[TH.CM_N] OFFSET_PP [-309.83] computed successfully.
[TH.CM_N] OFFSET_PP [-289.83] computed successfully.
[TH.CM_N] OFFSET_PP [-269.83] computed successfully.
[TH.CM_N] OFFSET_PP [-249.83] computed successfully.
[TH.CM_N] OFFSET_PP [-229.83] computed successfully.
[TH.CM_N] OFFSET_PP [-209.83] computed successfully.
[TH.CM_N] OFFSET_PP [-189.83] computed successfully.
[TH.CM_N] OFFSET_PP [-169.83] computed successfully.
[TH.CM_N] OFFSET_PP [-149.83] computed successfully.
[TH.CM_N] OFFSET_PP [-129.83] computed successfully.
[TH.CM_N] OFFSET_PP [-109.83] computed successfully.
[TH.CM_N] OFFSET_PP [-89.83] computed successfully.
[TH.CM_N] OFFSET_PP [-69.83] computed successfully.
[TH.CM_N] OFFSET_PP [-49.83] computed successfully.
[TH.CM_N] OFFSET_PP [-29.83] computed successfully.
[TH.CM_N] OFFSET_PP [-9.83] computed successfully.
[TH.CM_N] OFFSET_PP [10.17] computed successfully.
[TH.CM_N] OFFSET_PP [30.17] computed successfully.
[TH.CM_N] OFFSET_PP [50.17] computed successfully.

==================================== LDP Population Coverage Analysis: TH.CM_N ====================================
|   MSL_PP |   HAE_PP | Province   |   Total_Pts |   Valid_Pts |   Pt_Coverage(%) |   Total_POP |   Valid_POP |   POP_Coverage(%) |   CSF_Min_ppm |   CSF_Mean_ppm |   CSF_Max_ppm |
|---------:|---------:|:-----------|------------:|------------:|-----------------:|------------:|------------:|------------------:|--------------:|---------------:|--------------:|
|  +100.00 |   +61.44 | TH.CM_N    |       49917 |          19 |             0.04 |   1,567,900 |         810 |              0.05 |         -20.0 |          -18.7 |         -15.5 |
|  +120.00 |   +81.44 | TH.CM_N    |       49917 |          65 |             0.13 |   1,567,900 |       4,329 |              0.28 |         -20.0 |          -17.9 |         -12.5 |
|  +140.00 |  +101.44 | TH.CM_N    |       49917 |         202 |             0.40 |   1,567,900 |      11,446 |              0.73 |         -20.0 |          -17.6 |          -9.5 |
|  +160.00 |  +121.44 | TH.CM_N    |       49917 |        1064 |             2.13 |   1,567,900 |      77,381 |              4.94 |         -20.0 |          -18.4 |          -6.5 |
|  +180.00 |  +141.44 | TH.CM_N    |       49917 |        3566 |             7.14 |   1,567,900 |     590,510 |             37.66 |         -20.0 |          -17.5 |          -3.5 |
|  +200.00 |  +161.44 | TH.CM_N    |       49917 |        5157 |            10.33 |   1,567,900 |     989,388 |             63.10 |         -20.0 |          -15.7 |          -0.5 |
|  +220.00 |  +181.44 | TH.CM_N    |       49917 |        6579 |            13.18 |   1,567,900 |   1,101,866 |             70.28 |         -20.0 |          -13.0 |          +3.5 |
|  +240.00 |  +201.44 | TH.CM_N    |       49917 |        7576 |            15.18 |   1,567,900 |   1,128,838 |             72.00 |         -20.0 |          -11.1 |          +6.5 |
|  +260.00 |  +221.44 | TH.CM_N    |       49917 |        8736 |            17.50 |   1,567,900 |   1,168,418 |             74.52 |         -20.0 |           -9.5 |          +9.5 |
|  +280.00 |  +241.44 | TH.CM_N    |       49917 |       10113 |            20.26 |   1,567,900 |   1,224,615 |             78.11 |         -20.0 |           -8.2 |         +12.5 |
|  +300.00 |  +261.44 | TH.CM_N    |       49917 |       11338 |            22.71 |   1,567,900 |   1,269,689 |             80.98 |         -20.0 |           -6.6 |         +15.5 |
|  +320.00 |  +281.44 | TH.CM_N    |       49917 |       12649 |            25.34 |   1,567,900 |   1,314,226 |             83.82 |         -20.0 |           -5.1 |         +18.5 |
|  +340.00 |  +301.44 | TH.CM_N    |       49917 |       13970 |            27.99 |   1,567,900 |   1,356,965 |             86.55 |         -20.0 |           -3.7 |         +19.6 |
|  +360.00 |  +321.44 | TH.CM_N    |       49917 |       15660 |            31.37 |   1,567,900 |   1,398,572 |             89.20 |         -20.0 |           -1.7 |         +20.0 |
|  +380.00 |  +341.44 | TH.CM_N    |       49917 |       16614 |            33.28 |   1,567,900 |   1,408,866 |             89.86 |         -20.0 |           -0.0 |         +20.0 |
|  +400.00 |  +361.44 | TH.CM_N    |       49917 |       17503 |            35.06 |   1,567,900 |   1,407,281 |             89.76 |         -20.0 |           +1.5 |         +20.0 |
|  +420.00 |  +381.44 | TH.CM_N    |       49917 |       16853 |            33.76 |   1,567,900 |   1,246,788 |             79.52 |         -20.0 |           +1.4 |         +20.0 |
|  +440.00 |  +401.44 | TH.CM_N    |       49917 |       15660 |            31.37 |   1,567,900 |     633,682 |             40.42 |         -20.0 |           +0.3 |         +20.0 |
|  +460.00 |  +421.44 | TH.CM_N    |       49917 |       15355 |            30.76 |   1,567,900 |     414,640 |             26.45 |         -20.0 |           +0.4 |         +20.0 |
|  +480.00 |  +441.44 | TH.CM_N    |       49917 |       15325 |            30.70 |   1,567,900 |     352,643 |             22.49 |         -20.0 |           +0.7 |         +20.0 |
|  +500.00 |  +461.44 | TH.CM_N    |       49917 |       15295 |            30.64 |   1,567,900 |     322,611 |             20.58 |         -20.0 |           +1.2 |         +20.0 |
|  +520.00 |  +481.44 | TH.CM_N    |       49917 |       15025 |            30.10 |   1,567,900 |     278,254 |             17.75 |         -20.0 |           +1.1 |         +20.0 |
|  +540.00 |  +501.44 | TH.CM_N    |       49917 |       14824 |            29.70 |   1,567,900 |     237,006 |             15.12 |         -20.0 |           +0.9 |         +20.0 |
|  +560.00 |  +521.44 | TH.CM_N    |       49917 |       14650 |            29.35 |   1,567,900 |     199,631 |             12.73 |         -20.0 |           +0.8 |         +20.0 |
|  +580.00 |  +541.44 | TH.CM_N    |       49917 |       14408 |            28.86 |   1,567,900 |     158,988 |             10.14 |         -20.0 |           +0.5 |         +20.0 |
|  +600.00 |  +561.44 | TH.CM_N    |       49917 |       14158 |            28.36 |   1,567,900 |     125,409 |              8.00 |         -20.0 |           +0.1 |         +20.0 |
|  +620.00 |  +581.44 | TH.CM_N    |       49917 |       13899 |            27.84 |   1,567,900 |     100,335 |              6.40 |         -20.0 |           -0.1 |         +20.0 |
|  +640.00 |  +601.44 | TH.CM_N    |       49917 |       13859 |            27.76 |   1,567,900 |      88,460 |              5.64 |         -20.0 |           -0.0 |         +20.0 |
|  +660.00 |  +621.44 | TH.CM_N    |       49917 |       13771 |            27.59 |   1,567,900 |      84,960 |              5.42 |         -20.0 |           +0.1 |         +20.0 |
|  +680.00 |  +641.44 | TH.CM_N    |       49917 |       13578 |            27.20 |   1,567,900 |      78,055 |              4.98 |         -20.0 |           +0.2 |         +20.0 |
|  +700.00 |  +661.44 | TH.CM_N    |       49917 |       13455 |            26.95 |   1,567,900 |      74,323 |              4.74 |         -20.0 |           +0.3 |         +20.0 |
|  +720.00 |  +681.44 | TH.CM_N    |       49917 |       13322 |            26.69 |   1,567,900 |      70,344 |              4.49 |         -20.0 |           +0.6 |         +20.0 |
|  +740.00 |  +701.44 | TH.CM_N    |       49917 |       13116 |            26.28 |   1,567,900 |      66,956 |              4.27 |         -20.0 |           +0.9 |         +20.0 |
|  +760.00 |  +721.44 | TH.CM_N    |       49917 |       12893 |            25.83 |   1,567,900 |      63,124 |              4.03 |         -20.0 |           +1.2 |         +20.0 |
|  +780.00 |  +741.44 | TH.CM_N    |       49917 |       12476 |            24.99 |   1,567,900 |      57,596 |              3.67 |         -20.0 |           +1.5 |         +20.0 |
|  +800.00 |  +761.44 | TH.CM_N    |       49917 |       12064 |            24.17 |   1,567,900 |      52,628 |              3.36 |         -20.0 |           +1.6 |         +20.0 |
==========================================================================================================================

 -> Plot saved successfully to: OUTPUT_LDP/TH_CM_N/TH_CM_N_Plot_PP_Popu.svg

--> [TH.CM_N] Step 6: 6_LDP_OnePage.py
Processing province: TH_CM_N
[+] TH_CM_N: One-Page Report generated successfully.
======================================================================
Completed province: TH.CM_N
Finished: 2026-08-08T11:01:06+07:00
======================================================================
