======================================================================
Processing province: TH.NN
Started: 2026-08-07T14:39:57+07:00
======================================================================
--> [TH.NN] Step 1: 1_fabdem_province.py
[1/5] Read GADM and select HASC_1=TH.NN
[2/5] Save province and clip FABDEM
[3/5] Generate contours every 100 m with GDAL 3.10.3
[4/5] Calculate statistics and write PDF
[5/5] Write DataFrame summaries

Completed successfully.
HASC_1       NAME_1  contours                                                                                    PDF
 TH.NN Nakhon Nayok       492 /mnt/nvme1/Project/2026-EIT_LDP_Province/OUTPUT_FABDEM/TH_NN/TH_NN_fabdem_contours.pdf
--> [TH.NN] Step 2: 2_popu2025_grid.py
[1/4] Select GADM province HASC_1=TH.NN
[2/4] Save boundary and cut population grid
[3/4] Calculate population-grid statistics
[4/4] Write population-grid PDF and summaries

Completed successfully.
HASC_1       NAME_1  population_sum                                                                                         grid
 TH.NN Nakhon Nayok   237621.196477 /mnt/nvme1/Project/2026-EIT_LDP_Province/OUTPUT_POP2025/TH_NN/TH_NN_population_2025_100m.tif
--> [TH.NN] Step 3: 3_generate_sample.py
[1/4] Select GADM province HASC_1=TH.NN
 -> [READ] Loading Vector Dataset: OUTPUT_PROV/gadm41_THA.gpkg (Layer: 'ADM_ADM_1')
[2/4] Generate 1000.0m grid points
 -> Auto-detected EPSG:32647 for province.
 -> Generated 4,224 bounding box points.
 -> Clipping points to province boundary...
 -> Computing 7-digit Geohashes...
[3/4] Extracting Raster Values (FABDEM MSL & POP2025)...
 -> [READ] Opening Raster File: OUTPUT_FABDEM/TH_NN/TH_NN_fabdem.tif
 -> [READ] Opening Raster File for Area Sum: OUTPUT_POP2025/TH_NN/TH_NN_population_2025_100m.tif
 -> Converting geometries to Lng/Lat (EPSG:4326)...
[4/4] Save GeoPackage Data...
 -> [WRITE] Saving Vector File: /mnt/nvme1/Project/2026-EIT_LDP_Province/OUTPUT_SAMPL/TH_NN/TH_NN_SAMPL.gpkg (Layer: 'samples')

[5/5] Comparing POP2025 with DOPA Registration Population...

Completed successfully.
HASC_1  Grid (m)       CRS  Samples           Output POP2025 DOPA_Pop    Diff
 TH.NN    1000.0 EPSG:4326     2149 TH_NN_SAMPL.gpkg 234,056  259,683 -25,627
--> [TH.NN] Step 4: 4_analyse_ldp.py
LDP                                            [TM, 101:10]
FALSE_EN                                  [50000, -1420000]
PP_MSL                                                   50
GPKG         [OUTPUT_SAMPL/TH_NN/TH_NN_SAMPL.gpkg, samples]
OFFSET_PP      [0.0, default hPP from average topo or pnts]
dtype: object
 -> OUTLIER FILTER: Dropped 43 points.
 -> Dropped MSL values: [75, 107, 100, 95, 102, 487, 2, 2, 4, 13, 761, 625, 537, 482, 620, 338, 447, 568, 538, 544, 678, 516, 803, 857, 827, 42, 54, 66, 117, 281, 81, 882, 888, 633, 116, 103, 568, 486, 567, 37, 126, 944, 781]
 -> THINNING: Snapping points to 2 decimal grid...
 -> THINNING: Points reduced from 2106 to 1754.
 -> Using user-defined PP_MSL: 50.000m
==================================== LDP TM ====================================
@ Centroid @     <lng=101°10′>    <lat=14°13′>
Offset Projection Plane = +0.0 m. <default hPP from average topo or pnts>
Designed Project Plane : hPP=+21.26 m. / MSL=+50.00 m. tied to k0 = 1.000003
Points CSF min/mean/max [ppm] : -186.1 / -14.9 / +16.4
Points MSL min/mean/max [m.]  : +1.0 / +161.2 / +1289.0
|      |      LDP_E |       LDP_N |
|:-----|-----------:|------------:|
| min  | 22,942.123 | 124,746.283 |
| max  | 86,271.550 | 184,431.312 |
| diff | 63,329.428 |  59,685.029 |
{"meta": "LDP_Definition", "PROJ_String_Decimal": "+proj=tmerc +lat_0=0.0 +lon_0=101.16666667 +k_0=1.000003 +x_0=50000 +y_0=-1420000 +ellps=WGS84 +units=m +no_defs +type=crs", "PROJ_String_DMS": "+proj=tmerc +lat_0=0.0 +lon_0=101°10′ +k_0=1.000003 +x_0=50000 +y_0=-1420000 +ellps=WGS84 +units=m +no_defs +type=crs"}
Writing definition GPKG : OUTPUT_LDP/TH_NN/TH_NN_LDP.gpkg ...
Writing definition plot : OUTPUT_LDP/TH_NN/TH_NN_LDP.svg...
{"meta": "Coverage_Analysis", "Province": "TH.NN", "Total_Pts": 2149, "Valid_Pts": 1327, "Pt_Coverage(%)": 61.75, "Total_POP": 234055.71029999998, "Valid_POP": 191927.67489999998, "POP_Coverage(%)": 82.0, "CSF_Min_ppm": -19.7, "CSF_Mean_ppm": 7.8, "CSF_Max_ppm": 16.4}
--> [TH.NN] Step 5: 5_plot_PP_PctPopu.py
[TH.NN] Starting ProcessPoolExecutor with 16 offsets to compute (Mean MSL: 161.16 m)...
[TH.NN] OFFSET_PP [-200.00] computed successfully.
[TH.NN] OFFSET_PP [-180.00] computed successfully.
[TH.NN] OFFSET_PP [-160.00] computed successfully.
[TH.NN] OFFSET_PP [-140.00] computed successfully.
[TH.NN] OFFSET_PP [-120.00] computed successfully.
[TH.NN] OFFSET_PP [-100.00] computed successfully.
[TH.NN] OFFSET_PP [-80.00] computed successfully.
[TH.NN] OFFSET_PP [-60.00] computed successfully.
[TH.NN] OFFSET_PP [-40.00] computed successfully.
[TH.NN] OFFSET_PP [-20.00] computed successfully.
[TH.NN] OFFSET_PP [0.00] computed successfully.
[TH.NN] OFFSET_PP [20.00] computed successfully.
[TH.NN] OFFSET_PP [40.00] computed successfully.
[TH.NN] OFFSET_PP [60.00] computed successfully.
[TH.NN] OFFSET_PP [80.00] computed successfully.
[TH.NN] OFFSET_PP [100.00] computed successfully.

==================================== LDP Population Coverage Analysis: TH.NN ====================================
|   MSL_PP |   HAE_PP | Province   |   Total_Pts |   Valid_Pts |   Pt_Coverage(%) |   Total_POP |   Valid_POP |   POP_Coverage(%) |   CSF_Min_ppm |   CSF_Mean_ppm |   CSF_Max_ppm |
|---------:|---------:|:-----------|------------:|------------:|-----------------:|------------:|------------:|------------------:|--------------:|---------------:|--------------:|
|   -38.84 |   -67.57 | TH.NN      |        2149 |        1286 |            59.84 |     234,056 |     190,918 |             81.57 |         -19.9 |           -5.5 |          +2.4 |
|   -18.84 |   -47.57 | TH.NN      |        2149 |        1298 |            60.40 |     234,056 |     191,379 |             81.77 |         -20.0 |           -1.7 |          +6.4 |
|    +1.16 |   -27.57 | TH.NN      |        2149 |        1310 |            60.96 |     234,056 |     191,770 |             81.93 |         -19.9 |           +1.2 |          +9.4 |
|   +21.16 |    -7.57 | TH.NN      |        2149 |        1318 |            61.33 |     234,056 |     191,911 |             81.99 |         -19.7 |           +4.0 |         +12.4 |
|   +41.16 |   +12.43 | TH.NN      |        2149 |        1325 |            61.66 |     234,056 |     191,921 |             82.00 |         -19.7 |           +6.9 |         +15.4 |
|   +61.16 |   +32.43 | TH.NN      |        2149 |        1331 |            61.94 |     234,056 |     191,966 |             82.02 |         -18.9 |           +9.8 |         +18.4 |
|   +81.16 |   +52.43 | TH.NN      |        2149 |        1293 |            60.17 |     234,056 |     187,715 |             80.20 |         -20.0 |          +12.1 |         +20.0 |
|  +101.16 |   +72.43 | TH.NN      |        2149 |        1153 |            53.65 |     234,056 |     162,741 |             69.53 |         -19.7 |          +14.1 |         +19.9 |
|  +121.16 |   +92.43 | TH.NN      |        2149 |         733 |            34.11 |     234,056 |     108,655 |             46.42 |         -19.3 |          +15.8 |         +20.0 |
|  +141.16 |  +112.43 | TH.NN      |        2149 |         179 |             8.33 |     234,056 |      14,403 |              6.15 |         -19.8 |           +7.0 |         +20.0 |
|  +161.16 |  +132.43 | TH.NN      |        2149 |         129 |             6.00 |     234,056 |       4,363 |              1.86 |         -18.7 |           +3.7 |         +19.9 |
|  +181.16 |  +152.43 | TH.NN      |        2149 |         124 |             5.77 |     234,056 |       3,386 |              1.45 |         -20.0 |           +3.4 |         +19.9 |
|  +201.16 |  +172.43 | TH.NN      |        2149 |         120 |             5.58 |     234,056 |       1,957 |              0.84 |         -19.9 |           +1.6 |         +19.9 |
|  +221.16 |  +192.43 | TH.NN      |        2149 |         131 |             6.10 |     234,056 |       1,022 |              0.44 |         -19.9 |           -2.9 |         +20.0 |
|  +241.16 |  +212.43 | TH.NN      |        2149 |         140 |             6.51 |     234,056 |         648 |              0.28 |         -19.8 |           -3.4 |         +20.0 |
|  +261.16 |  +232.43 | TH.NN      |        2149 |         147 |             6.84 |     234,056 |         257 |              0.11 |         -19.9 |           -3.8 |         +19.4 |
==========================================================================================================================

 -> Plot saved successfully to: OUTPUT_LDP/TH_NN/TH_NN_Plot_PP_Popu.svg

--> [TH.NN] Step 6: 6_LDP_OnePage.py
Processing province: TH_NN
[+] TH_NN: One-Page Report generated successfully.
======================================================================
Completed province: TH.NN
Finished: 2026-08-07T14:42:38+07:00
======================================================================
