======================================================================
Processing province: TH.UR_N
Started: 2026-08-07T14:52:12+07:00
======================================================================
--> [TH.UR_N] Step 1: 1_fabdem_province.py
[1/5] Read GADM and select HASC_1=TH.UR_N
[2/5] Save province and clip FABDEM
[3/5] Generate contours every 100 m with GDAL 3.10.3
[4/5] Calculate statistics and write PDF
[5/5] Write DataFrame summaries

Completed successfully.
 HASC_1                 NAME_1  contours                                                                                        PDF
TH.UR_N Ubon Ratchathani North       452 /mnt/nvme1/Project/2026-EIT_LDP_Province/OUTPUT_FABDEM/TH_UR_N/TH_UR_N_fabdem_contours.pdf
--> [TH.UR_N] Step 2: 2_popu2025_grid.py
[1/4] Select GADM province HASC_1=TH.UR_N
[2/4] Save boundary and cut population grid
[3/4] Calculate population-grid statistics
[4/4] Write population-grid PDF and summaries

Completed successfully.
 HASC_1                 NAME_1  population_sum                                                                                             grid
TH.UR_N Ubon Ratchathani North   405162.537689 /mnt/nvme1/Project/2026-EIT_LDP_Province/OUTPUT_POP2025/TH_UR_N/TH_UR_N_population_2025_100m.tif
--> [TH.UR_N] Step 3: 3_generate_sample.py
[1/4] Select GADM province HASC_1=TH.UR_N
 -> [READ] Loading Vector Dataset: OUTPUT_PROV/gadm41_THA.gpkg (Layer: 'ADM_ADM_1')
[2/4] Generate 1000.0m grid points
 -> Auto-detected EPSG:32648 for province.
 -> Generated 7,885 bounding box points.
 -> Clipping points to province boundary...
 -> Computing 7-digit Geohashes...
[3/4] Extracting Raster Values (FABDEM MSL & POP2025)...
 -> [READ] Opening Raster File: OUTPUT_FABDEM/TH_UR_N/TH_UR_N_fabdem.tif
 -> [READ] Opening Raster File for Area Sum: OUTPUT_POP2025/TH_UR_N/TH_UR_N_population_2025_100m.tif
 -> Converting geometries to Lng/Lat (EPSG:4326)...
[4/4] Save GeoPackage Data...
 -> [WRITE] Saving Vector File: /mnt/nvme1/Project/2026-EIT_LDP_Province/OUTPUT_SAMPL/TH_UR_N/TH_UR_N_SAMPL.gpkg (Layer: 'samples')

[5/5] Comparing POP2025 with DOPA Registration Population...

Completed successfully.
 HASC_1  Grid (m)       CRS  Samples             Output POP2025  DOPA_Pop       Diff
TH.UR_N    1000.0 EPSG:4326     4646 TH_UR_N_SAMPL.gpkg 402,505 1,865,501 -1,462,996
--> [TH.UR_N] Step 4: 4_analyse_ldp.py
LDP                                               [TM, 105:15]
FALSE_EN                                     [50000, -1580000]
PP_MSL                                                     100
GPKG         [OUTPUT_SAMPL/TH_UR_N/TH_UR_N_SAMPL.gpkg, samp...
OFFSET_PP         [0.0, default hPP from average topo or pnts]
dtype: object
 -> OUTLIER FILTER: Dropped 94 points.
 -> Dropped MSL values: [-9999, 545, 467, 434, 404, 442, 442, 488, 415, 361, 214, 273, 234, 204, 259, 203, 216, 256, 240, 182, 188, 184, 189, 187, 180, 270, 114, 108, 131, 131, 122, 126, 288, 279, 327, 289, 286, 262, 259, 138, 140, 115, 129, 146, 129, 232, 135, 299, 189, 177, 182, 142, 146, 455, 110, 144, 155, 240, 251, 213, 267, 273, 284, 280, 185, 239, 227, 235, 249, 257, 225, 249, 314, 246, 240, 114, 114, 157, 220, 224, 207, 292, 115, 116, 116, 173, 118, 177, 179, 119, 119, 119, 118, 118]
 -> THINNING: Snapping points to 2 decimal grid...
 -> THINNING: Points reduced from 4552 to 3859.
 -> Using user-defined PP_MSL: 100.000m
==================================== LDP TM ====================================
@ Centroid @     <lng=105°15′>    <lat=15°40′>
Offset Projection Plane = +0.0 m. <default hPP from average topo or pnts>
Designed Project Plane : hPP=+79.38 m. / MSL=+100.00 m. tied to k0 = 1.000012
Points CSF min/mean/max [ppm] : -48.4 / -5.5 / +19.1
Points MSL min/mean/max [m.]  : +98.0 / +160.9 / +452.0
|      |      LDP_E |       LDP_N |
|:-----|-----------:|------------:|
| min  | 12,177.089 | 108,641.043 |
| max  | 91,224.072 | 199,743.365 |
| diff | 79,046.983 |  91,102.322 |
{"meta": "LDP_Definition", "PROJ_String_Decimal": "+proj=tmerc +lat_0=0.0 +lon_0=105.25000000 +k_0=1.000012 +x_0=50000 +y_0=-1580000 +ellps=WGS84 +units=m +no_defs +type=crs", "PROJ_String_DMS": "+proj=tmerc +lat_0=0.0 +lon_0=105°15′ +k_0=1.000012 +x_0=50000 +y_0=-1580000 +ellps=WGS84 +units=m +no_defs +type=crs"}
Writing definition GPKG : OUTPUT_LDP/TH_UR_N/TH_UR_N_LDP.gpkg ...
Writing definition plot : OUTPUT_LDP/TH_UR_N/TH_UR_N_LDP.svg...
{"meta": "Coverage_Analysis", "Province": "TH.UR_N", "Total_Pts": 4646, "Valid_Pts": 3759, "Pt_Coverage(%)": 80.91, "Total_POP": 402505.13080000004, "Valid_POP": 340800.9683, "POP_Coverage(%)": 84.67, "CSF_Min_ppm": -20.0, "CSF_Mean_ppm": -5.0, "CSF_Max_ppm": 19.1}
--> [TH.UR_N] Step 5: 5_plot_PP_PctPopu.py
[TH.UR_N] Starting ProcessPoolExecutor with 16 offsets to compute (Mean MSL: 160.89 m)...
[TH.UR_N] OFFSET_PP [-200.00] computed successfully.
[TH.UR_N] OFFSET_PP [-180.00] computed successfully.
[TH.UR_N] OFFSET_PP [-160.00] computed successfully.
[TH.UR_N] OFFSET_PP [-140.00] computed successfully.
[TH.UR_N] OFFSET_PP [-120.00] computed successfully.
[TH.UR_N] OFFSET_PP [-100.00] computed successfully.
[TH.UR_N] OFFSET_PP [-80.00] computed successfully.
[TH.UR_N] OFFSET_PP [-60.00] computed successfully.
[TH.UR_N] OFFSET_PP [-40.00] computed successfully.
[TH.UR_N] OFFSET_PP [-20.00] computed successfully.
[TH.UR_N] OFFSET_PP [0.00] computed successfully.
[TH.UR_N] OFFSET_PP [20.00] computed successfully.
[TH.UR_N] OFFSET_PP [40.00] computed successfully.
[TH.UR_N] OFFSET_PP [60.00] computed successfully.
[TH.UR_N] OFFSET_PP [80.00] computed successfully.
[TH.UR_N] OFFSET_PP [100.00] computed successfully.

==================================== LDP Population Coverage Analysis: TH.UR_N ====================================
|   MSL_PP |   HAE_PP | Province   |   Total_Pts |   Valid_Pts |   Pt_Coverage(%) |   Total_POP |   Valid_POP |   POP_Coverage(%) |   CSF_Min_ppm |   CSF_Mean_ppm |   CSF_Max_ppm |
|---------:|---------:|:-----------|------------:|------------:|-----------------:|------------:|------------:|------------------:|--------------:|---------------:|--------------:|
|   -39.11 |   -59.73 | TH.UR_N    |        4646 |         591 |            12.72 |     402,505 |      71,376 |             17.73 |         -20.0 |          -15.5 |          -1.9 |
|   -19.11 |   -39.73 | TH.UR_N    |        4646 |        1019 |            21.93 |     402,505 |     114,419 |             28.43 |         -20.0 |          -15.0 |          +1.1 |
|    +0.89 |   -19.73 | TH.UR_N    |        4646 |        1631 |            35.11 |     402,505 |     165,362 |             41.08 |         -20.0 |          -14.5 |          +4.1 |
|   +20.89 |    +0.27 | TH.UR_N    |        4646 |        2619 |            56.37 |     402,505 |     266,908 |             66.31 |         -20.0 |          -14.2 |          +7.1 |
|   +40.89 |   +20.27 | TH.UR_N    |        4646 |        3272 |            70.43 |     402,505 |     321,698 |             79.92 |         -20.0 |          -12.6 |         +10.1 |
|   +60.89 |   +40.27 | TH.UR_N    |        4646 |        3532 |            76.02 |     402,505 |     333,530 |             82.86 |         -20.0 |          -10.2 |         +13.1 |
|   +80.89 |   +60.27 | TH.UR_N    |        4646 |        3688 |            79.38 |     402,505 |     339,757 |             84.41 |         -20.0 |           -7.7 |         +16.1 |
|  +100.89 |   +80.27 | TH.UR_N    |        4646 |        3771 |            81.17 |     402,505 |     341,305 |             84.80 |         -20.0 |           -4.0 |         +20.0 |
|  +120.89 |  +100.27 | TH.UR_N    |        4646 |        3789 |            81.55 |     402,505 |     341,053 |             84.73 |         -19.9 |           -1.2 |         +19.9 |
|  +140.89 |  +120.27 | TH.UR_N    |        4646 |        3782 |            81.40 |     402,505 |     340,381 |             84.57 |         -19.9 |           +1.6 |         +19.7 |
|  +160.89 |  +140.27 | TH.UR_N    |        4646 |        3747 |            80.65 |     402,505 |     337,525 |             83.86 |         -19.9 |           +4.3 |         +20.0 |
|  +180.89 |  +160.27 | TH.UR_N    |        4646 |        3658 |            78.73 |     402,505 |     324,826 |             80.70 |         -19.9 |           +6.9 |         +20.0 |
|  +200.89 |  +180.27 | TH.UR_N    |        4646 |        3522 |            75.81 |     402,505 |     308,731 |             76.70 |         -20.0 |           +9.3 |         +20.0 |
|  +220.89 |  +200.27 | TH.UR_N    |        4646 |        3265 |            70.28 |     402,505 |     270,230 |             67.14 |         -19.4 |          +11.5 |         +20.0 |
|  +240.89 |  +220.27 | TH.UR_N    |        4646 |        2695 |            58.01 |     402,505 |     216,821 |             53.87 |         -16.4 |          +14.1 |         +20.0 |
|  +260.89 |  +240.27 | TH.UR_N    |        4646 |        1932 |            41.58 |     402,505 |     144,868 |             35.99 |         -13.4 |          +15.4 |         +20.0 |
==========================================================================================================================

 -> Plot saved successfully to: OUTPUT_LDP/TH_UR_N/TH_UR_N_Plot_PP_Popu.svg

--> [TH.UR_N] Step 6: 6_LDP_OnePage.py
Processing province: TH_UR_N
[+] TH_UR_N: One-Page Report generated successfully.
======================================================================
Completed province: TH.UR_N
Finished: 2026-08-07T14:55:13+07:00
======================================================================
