======================================================================
Processing province: TH.LG
Started: 2026-08-08T10:27:56+07:00
======================================================================
--> [TH.LG] Step 1: 1_fabdem_province.py
[1/5] Read GADM and select HASC_1=TH.LG
[2/5] Save province and clip FABDEM
[3/5] Generate contours every 100 m with GDAL 3.10.3
[4/5] Calculate statistics and write PDF
[5/5] Write DataFrame summaries

Completed successfully.
HASC_1  NAME_1  contours                                                                                    PDF
 TH.LG Lampang      8370 /mnt/nvme1/Project/2026-EIT_LDP_Province/OUTPUT_FABDEM/TH_LG/TH_LG_fabdem_contours.pdf
--> [TH.LG] Step 2: 2_popu2025_grid.py
[1/4] Select GADM province HASC_1=TH.LG
[2/4] Save boundary and cut population grid
[3/4] Calculate population-grid statistics
[4/4] Write population-grid PDF and summaries

Completed successfully.
HASC_1  NAME_1  population_sum                                                                                         grid
 TH.LG Lampang   660816.312957 /mnt/nvme1/Project/2026-EIT_LDP_Province/OUTPUT_POP2025/TH_LG/TH_LG_population_2025_100m.tif
--> [TH.LG] Step 3: 3_generate_sample.py
[1/4] Select GADM province HASC_1=TH.LG
 -> [READ] Loading Vector Dataset: OUTPUT_PROV/gadm41_THA.gpkg (Layer: 'ADM_ADM_1')
[2/4] Generate 500.0m grid points
 -> Auto-detected EPSG:32647 for province.
 -> Generated 130,115 bounding box points.
 -> Clipping points to province boundary...
 -> Computing 8-digit Geohashes...
[3/4] Extracting Raster Values (FABDEM MSL & POP2025)...
 -> [READ] Opening Raster File: OUTPUT_FABDEM/TH_LG/TH_LG_fabdem.tif
 -> [READ] Opening Raster File for Area Sum: OUTPUT_POP2025/TH_LG/TH_LG_population_2025_100m.tif
 -> Converting geometries to Lng/Lat (EPSG:4326)...
[4/4] Save GeoPackage Data...
 -> [WRITE] Saving Vector File: /mnt/nvme1/Project/2026-EIT_LDP_Province/OUTPUT_SAMPL/TH_LG/TH_LG_SAMPL.gpkg (Layer: 'samples')

[5/5] Comparing POP2025 with DOPA Registration Population...

Completed successfully.
HASC_1  Grid (m)       CRS  Samples           Output POP2025 DOPA_Pop    Diff
 TH.LG     500.0 EPSG:4326    50028 TH_LG_SAMPL.gpkg 645,123  697,679 -52,556
--> [TH.LG] Step 4: 4_analyse_ldp.py
LDP                                             [TM, 99:31]
FALSE_EN                                 [250000, -1280000]
PP_MSL                                                  240
POPU_PLOT                                    [500, 100, 20]
GPKG         [OUTPUT_SAMPL/TH_LG/TH_LG_SAMPL.gpkg, samples]
OFFSET_PP      [0.0, default hPP from average topo or pnts]
dtype: object
 -> OUTLIER FILTER: Dropped 1007 points.
 -> Dropped MSL values: [-9999, -9999, -9999, -9999, -9999, -9999, 163, 616, 665, 675, 711, 683, 659, 198, 223, 233, 234, 684, 637, 692, 666, 851, 679, 617, 647, 671, 623, 208, 192, 166, 206, 224, 171, 700, 724, 349, 365, 728, 766, 687, 713, 216, 216, 674, 897, 853, 903, 842, 880, 614, 611, 560, 611, 633, 211, 193, 239, 244, 886, 878, 823, 860, 929, 951, 698, 697, 227, 931, 920, 1038, 915, 936, 923, 934, 908, 262, 567, 600, 820, 558, 171, 179, 179, 174, 178, 569, 554, 665, 641, 698, 898, 699, 703, 858, 885, 859, 996, 886, 883, 707, 700, 683, 552, 536, 692, 684, 678, 573, 646, 844, 625, 674, 580, 672, 656, 779, 733, 659, 674, 601, 748, 549, 527, 649, 724, 646, 135, 279, 301, 559, 261, 622, 619, 589, 678, 621, 634, 521, 170, 191, 492, 497, 601, 709, 559, 671, 624, 585, 641, 580, 661, 569, 641, 244, 255, 472, 241, 256, 250, 253, 247, 239, 250, 822, 646, 658, 635, 959, 982, 1018, 979, 999, 992, 809, 826, 819, 834, 794, 797, 809, 790, 833, 506, 802, 223, 244, 211, 222, 289, 319, 193, 273, 287, 797, 636, 658, 675, 656, 634, 653, 590, 650, 626, 264, 263, 256, 247, 271, 235, 244, 290, 245, 266, 264, 702, 973, 522, 536, 562, 904, 1179, 390, 282, 336, 343, 264, 280, 359, 262, 261, 315, 280, 326, 1202, 1260, 1335, 1224, 1199, 1299, 1238, 1200, 1194, 462, 684, 493, 658, 455, 277, 525, 580, 692, 851, 861, 898, 892, 891, 700, 444, 383, 216, 311, 197, 197, 738, 826, 723, 832, 730, 734, 707, 906, 394, 531, 511, 542, 792, 912, 781, 1090, 1113, 1151, 1176, 1084, 817, 1087, 814, 817, 804, 852, 800, 835, 917, 953, 852, 713, 405, 399, 494, 809, 865, 310, 302, 362, 357, 289, 263, 158, 216, 182, 182, 226, 109, 243, 1112, 1108, 254, 650, 656, 322, 491, 524, 570, 523, 523, 536, 545, 580, 255, 340, 409, 394, 383, 373, 356, 368, 357, 354, 394, 429, 412, 399, 417, 309, 323, 381, 226, 520, 554, 201, 338, 311, 321, 203, 400, 285, 251, 289, 285, 234, 250, 364, 321, 309, 337, 361, 265, 268, 310, 315, 274, 253, 284, 245, 275, 277, 245, 242, 250, 240, 243, 260, 232, 389, 357, 313, 414, 729, 689, 725, 344, 341, 236, 251, 318, 304, 301, 221, 300, 302, 285, 363, 391, 392, 397, 402, 684, 671, 672, 876, 894, 883, 889, 881, 1134, 1258, 1210, 1129, 1251, 1161, 1184, 1135, 1105, 328, 330, 348, 338, 690, 676, 995, 975, 1026, 941, 937, 975, 1006, 905, 779, 481, 1023, 1092, 935, 846, 947, 871, 910, 1048, 412, 998, 1026, 1133, 1037, 1010, 819, 1021, 1094, 1078, 1163, 794, 1035, 398, 398, 434, 1239, 1306, 1241, 1370, 1420, 1262, 1446, 1389, 1310, 1414, 1336, 1421, 1312, 1776, 1788, 1943, 1771, 1324, 1351, 1470, 984, 1268, 1198, 1093, 1138, 1123, 564, 478, 475, 839, 667, 801, 679, 748, 676, 681, 692, 622, 460, 464, 494, 537, 513, 521, 596, 610, 552, 483, 418, 611, 585, 628, 539, 554, 514, 529, 1002, 1037, 1122, 1026, 453, 500, 512, 504, 487, 524, 425, 433, 558, 549, 544, 531, 631, 741, 777, 684, 746, 761, 713, 768, 733, 780, 792, 755, 734, 767, 758, 613, 365, 1024, 937, 943, 943, 1099, 1127, 245, 369, 271, 400, 391, 279, 281, 251, 243, 640, 918, 337, 344, 336, 355, 466, 359, 354, 451, 448, 484, 479, 993, 1015, 1054, 1003, 1004, 954, 971, 1006, 443, 359, 377, 371, 362, 365, 354, 328, 281, 304, 456, 356, 746, 717, 697, 796, 704, 805, 716, 752, 792, 862, 796, 784, 728, 699, 229, 368, 231, 345, 359, 282, 287, 339, 287, 279, 302, 364, 290, 299, 396, 95, 85, 293, 359, 285, 293, 357, 386, 667, 373, 375, 427, 592, 509, 722, 778, 684, 558, 556, 841, 349, 349, 309, 92, 100, 313, 307, 80, 297, 389, 708, 719, 670, 715, 390, 428, 645, 680, 769, 799, 813, 802, 369, 363, 380, 383, 366, 369, 365, 369, 402, 514, 533, 527, 552, 534, 385, 483, 503, 556, 732, 499, 509, 614, 485, 552, 598, 884, 872, 865, 943, 870, 937, 938, 898, 936, 910, 874, 984, 954, 1004, 905, 759, 980, 1084, 893, 1009, 978, 1028, 851, 833, 932, 994, 1068, 1063, 1075, 1063, 1118, 962, 1060, 1024, 1021, 1046, 488, 336, 319, 333, 580, 568, 589, 530, 573, 518, 576, 575, 551, 564, 560, 543, 559, 569, 383, 635, 580, 660, 601, 716, 688, 672, 414, 396, 530, 525, 727, 647, 429, 308, 304, 310, 408, 399, 417, 406, 592, 665, 419, 350, 683, 396, 397, 423, 742, 748, 765, 757, 403, 367, 371, 408, 798, 811, 1014, 810, 817, 780, 780, 464, 444, 954, 867, 908, 1224, 1227, 1248, 1233, 1251, 580, 504, 513, 495, 605, 485, 826, 390, 391, 396, 406, 406, 397, 436, 365, 459, 564, 365, 356, 397, 373, 401, 696, 735, 667, 709, 720, 698, 801, 815, 714, 848, 722, 765, 759, 460, 347, 346, 429, 416, 455, 487, 423, 479, 478, 483, 454, 436, 441, 449, 443, 439, 467, 514, 1090, 588, 637, 624, 547, 839, 1027, 1074, 981, 900, 944, 884, 867, 887, 917, 926, 913, 919, 909, 969, 926, 864, 867, 477, 762, 498, 640, 1361, 856, 1503, 1408, 1474, 1427, 1429, 1371, 1474, 1396, 506, 1379, 1450, 1118, 1162, 1128, 1132, 836, 772, 297, 295, 256, 272, 322, 209, 221, 215, 364, 356, 261, 222, 217, 220, 225, 211, 216, 223, 368, 547, 557, 565, 251, 210, 758, 771, 825, 761, 317, 340, 340, 339, 301, 307, 285, 342, 296, 935, 1106, 1056, 935, 1059, 937, 890, 899, 933, 905, 886, 890, 926, 947, 383, 420, 342, 423, 317, 765, 735, 756, 424, 731, 876, 854, 836, 831, 872, 847, 842, 337, 353, 351, 353, 764, 723, 930, 531, 551, 406, 407, 424, 420, 440, 434, 433, 1153, 1155, 754, 565, 743, 750, 877, 987, 900, 904, 1024, 1098, 977, 911, 1133, 943, 1125, 1355, 1145]
 -> Using user-defined PP_MSL: 240.000m
==================================== LDP TM ====================================
@ Centroid @     <lng=99°31′>    <lat=18°19′>
Offset Projection Plane = +0.0 m. <default hPP from average topo or pnts>
Designed Project Plane : hPP=+202.43 m. / MSL=+240.00 m. tied to k0 = 1.000032
Points CSF min/mean/max [ppm] : -235.9 / -24.0 / +48.7
Points MSL min/mean/max [m.]  : +107.0 / +456.1 / +1754.0
|      |       LDP_E |       LDP_N |
|:-----|------------:|------------:|
| min  | 182,655.008 | 623,283.425 |
| max  | 314,075.703 | 866,327.197 |
| diff | 131,420.695 | 243,043.772 |
{"meta": "LDP_Definition", "PROJ_String_Decimal": "+proj=tmerc +lat_0=0.0 +lon_0=99.51666667 +k_0=1.000032 +x_0=250000 +y_0=-1280000 +ellps=WGS84 +units=m +no_defs +type=crs", "PROJ_String_DMS": "+proj=tmerc +lat_0=0.0 +lon_0=99°31′ +k_0=1.000032 +x_0=250000 +y_0=-1280000 +ellps=WGS84 +units=m +no_defs +type=crs"}
Writing definition GPKG : OUTPUT_LDP/TH_LG/TH_LG_LDP.gpkg ...
 -> THINNING: Snapping points to 2 decimal grid for visualization...
 -> THINNING: Plot points reduced from 49021 to 10889.
Writing definition plot : OUTPUT_LDP/TH_LG/TH_LG_LDP.svg...
{"meta": "Coverage_Analysis", "Province": "TH.LG", "Total_Pts": 50028, "Valid_Pts": 23603, "Pt_Coverage(%)": 47.18, "Total_POP": 645122.9565, "Valid_POP": 505499.33509999997, "POP_Coverage(%)": 78.36, "CSF_Min_ppm": -20.0, "CSF_Mean_ppm": -2.7, "CSF_Max_ppm": 20.0}
--> [TH.LG] Step 5: 5_plot_PP_PctPopu.py
[TH.LG] POPU_PLOT found in TOML. Overriding MSL bounds: Upper=500.0, Lower=100.0, Step=20.0
[TH.LG] Starting ProcessPoolExecutor with 21 offsets to compute (Mean MSL: 456.06 m)...
[TH.LG] OFFSET_PP [-356.06] computed successfully.
[TH.LG] OFFSET_PP [-336.06] computed successfully.
[TH.LG] OFFSET_PP [-316.06] computed successfully.
[TH.LG] OFFSET_PP [-296.06] computed successfully.
[TH.LG] OFFSET_PP [-276.06] computed successfully.
[TH.LG] OFFSET_PP [-256.06] computed successfully.
[TH.LG] OFFSET_PP [-236.06] computed successfully.
[TH.LG] OFFSET_PP [-216.06] computed successfully.
[TH.LG] OFFSET_PP [-196.06] computed successfully.
[TH.LG] OFFSET_PP [-176.06] computed successfully.
[TH.LG] OFFSET_PP [-156.06] computed successfully.
[TH.LG] OFFSET_PP [-136.06] computed successfully.
[TH.LG] OFFSET_PP [-116.06] computed successfully.
[TH.LG] OFFSET_PP [-96.06] computed successfully.
[TH.LG] OFFSET_PP [-76.06] computed successfully.
[TH.LG] OFFSET_PP [-56.06] computed successfully.
[TH.LG] OFFSET_PP [-36.06] computed successfully.
[TH.LG] OFFSET_PP [-16.06] computed successfully.
[TH.LG] OFFSET_PP [3.94] computed successfully.
[TH.LG] OFFSET_PP [23.94] computed successfully.
[TH.LG] OFFSET_PP [43.94] computed successfully.

==================================== LDP Population Coverage Analysis: TH.LG ====================================
|   MSL_PP |   HAE_PP | Province   |   Total_Pts |   Valid_Pts |   Pt_Coverage(%) |   Total_POP |   Valid_POP |   POP_Coverage(%) |   CSF_Min_ppm |   CSF_Mean_ppm |   CSF_Max_ppm |
|---------:|---------:|:-----------|------------:|------------:|-----------------:|------------:|------------:|------------------:|--------------:|---------------:|--------------:|
|  +100.00 |   +62.43 | TH.LG      |       50028 |       10889 |            21.77 |     645,123 |     250,283 |             38.80 |         -20.0 |           -7.1 |         +19.8 |
|  +120.00 |   +82.43 | TH.LG      |       50028 |       13168 |            26.32 |     645,123 |     404,927 |             62.77 |         -20.0 |           -6.8 |         +20.0 |
|  +140.00 |  +102.43 | TH.LG      |       50028 |       15525 |            31.03 |     645,123 |     464,225 |             71.96 |         -20.0 |           -6.5 |         +20.0 |
|  +160.00 |  +122.43 | TH.LG      |       50028 |       17606 |            35.19 |     645,123 |     485,924 |             75.32 |         -20.0 |           -6.2 |         +20.0 |
|  +180.00 |  +142.43 | TH.LG      |       50028 |       19441 |            38.86 |     645,123 |     514,910 |             79.82 |         -20.0 |           -5.6 |         +20.0 |
|  +200.00 |  +162.43 | TH.LG      |       50028 |       21313 |            42.60 |     645,123 |     519,533 |             80.53 |         -20.0 |           -4.7 |         +20.0 |
|  +220.00 |  +182.43 | TH.LG      |       50028 |       22524 |            45.02 |     645,123 |     505,646 |             78.38 |         -20.0 |           -3.7 |         +20.0 |
|  +240.00 |  +202.43 | TH.LG      |       50028 |       23603 |            47.18 |     645,123 |     505,499 |             78.36 |         -20.0 |           -2.7 |         +20.0 |
|  +260.00 |  +222.43 | TH.LG      |       50028 |       24594 |            49.16 |     645,123 |     509,671 |             79.00 |         -20.0 |           -1.8 |         +20.0 |
|  +280.00 |  +242.43 | TH.LG      |       50028 |       25480 |            50.93 |     645,123 |     513,706 |             79.63 |         -20.0 |           -0.7 |         +20.0 |
|  +300.00 |  +262.43 | TH.LG      |       50028 |       26083 |            52.14 |     645,123 |     501,334 |             77.71 |         -20.0 |           +0.4 |         +20.0 |
|  +320.00 |  +282.43 | TH.LG      |       50028 |       26002 |            51.97 |     645,123 |     478,047 |             74.10 |         -20.0 |           +1.3 |         +20.0 |
|  +340.00 |  +302.43 | TH.LG      |       50028 |       25502 |            50.98 |     645,123 |     429,572 |             66.59 |         -20.0 |           +2.2 |         +20.0 |
|  +360.00 |  +322.43 | TH.LG      |       50028 |       24524 |            49.02 |     645,123 |     328,770 |             50.96 |         -20.0 |           +2.8 |         +20.0 |
|  +380.00 |  +342.43 | TH.LG      |       50028 |       23037 |            46.05 |     645,123 |     202,301 |             31.36 |         -20.0 |           +3.1 |         +20.0 |
|  +400.00 |  +362.43 | TH.LG      |       50028 |       21327 |            42.63 |     645,123 |     157,017 |             24.34 |         -20.0 |           +3.3 |         +20.0 |
|  +420.00 |  +382.43 | TH.LG      |       50028 |       19715 |            39.41 |     645,123 |     130,530 |             20.23 |         -20.0 |           +3.4 |         +20.0 |
|  +440.00 |  +402.43 | TH.LG      |       50028 |       18234 |            36.45 |     645,123 |     101,145 |             15.68 |         -20.0 |           +3.5 |         +20.0 |
|  +460.00 |  +422.43 | TH.LG      |       50028 |       16932 |            33.85 |     645,123 |      85,553 |             13.26 |         -20.0 |           +3.6 |         +20.0 |
|  +480.00 |  +442.43 | TH.LG      |       50028 |       15301 |            30.58 |     645,123 |      68,126 |             10.56 |         -20.0 |           +3.9 |         +20.0 |
|  +500.00 |  +462.43 | TH.LG      |       50028 |       14221 |            28.43 |     645,123 |      52,301 |              8.11 |         -20.0 |           +4.0 |         +20.0 |
==========================================================================================================================

 -> Plot saved successfully to: OUTPUT_LDP/TH_LG/TH_LG_Plot_PP_Popu.svg

--> [TH.LG] Step 6: 6_LDP_OnePage.py
Processing province: TH_LG
[+] TH_LG: One-Page Report generated successfully.
======================================================================
Completed province: TH.LG
Finished: 2026-08-08T11:05:46+07:00
======================================================================
