======================================================================
Processing province: TH.CM_S
Started: 2026-08-08T10:21:17+07:00
======================================================================
--> [TH.CM_S] Step 1: 1_fabdem_province.py
[1/5] Read GADM and select HASC_1=TH.CM_S
[2/5] Save province and clip FABDEM
[3/5] Generate contours every 100 m with GDAL 3.10.3
[4/5] Calculate statistics and write PDF
[5/5] Write DataFrame summaries

Completed successfully.
 HASC_1           NAME_1  contours                                                                                        PDF
TH.CM_S Chiang Mai South      5919 /mnt/nvme1/Project/2026-EIT_LDP_Province/OUTPUT_FABDEM/TH_CM_S/TH_CM_S_fabdem_contours.pdf
--> [TH.CM_S] Step 2: 2_popu2025_grid.py
[1/4] Select GADM province HASC_1=TH.CM_S
[2/4] Save boundary and cut population grid
[3/4] Calculate population-grid statistics
[4/4] Write population-grid PDF and summaries

Completed successfully.
 HASC_1           NAME_1  population_sum                                                                                             grid
TH.CM_S Chiang Mai South   281679.391265 /mnt/nvme1/Project/2026-EIT_LDP_Province/OUTPUT_POP2025/TH_CM_S/TH_CM_S_population_2025_100m.tif
--> [TH.CM_S] Step 3: 3_generate_sample.py
[1/4] Select GADM province HASC_1=TH.CM_S
 -> [READ] Loading Vector Dataset: OUTPUT_PROV/gadm41_THA.gpkg (Layer: 'ADM_ADM_1')
[2/4] Generate 500.0m grid points
 -> Auto-detected EPSG:32647 for province.
 -> Generated 77,700 bounding box points.
 -> Clipping points to province boundary...
 -> Computing 8-digit Geohashes...
[3/4] Extracting Raster Values (FABDEM MSL & POP2025)...
 -> [READ] Opening Raster File: OUTPUT_FABDEM/TH_CM_S/TH_CM_S_fabdem.tif
 -> [READ] Opening Raster File for Area Sum: OUTPUT_POP2025/TH_CM_S/TH_CM_S_population_2025_100m.tif
 -> Converting geometries to Lng/Lat (EPSG:4326)...
[4/4] Save GeoPackage Data...
 -> [WRITE] Saving Vector File: /mnt/nvme1/Project/2026-EIT_LDP_Province/OUTPUT_SAMPL/TH_CM_S/TH_CM_S_SAMPL.gpkg (Layer: 'samples')

[5/5] Comparing POP2025 with DOPA Registration Population...

Completed successfully.
 HASC_1  Grid (m)       CRS  Samples             Output POP2025  DOPA_Pop       Diff
TH.CM_S     500.0 EPSG:4326    38456 TH_CM_S_SAMPL.gpkg 272,245 1,798,588 -1,526,343
--> [TH.CM_S] Step 4: 4_analyse_ldp.py
LDP                                                [TM, 98:25]
FALSE_EN                                     [50000, -1600000]
PP_MSL                                                     300
POPU_PLOT                                       [900, 200, 20]
GPKG         [OUTPUT_SAMPL/TH_CM_S/TH_CM_S_SAMPL.gpkg, samp...
OFFSET_PP         [0.0, default hPP from average topo or pnts]
dtype: object
 -> OUTLIER FILTER: Dropped 780 points.
 -> Dropped MSL values: [-9999, -9999, -9999, -9999, -9999, -9999, -9999, -9999, -9999, -9999, -9999, 389, 1223, 1309, 1228, 797, 807, 1267, 1304, 801, 737, 725, 794, 1212, 1202, 1259, 1261, 1201, 1213, 1461, 1018, 1026, 1034, 1059, 1707, 1874, 1695, 1723, 1783, 1792, 1708, 1574, 1443, 1446, 1169, 1182, 1223, 1445, 1446, 1285, 1252, 1213, 1203, 1186, 1201, 1044, 993, 447, 1143, 1151, 1125, 1021, 1615, 1603, 1614, 1161, 949, 1073, 1095, 1104, 1629, 1499, 1506, 1522, 1092, 1196, 1105, 841, 832, 876, 898, 855, 1766, 1699, 947, 946, 661, 668, 949, 984, 987, 1040, 1121, 1002, 1011, 998, 1126, 1058, 1070, 1012, 911, 888, 953, 943, 923, 1124, 1143, 756, 1308, 1232, 1281, 1223, 1701, 909, 805, 885, 903, 1247, 975, 975, 1219, 973, 916, 821, 392, 774, 1246, 1293, 1257, 1281, 1276, 1273, 906, 851, 1088, 1113, 1289, 1350, 1324, 770, 758, 1290, 811, 830, 837, 973, 1397, 1386, 1351, 1343, 808, 248, 1533, 241, 1426, 1647, 1638, 1677, 1681, 1684, 987, 639, 1365, 1478, 1681, 1692, 1461, 1142, 1157, 1120, 960, 1130, 1183, 1630, 1511, 1605, 1451, 1601, 1572, 1465, 1454, 1684, 1427, 1417, 1477, 1249, 270, 299, 1418, 1461, 1583, 1545, 1565, 1538, 1550, 1543, 680, 667, 663, 979, 751, 748, 950, 949, 1011, 994, 529, 1197, 1307, 1308, 807, 821, 462, 581, 901, 484, 449, 477, 538, 524, 540, 542, 708, 1458, 1424, 839, 751, 667, 814, 643, 617, 697, 454, 508, 504, 451, 407, 392, 389, 380, 376, 377, 725, 1394, 627, 258, 252, 256, 1018, 1016, 996, 432, 841, 998, 452, 416, 425, 437, 398, 411, 393, 361, 1041, 1099, 980, 1144, 906, 415, 387, 1126, 1229, 1235, 1331, 1334, 1416, 1402, 1390, 1362, 1329, 1148, 1112, 1116, 1387, 1053, 1036, 1017, 1029, 1124, 1147, 1133, 1128, 1015, 1023, 1096, 280, 282, 335, 333, 280, 302, 293, 313, 287, 353, 394, 786, 790, 727, 277, 305, 272, 299, 311, 317, 1028, 851, 874, 923, 969, 889, 433, 457, 919, 764, 801, 836, 1398, 803, 1084, 843, 1463, 1209, 1211, 1403, 1405, 1075, 853, 343, 1150, 1094, 767, 367, 890, 709, 816, 1496, 1526, 1490, 1464, 1508, 1517, 1473, 1457, 1773, 1733, 1639, 1903, 1702, 279, 1579, 1585, 1609, 1582, 1635, 1580, 1662, 1617, 1579, 1669, 609, 657, 661, 681, 1067, 740, 868, 838, 819, 490, 496, 463, 796, 922, 879, 977, 876, 883, 898, 951, 508, 1703, 1769, 1638, 1759, 1526, 1821, 1647, 1627, 1703, 1509, 1700, 1645, 1614, 964, 1173, 1645, 1572, 2508, 2533, 2502, 2528, 2548, 2543, 2506, 1657, 1587, 1579, 1584, 1705, 916, 937, 821, 780, 712, 859, 1406, 1143, 1145, 579, 606, 969, 868, 857, 849, 862, 850, 868, 881, 797, 851, 1380, 1140, 1294, 1297, 1136, 1141, 1141, 758, 768, 780, 748, 1017, 1023, 971, 652, 701, 623, 1086, 1076, 1065, 1113, 1089, 1097, 1128, 1062, 824, 1513, 1484, 1513, 1462, 1475, 1497, 1448, 1583, 1519, 1313, 1355, 1285, 1304, 1012, 1136, 430, 1641, 1150, 760, 908, 733, 873, 927, 905, 1040, 1499, 766, 753, 767, 795, 1363, 1432, 1366, 1389, 1478, 1371, 1272, 1213, 1201, 1218, 1207, 1175, 1278, 667, 690, 663, 931, 1420, 1546, 1406, 1414, 1510, 1437, 1652, 1624, 1606, 1624, 1573, 1415, 1468, 1564, 1618, 1598, 1574, 1663, 1592, 1699, 1069, 1629, 1650, 1639, 1683, 1635, 1714, 1637, 1681, 1600, 1419, 276, 272, 287, 281, 342, 362, 548, 1020, 1106, 1069, 1026, 1115, 1119, 1063, 1221, 1312, 1231, 1235, 344, 314, 310, 309, 277, 277, 338, 358, 387, 452, 344, 295, 293, 345, 301, 399, 309, 351, 339, 332, 299, 304, 335, 329, 315, 1305, 1107, 271, 272, 278, 279, 268, 277, 390, 417, 404, 393, 553, 313, 312, 305, 318, 311, 935, 329, 344, 330, 342, 340, 332, 355, 327, 359, 554, 349, 661, 756, 681, 714, 716, 739, 763, 1555, 1573, 1595, 1459, 1458, 1412, 1201, 1462, 1244, 1456, 1531, 1194, 1225, 1265, 1313, 1364, 1433, 1382, 1362, 1367, 1375, 1396, 1391, 1612, 1421, 1456, 1404, 1397, 1400, 1400, 1481, 1451, 1534, 1455, 1428, 1457, 1530, 1563, 1597, 1534, 1351, 1318, 1128, 1129, 1217, 1152, 1143, 1410, 1385, 1351, 1150, 1055, 1458, 1137, 769, 1473, 889, 903, 1472, 1474, 1458, 1430, 1475, 1423, 1092, 1374, 1469, 1361, 1360, 1252, 1416, 1064, 964, 967, 1264, 1084, 1290, 1284, 1392, 1493, 1495, 1397, 1378, 1402, 802, 827, 631, 629, 651, 1175, 798, 847, 861, 854, 861, 1202, 1098, 1118, 1558, 949, 917, 886, 919, 1015, 1504, 1423, 1499, 1563, 1674, 1561, 1514, 1560, 1513, 1567, 1578, 930, 1887, 1407, 965, 1186, 1132, 1188, 1247, 1184, 1241, 1172, 1171, 1210, 1211, 1120, 1196, 1147, 1201, 1891, 1025, 967, 972, 1376, 1098, 1373, 1416, 1413, 1457, 1422, 1423, 1415, 1484, 1248, 1229, 1409, 1317, 1170, 1184, 1317, 1230, 1215]
 -> Using user-defined PP_MSL: 300.000m
==================================== LDP TM ====================================
@ Centroid @     <lng=98°25′>    <lat=18°11′>
Offset Projection Plane = +0.0 m. <default hPP from average topo or pnts>
Designed Project Plane : hPP=+261.29 m. / MSL=+300.00 m. tied to k0 = 1.000041
Points CSF min/mean/max [ppm] : -343.9 / -87.1 / +20.1
Points MSL min/mean/max [m.]  : +234.0 / +880.6 / +2491.0
|      |      LDP_E |       LDP_N |
|:-----|-----------:|------------:|
| min  |  7,267.980 | 310,785.180 |
| max  | 97,825.436 | 518,777.904 |
| diff | 90,557.456 | 207,992.724 |
{"meta": "LDP_Definition", "PROJ_String_Decimal": "+proj=tmerc +lat_0=0.0 +lon_0=98.41666667 +k_0=1.000041 +x_0=50000 +y_0=-1600000 +ellps=WGS84 +units=m +no_defs +type=crs", "PROJ_String_DMS": "+proj=tmerc +lat_0=0.0 +lon_0=98°25′ +k_0=1.000041 +x_0=50000 +y_0=-1600000 +ellps=WGS84 +units=m +no_defs +type=crs"}
Writing definition GPKG : OUTPUT_LDP/TH_CM_S/TH_CM_S_LDP.gpkg ...
 -> THINNING: Snapping points to 2 decimal grid for visualization...
 -> THINNING: Plot points reduced from 37676 to 8391.
Writing definition plot : OUTPUT_LDP/TH_CM_S/TH_CM_S_LDP.svg...
{"meta": "Coverage_Analysis", "Province": "TH.CM_S", "Total_Pts": 38456, "Valid_Pts": 5292, "Pt_Coverage(%)": 13.76, "Total_POP": 272244.625, "Valid_POP": 109028.008, "POP_Coverage(%)": 40.05, "CSF_Min_ppm": -20.0, "CSF_Mean_ppm": 3.6, "CSF_Max_ppm": 19.8}
--> [TH.CM_S] Step 5: 5_plot_PP_PctPopu.py
[TH.CM_S] POPU_PLOT found in TOML. Overriding MSL bounds: Upper=900.0, Lower=200.0, Step=20.0
[TH.CM_S] Starting ProcessPoolExecutor with 36 offsets to compute (Mean MSL: 880.61 m)...
[TH.CM_S] OFFSET_PP [-680.61] computed successfully.
[TH.CM_S] OFFSET_PP [-660.61] computed successfully.
[TH.CM_S] OFFSET_PP [-640.61] computed successfully.
[TH.CM_S] OFFSET_PP [-620.61] computed successfully.
[TH.CM_S] OFFSET_PP [-600.61] computed successfully.
[TH.CM_S] OFFSET_PP [-580.61] computed successfully.
[TH.CM_S] OFFSET_PP [-560.61] computed successfully.
[TH.CM_S] OFFSET_PP [-540.61] computed successfully.
[TH.CM_S] OFFSET_PP [-520.61] computed successfully.
[TH.CM_S] OFFSET_PP [-500.61] computed successfully.
[TH.CM_S] OFFSET_PP [-480.61] computed successfully.
[TH.CM_S] OFFSET_PP [-460.61] computed successfully.
[TH.CM_S] OFFSET_PP [-440.61] computed successfully.
[TH.CM_S] OFFSET_PP [-420.61] computed successfully.
[TH.CM_S] OFFSET_PP [-400.61] computed successfully.
[TH.CM_S] OFFSET_PP [-380.61] computed successfully.
[TH.CM_S] OFFSET_PP [-360.61] computed successfully.
[TH.CM_S] OFFSET_PP [-340.61] computed successfully.
[TH.CM_S] OFFSET_PP [-320.61] computed successfully.
[TH.CM_S] OFFSET_PP [-300.61] computed successfully.
[TH.CM_S] OFFSET_PP [-280.61] computed successfully.
[TH.CM_S] OFFSET_PP [-260.61] computed successfully.
[TH.CM_S] OFFSET_PP [-240.61] computed successfully.
[TH.CM_S] OFFSET_PP [-220.61] computed successfully.
[TH.CM_S] OFFSET_PP [-200.61] computed successfully.
[TH.CM_S] OFFSET_PP [-180.61] computed successfully.
[TH.CM_S] OFFSET_PP [-160.61] computed successfully.
[TH.CM_S] OFFSET_PP [-140.61] computed successfully.
[TH.CM_S] OFFSET_PP [-120.61] computed successfully.
[TH.CM_S] OFFSET_PP [-100.61] computed successfully.
[TH.CM_S] OFFSET_PP [-80.61] computed successfully.
[TH.CM_S] OFFSET_PP [-60.61] computed successfully.
[TH.CM_S] OFFSET_PP [-40.61] computed successfully.
[TH.CM_S] OFFSET_PP [-20.61] computed successfully.
[TH.CM_S] OFFSET_PP [-0.61] computed successfully.
[TH.CM_S] OFFSET_PP [19.39] computed successfully.

==================================== LDP Population Coverage Analysis: TH.CM_S ====================================
|   MSL_PP |   HAE_PP | Province   |   Total_Pts |   Valid_Pts |   Pt_Coverage(%) |   Total_POP |   Valid_POP |   POP_Coverage(%) |   CSF_Min_ppm |   CSF_Mean_ppm |   CSF_Max_ppm |
|---------:|---------:|:-----------|------------:|------------:|-----------------:|------------:|------------:|------------------:|--------------:|---------------:|--------------:|
|  +200.00 |  +161.29 | TH.CM_S    |       38456 |        3991 |            10.38 |     272,245 |     103,993 |             38.20 |         -20.0 |           -7.3 |          +4.1 |
|  +220.00 |  +181.29 | TH.CM_S    |       38456 |        4309 |            11.21 |     272,245 |     104,756 |             38.48 |         -20.0 |           -4.3 |          +8.1 |
|  +240.00 |  +201.29 | TH.CM_S    |       38456 |        4532 |            11.78 |     272,245 |     105,498 |             38.75 |         -20.0 |           -2.2 |         +11.1 |
|  +260.00 |  +221.29 | TH.CM_S    |       38456 |        4773 |            12.41 |     272,245 |     106,099 |             38.97 |         -19.9 |           -0.2 |         +14.1 |
|  +280.00 |  +241.29 | TH.CM_S    |       38456 |        5022 |            13.06 |     272,245 |     106,429 |             39.09 |         -20.0 |           +1.8 |         +17.1 |
|  +300.00 |  +261.29 | TH.CM_S    |       38456 |        5292 |            13.76 |     272,245 |     109,028 |             40.05 |         -20.0 |           +3.6 |         +19.8 |
|  +320.00 |  +281.29 | TH.CM_S    |       38456 |        5455 |            14.19 |     272,245 |     109,297 |             40.15 |         -20.0 |           +5.0 |         +20.0 |
|  +340.00 |  +301.29 | TH.CM_S    |       38456 |        5224 |            13.58 |     272,245 |      97,829 |             35.93 |         -20.0 |           +5.0 |         +20.0 |
|  +360.00 |  +321.29 | TH.CM_S    |       38456 |        4496 |            11.69 |     272,245 |      62,629 |             23.00 |         -20.0 |           +2.8 |         +20.0 |
|  +380.00 |  +341.29 | TH.CM_S    |       38456 |        4051 |            10.53 |     272,245 |      41,719 |             15.32 |         -20.0 |           +0.4 |         +20.0 |
|  +400.00 |  +361.29 | TH.CM_S    |       38456 |        3891 |            10.12 |     272,245 |      37,212 |             13.67 |         -20.0 |           -1.1 |         +20.0 |
|  +420.00 |  +381.29 | TH.CM_S    |       38456 |        3915 |            10.18 |     272,245 |      37,982 |             13.95 |         -20.0 |           -1.9 |         +20.0 |
|  +440.00 |  +401.29 | TH.CM_S    |       38456 |        4034 |            10.49 |     272,245 |      37,644 |             13.83 |         -20.0 |           -2.2 |         +20.0 |
|  +460.00 |  +421.29 | TH.CM_S    |       38456 |        4240 |            11.03 |     272,245 |      38,189 |             14.03 |         -20.0 |           -2.4 |         +20.0 |
|  +480.00 |  +441.29 | TH.CM_S    |       38456 |        4430 |            11.52 |     272,245 |      39,854 |             14.64 |         -20.0 |           -2.5 |         +20.0 |
|  +500.00 |  +461.29 | TH.CM_S    |       38456 |        4746 |            12.34 |     272,245 |      40,700 |             14.95 |         -20.0 |           -2.3 |         +20.0 |
|  +520.00 |  +481.29 | TH.CM_S    |       38456 |        4940 |            12.85 |     272,245 |      41,205 |             15.14 |         -20.0 |           -2.1 |         +20.0 |
|  +540.00 |  +501.29 | TH.CM_S    |       38456 |        5242 |            13.63 |     272,245 |      42,423 |             15.58 |         -20.0 |           -2.0 |         +20.0 |
|  +560.00 |  +521.29 | TH.CM_S    |       38456 |        5476 |            14.24 |     272,245 |      38,892 |             14.29 |         -20.0 |           -1.9 |         +20.0 |
|  +580.00 |  +541.29 | TH.CM_S    |       38456 |        5744 |            14.94 |     272,245 |      38,301 |             14.07 |         -20.0 |           -1.8 |         +20.0 |
|  +600.00 |  +561.29 | TH.CM_S    |       38456 |        6030 |            15.68 |     272,245 |      31,939 |             11.73 |         -20.0 |           -2.0 |         +20.0 |
|  +620.00 |  +581.29 | TH.CM_S    |       38456 |        6318 |            16.43 |     272,245 |      26,007 |              9.55 |         -20.0 |           -2.1 |         +20.0 |
|  +640.00 |  +601.29 | TH.CM_S    |       38456 |        6652 |            17.30 |     272,245 |      23,955 |              8.80 |         -20.0 |           -1.9 |         +20.0 |
|  +660.00 |  +621.29 | TH.CM_S    |       38456 |        6945 |            18.06 |     272,245 |      23,008 |              8.45 |         -20.0 |           -1.9 |         +20.0 |
|  +680.00 |  +641.29 | TH.CM_S    |       38456 |        7322 |            19.04 |     272,245 |      25,248 |              9.27 |         -20.0 |           -2.2 |         +20.0 |
|  +700.00 |  +661.29 | TH.CM_S    |       38456 |        7717 |            20.07 |     272,245 |      28,023 |             10.29 |         -20.0 |           -2.2 |         +20.0 |
|  +720.00 |  +681.29 | TH.CM_S    |       38456 |        8115 |            21.10 |     272,245 |      31,148 |             11.44 |         -20.0 |           -2.3 |         +20.0 |
|  +740.00 |  +701.29 | TH.CM_S    |       38456 |        8548 |            22.23 |     272,245 |      32,510 |             11.94 |         -20.0 |           -2.4 |         +20.0 |
|  +760.00 |  +721.29 | TH.CM_S    |       38456 |        8960 |            23.30 |     272,245 |      34,265 |             12.59 |         -20.0 |           -2.3 |         +20.0 |
|  +780.00 |  +741.29 | TH.CM_S    |       38456 |        9599 |            24.96 |     272,245 |      36,997 |             13.59 |         -20.0 |           -2.2 |         +20.0 |
|  +800.00 |  +761.29 | TH.CM_S    |       38456 |       10043 |            26.12 |     272,245 |      39,806 |             14.62 |         -20.0 |           -2.2 |         +20.0 |
|  +820.00 |  +781.29 | TH.CM_S    |       38456 |       10450 |            27.17 |     272,245 |      43,312 |             15.91 |         -20.0 |           -1.9 |         +20.0 |
|  +840.00 |  +801.29 | TH.CM_S    |       38456 |       10900 |            28.34 |     272,245 |      46,288 |             17.00 |         -20.0 |           -1.9 |         +20.0 |
|  +860.00 |  +821.29 | TH.CM_S    |       38456 |       11325 |            29.45 |     272,245 |      50,413 |             18.52 |         -20.0 |           -1.8 |         +20.0 |
|  +880.00 |  +841.29 | TH.CM_S    |       38456 |       11736 |            30.52 |     272,245 |      55,233 |             20.29 |         -20.0 |           -1.7 |         +20.0 |
|  +900.00 |  +861.29 | TH.CM_S    |       38456 |       12188 |            31.69 |     272,245 |      60,868 |             22.36 |         -20.0 |           -1.4 |         +20.0 |
==========================================================================================================================

 -> Plot saved successfully to: OUTPUT_LDP/TH_CM_S/TH_CM_S_Plot_PP_Popu.svg

--> [TH.CM_S] Step 6: 6_LDP_OnePage.py
Processing province: TH_CM_S
[+] TH_CM_S: One-Page Report generated successfully.
======================================================================
Completed province: TH.CM_S
Finished: 2026-08-08T10:50:15+07:00
======================================================================
